Archive member included to satisfy reference by file (symbol)

c:/program files/microchip/xc8/v2.36/avr/bin/../lib/gcc/avr/5.4.0/../../../../avr/lib/avr5/memx-const\libm.a(addsf3.o)
                              HAL/HLCD/HLCD_PROGRAM.o (__subsf3)
c:/program files/microchip/xc8/v2.36/avr/bin/../lib/gcc/avr/5.4.0/../../../../avr/lib/avr5/memx-const\libm.a(addsf3x.o)
                              c:/program files/microchip/xc8/v2.36/avr/bin/../lib/gcc/avr/5.4.0/../../../../avr/lib/avr5/memx-const\libm.a(addsf3.o) (__addsf3x)
c:/program files/microchip/xc8/v2.36/avr/bin/../lib/gcc/avr/5.4.0/../../../../avr/lib/avr5/memx-const\libm.a(fixunssfsi.o)
                              HAL/HLCD/HLCD_PROGRAM.o (__fixunssfsi)
c:/program files/microchip/xc8/v2.36/avr/bin/../lib/gcc/avr/5.4.0/../../../../avr/lib/avr5/memx-const\libm.a(floatsisf.o)
                              HAL/HLCD/HLCD_PROGRAM.o (__floatunsisf)
c:/program files/microchip/xc8/v2.36/avr/bin/../lib/gcc/avr/5.4.0/../../../../avr/lib/avr5/memx-const\libm.a(fp_inf.o)
                              c:/program files/microchip/xc8/v2.36/avr/bin/../lib/gcc/avr/5.4.0/../../../../avr/lib/avr5/memx-const\libm.a(addsf3x.o) (__fp_inf)
c:/program files/microchip/xc8/v2.36/avr/bin/../lib/gcc/avr/5.4.0/../../../../avr/lib/avr5/memx-const\libm.a(fp_nan.o)
                              c:/program files/microchip/xc8/v2.36/avr/bin/../lib/gcc/avr/5.4.0/../../../../avr/lib/avr5/memx-const\libm.a(addsf3x.o) (__fp_nan)
c:/program files/microchip/xc8/v2.36/avr/bin/../lib/gcc/avr/5.4.0/../../../../avr/lib/avr5/memx-const\libm.a(fp_pscA.o)
                              c:/program files/microchip/xc8/v2.36/avr/bin/../lib/gcc/avr/5.4.0/../../../../avr/lib/avr5/memx-const\libm.a(addsf3x.o) (__fp_pscA)
c:/program files/microchip/xc8/v2.36/avr/bin/../lib/gcc/avr/5.4.0/../../../../avr/lib/avr5/memx-const\libm.a(fp_pscB.o)
                              c:/program files/microchip/xc8/v2.36/avr/bin/../lib/gcc/avr/5.4.0/../../../../avr/lib/avr5/memx-const\libm.a(addsf3x.o) (__fp_pscB)
c:/program files/microchip/xc8/v2.36/avr/bin/../lib/gcc/avr/5.4.0/../../../../avr/lib/avr5/memx-const\libm.a(fp_round.o)
                              c:/program files/microchip/xc8/v2.36/avr/bin/../lib/gcc/avr/5.4.0/../../../../avr/lib/avr5/memx-const\libm.a(addsf3.o) (__fp_round)
c:/program files/microchip/xc8/v2.36/avr/bin/../lib/gcc/avr/5.4.0/../../../../avr/lib/avr5/memx-const\libm.a(fp_split3.o)
                              c:/program files/microchip/xc8/v2.36/avr/bin/../lib/gcc/avr/5.4.0/../../../../avr/lib/avr5/memx-const\libm.a(addsf3x.o) (__fp_split3)
c:/program files/microchip/xc8/v2.36/avr/bin/../lib/gcc/avr/5.4.0/../../../../avr/lib/avr5/memx-const\libm.a(fp_zero.o)
                              c:/program files/microchip/xc8/v2.36/avr/bin/../lib/gcc/avr/5.4.0/../../../../avr/lib/avr5/memx-const\libm.a(addsf3x.o) (__fp_zero)
c:/program files/microchip/xc8/v2.36/avr/bin/../lib/gcc/avr/5.4.0/../../../../avr/lib/avr5/memx-const\libm.a(mulsf3.o)
                              HAL/HLCD/HLCD_PROGRAM.o (__mulsf3)
c:/program files/microchip/xc8/v2.36/avr/bin/../lib/gcc/avr/5.4.0/../../../../avr/lib/avr5/memx-const\libm.a(mulsf3x.o)
                              c:/program files/microchip/xc8/v2.36/avr/bin/../lib/gcc/avr/5.4.0/../../../../avr/lib/avr5/memx-const\libm.a(mulsf3.o) (__mulsf3x)
c:/program files/microchip/xc8/v2.36/avr/bin/../lib/gcc/avr/5.4.0/avr5/memx-const\libgcc.a(_udivmodsi4.o)
                              HAL/HLCD/HLCD_PROGRAM.o (__udivmodsi4)
c:/program files/microchip/xc8/v2.36/avr/bin/../lib/gcc/avr/5.4.0/avr5/memx-const\libgcc.a(_tablejump2.o)
                              MCAL/MADC/MADC_PROGRAM.o (__tablejump2__)
c:/program files/microchip/xc8/v2.36/avr/bin/../lib/gcc/avr/5.4.0/avr5/memx-const\libgcc.a(_copy_data.o)
                              HAL/H7SEG/H7SEG_CONFIG.o (__do_copy_data)
c:/program files/microchip/xc8/v2.36/avr/bin/../lib/gcc/avr/5.4.0/../../../../avr/lib/avr5/memx-const\libc.a(exit.o)
                              C:/Program Files (x86)/Atmel/Studio/7.0/Packs/atmel/ATmega_DFP/1.7.374/xc8/avr/lib/avr5/memx-const/crtatmega32.o (exit)
c:/program files/microchip/xc8/v2.36/avr/bin/../lib/gcc/avr/5.4.0/../../../../avr/lib/avr5/memx-const\libc.a(_Exit.o)
                              c:/program files/microchip/xc8/v2.36/avr/bin/../lib/gcc/avr/5.4.0/../../../../avr/lib/avr5/memx-const\libc.a(exit.o) (_Exit)
c:/program files/microchip/xc8/v2.36/avr/bin/../lib/gcc/avr/5.4.0/avr5/memx-const\libgcc.a(_exit.o)
                              c:/program files/microchip/xc8/v2.36/avr/bin/../lib/gcc/avr/5.4.0/../../../../avr/lib/avr5/memx-const\libc.a(_Exit.o) (_exit)

Discarded input sections

 .data          0x0000000000000000        0x0 C:/Program Files (x86)/Atmel/Studio/7.0/Packs/atmel/ATmega_DFP/1.7.374/xc8/avr/lib/avr5/memx-const/crtatmega32.o
 .bss           0x0000000000000000        0x0 C:/Program Files (x86)/Atmel/Studio/7.0/Packs/atmel/ATmega_DFP/1.7.374/xc8/avr/lib/avr5/memx-const/crtatmega32.o
 .text          0x0000000000000000        0x0 HAL/H7SEG/H7SEG_CONFIG.o
 .data          0x0000000000000000        0x0 HAL/H7SEG/H7SEG_CONFIG.o
 .bss           0x0000000000000000        0x0 HAL/H7SEG/H7SEG_CONFIG.o
 .data.H7SEGarrayof7seg_H7SEG
                0x0000000000000000       0x32 HAL/H7SEG/H7SEG_CONFIG.o
 .debug_info    0x0000000000000000      0x4dd HAL/H7SEG/H7SEG_CONFIG.o
 .debug_abbrev  0x0000000000000000       0x8e HAL/H7SEG/H7SEG_CONFIG.o
 .debug_aranges
                0x0000000000000000       0x18 HAL/H7SEG/H7SEG_CONFIG.o
 .debug_line    0x0000000000000000       0x7f HAL/H7SEG/H7SEG_CONFIG.o
 .debug_str     0x0000000000000000        0x9 HAL/H7SEG/H7SEG_CONFIG.o
 .comment       0x0000000000000000       0x30 HAL/H7SEG/H7SEG_CONFIG.o
 .text          0x0000000000000000        0x0 HAL/H7SEG/H7SEG_PROGRAM.o
 .data          0x0000000000000000        0x0 HAL/H7SEG/H7SEG_PROGRAM.o
 .bss           0x0000000000000000        0x0 HAL/H7SEG/H7SEG_PROGRAM.o
 .text.voidinit7seg_H7SEG
                0x0000000000000000       0x5c HAL/H7SEG/H7SEG_PROGRAM.o
 .text.void7seg_enable_one_H7SEG
                0x0000000000000000       0x10 HAL/H7SEG/H7SEG_PROGRAM.o
 .text.void7seg_disable_one_H7SEG
                0x0000000000000000       0x10 HAL/H7SEG/H7SEG_PROGRAM.o
 .text.void7seg_sendnumber_H7SEG
                0x0000000000000000       0x52 HAL/H7SEG/H7SEG_PROGRAM.o
 .debug_info    0x0000000000000000      0x821 HAL/H7SEG/H7SEG_PROGRAM.o
 .debug_abbrev  0x0000000000000000      0x163 HAL/H7SEG/H7SEG_PROGRAM.o
 .debug_loc     0x0000000000000000      0x14a HAL/H7SEG/H7SEG_PROGRAM.o
 .debug_aranges
                0x0000000000000000       0x38 HAL/H7SEG/H7SEG_PROGRAM.o
 .debug_ranges  0x0000000000000000       0x28 HAL/H7SEG/H7SEG_PROGRAM.o
 .debug_line    0x0000000000000000      0x1c3 HAL/H7SEG/H7SEG_PROGRAM.o
 .debug_str     0x0000000000000000       0x40 HAL/H7SEG/H7SEG_PROGRAM.o
 .comment       0x0000000000000000       0x30 HAL/H7SEG/H7SEG_PROGRAM.o
 .debug_frame   0x0000000000000000       0x70 HAL/H7SEG/H7SEG_PROGRAM.o
 .text          0x0000000000000000        0x0 HAL/HKEYPAD/HKEYPAD_CONFIG.o
 .data          0x0000000000000000        0x0 HAL/HKEYPAD/HKEYPAD_CONFIG.o
 .bss           0x0000000000000000        0x0 HAL/HKEYPAD/HKEYPAD_CONFIG.o
 .text          0x0000000000000000        0x0 HAL/HKEYPAD/HKEYPAD_PROGRAM.o
 .data          0x0000000000000000        0x0 HAL/HKEYPAD/HKEYPAD_PROGRAM.o
 .bss           0x0000000000000000        0x0 HAL/HKEYPAD/HKEYPAD_PROGRAM.o
 .text          0x0000000000000000        0x0 HAL/HLCD/HLCD_CONFIG.o
 .data          0x0000000000000000        0x0 HAL/HLCD/HLCD_CONFIG.o
 .bss           0x0000000000000000        0x0 HAL/HLCD/HLCD_CONFIG.o
 .text          0x0000000000000000        0x0 HAL/HLCD/HLCD_PROGRAM.o
 .data          0x0000000000000000        0x0 HAL/HLCD/HLCD_PROGRAM.o
 .bss           0x0000000000000000        0x0 HAL/HLCD/HLCD_PROGRAM.o
 .text.voidLCDintegartostring_HLCD
                0x0000000000000000      0x178 HAL/HLCD/HLCD_PROGRAM.o
 .text.voidlcdfloat_number_HLCD
                0x0000000000000000      0x2b4 HAL/HLCD/HLCD_PROGRAM.o
 .text          0x0000000000000000        0x0 HAL/HLED/HLED_CONFIG.o
 .data          0x0000000000000000        0x0 HAL/HLED/HLED_CONFIG.o
 .bss           0x0000000000000000        0x0 HAL/HLED/HLED_CONFIG.o
 .data.HLED_arrayofleds
                0x0000000000000000        0xf HAL/HLED/HLED_CONFIG.o
 .debug_info    0x0000000000000000      0x49e HAL/HLED/HLED_CONFIG.o
 .debug_abbrev  0x0000000000000000       0x8e HAL/HLED/HLED_CONFIG.o
 .debug_aranges
                0x0000000000000000       0x18 HAL/HLED/HLED_CONFIG.o
 .debug_line    0x0000000000000000       0x7b HAL/HLED/HLED_CONFIG.o
 .debug_str     0x0000000000000000       0x10 HAL/HLED/HLED_CONFIG.o
 .comment       0x0000000000000000       0x30 HAL/HLED/HLED_CONFIG.o
 .text          0x0000000000000000        0x0 HAL/HLED/HLED_PROGRAM.o
 .data          0x0000000000000000        0x0 HAL/HLED/HLED_PROGRAM.o
 .bss           0x0000000000000000        0x0 HAL/HLED/HLED_PROGRAM.o
 .text.voidinitLED_HLED
                0x0000000000000000       0x2a HAL/HLED/HLED_PROGRAM.o
 .text.voidledon_HLED
                0x0000000000000000        0xe HAL/HLED/HLED_PROGRAM.o
 .text.voidledoff_HLED
                0x0000000000000000        0xe HAL/HLED/HLED_PROGRAM.o
 .text.voidledtoggle_HLED
                0x0000000000000000        0x6 HAL/HLED/HLED_PROGRAM.o
 .text.voidledcontrolbrightness_HLED
                0x0000000000000000       0x1a HAL/HLED/HLED_PROGRAM.o
 .debug_info    0x0000000000000000      0x8fd HAL/HLED/HLED_PROGRAM.o
 .debug_abbrev  0x0000000000000000      0x13f HAL/HLED/HLED_PROGRAM.o
 .debug_loc     0x0000000000000000      0x101 HAL/HLED/HLED_PROGRAM.o
 .debug_aranges
                0x0000000000000000       0x40 HAL/HLED/HLED_PROGRAM.o
 .debug_ranges  0x0000000000000000       0x30 HAL/HLED/HLED_PROGRAM.o
 .debug_line    0x0000000000000000      0x19c HAL/HLED/HLED_PROGRAM.o
 .debug_str     0x0000000000000000       0x8a HAL/HLED/HLED_PROGRAM.o
 .comment       0x0000000000000000       0x30 HAL/HLED/HLED_PROGRAM.o
 .debug_frame   0x0000000000000000       0x74 HAL/HLED/HLED_PROGRAM.o
 COMMON         0x0000000000000000        0x0 HAL/HLED/HLED_PROGRAM.o
 .text          0x0000000000000000        0x0 HAL/HSWITCH/HSWITCH_CONFIG.o
 .data          0x0000000000000000        0x0 HAL/HSWITCH/HSWITCH_CONFIG.o
 .bss           0x0000000000000000        0x0 HAL/HSWITCH/HSWITCH_CONFIG.o
 .data.HSWITCHES_arrayofswitches
                0x0000000000000000       0x12 HAL/HSWITCH/HSWITCH_CONFIG.o
 .debug_info    0x0000000000000000      0x51a HAL/HSWITCH/HSWITCH_CONFIG.o
 .debug_abbrev  0x0000000000000000       0x8e HAL/HSWITCH/HSWITCH_CONFIG.o
 .debug_aranges
                0x0000000000000000       0x18 HAL/HSWITCH/HSWITCH_CONFIG.o
 .debug_line    0x0000000000000000       0x87 HAL/HSWITCH/HSWITCH_CONFIG.o
 .debug_str     0x0000000000000000        0x9 HAL/HSWITCH/HSWITCH_CONFIG.o
 .comment       0x0000000000000000       0x30 HAL/HSWITCH/HSWITCH_CONFIG.o
 .text          0x0000000000000000        0x0 HAL/HSWITCH/HSWITCH_PROGRAM.o
 .data          0x0000000000000000        0x0 HAL/HSWITCH/HSWITCH_PROGRAM.o
 .bss           0x0000000000000000        0x0 HAL/HSWITCH/HSWITCH_PROGRAM.o
 .text.voidinitSWITCH_HSWITCH
                0x0000000000000000       0x2a HAL/HSWITCH/HSWITCH_PROGRAM.o
 .text.enumswitchgetvalue_HSWITCH
                0x0000000000000000       0x86 HAL/HSWITCH/HSWITCH_PROGRAM.o
 .debug_info    0x0000000000000000      0x704 HAL/HSWITCH/HSWITCH_PROGRAM.o
 .debug_abbrev  0x0000000000000000      0x14a HAL/HSWITCH/HSWITCH_PROGRAM.o
 .debug_loc     0x0000000000000000      0x189 HAL/HSWITCH/HSWITCH_PROGRAM.o
 .debug_aranges
                0x0000000000000000       0x28 HAL/HSWITCH/HSWITCH_PROGRAM.o
 .debug_ranges  0x0000000000000000       0x18 HAL/HSWITCH/HSWITCH_PROGRAM.o
 .debug_line    0x0000000000000000      0x17e HAL/HSWITCH/HSWITCH_PROGRAM.o
 .debug_str     0x0000000000000000       0x34 HAL/HSWITCH/HSWITCH_PROGRAM.o
 .comment       0x0000000000000000       0x30 HAL/HSWITCH/HSWITCH_PROGRAM.o
 .debug_frame   0x0000000000000000       0x58 HAL/HSWITCH/HSWITCH_PROGRAM.o
 .text          0x0000000000000000        0x0 main.o
 .data          0x0000000000000000        0x0 main.o
 .bss           0x0000000000000000        0x0 main.o
 COMMON         0x0000000000000000        0x0 main.o
 .text          0x0000000000000000        0x0 MCAL/MADC/MADC_PROGRAM.o
 .data          0x0000000000000000        0x0 MCAL/MADC/MADC_PROGRAM.o
 .bss           0x0000000000000000        0x0 MCAL/MADC/MADC_PROGRAM.o
 .text.voidinitADC_MADC
                0x0000000000000000      0x244 MCAL/MADC/MADC_PROGRAM.o
 .progmem.gcc_sw_table.voidinitADC_MADC
                0x0000000000000000       0x10 MCAL/MADC/MADC_PROGRAM.o
 .text.voidADCget_analog_value
                0x0000000000000000        0x2 MCAL/MADC/MADC_PROGRAM.o
 .data.HADC     0x0000000000000000        0x6 MCAL/MADC/MADC_PROGRAM.o
 .debug_info    0x0000000000000000      0x5a2 MCAL/MADC/MADC_PROGRAM.o
 .debug_abbrev  0x0000000000000000       0xbd MCAL/MADC/MADC_PROGRAM.o
 .debug_aranges
                0x0000000000000000       0x28 MCAL/MADC/MADC_PROGRAM.o
 .debug_ranges  0x0000000000000000       0x18 MCAL/MADC/MADC_PROGRAM.o
 .debug_line    0x0000000000000000      0x2d2 MCAL/MADC/MADC_PROGRAM.o
 .debug_str     0x0000000000000000        0x0 MCAL/MADC/MADC_PROGRAM.o
 .comment       0x0000000000000000       0x30 MCAL/MADC/MADC_PROGRAM.o
 .debug_frame   0x0000000000000000       0x34 MCAL/MADC/MADC_PROGRAM.o
 .text          0x0000000000000000        0x0 MCAL/MDIO/MDIO_PROGRAM.o
 .data          0x0000000000000000        0x0 MCAL/MDIO/MDIO_PROGRAM.o
 .bss           0x0000000000000000        0x0 MCAL/MDIO/MDIO_PROGRAM.o
 .text.enumportdirection_MDIO
                0x0000000000000000       0x6a MCAL/MDIO/MDIO_PROGRAM.o
 .text.enumpinvalue_selection_MDIO
                0x0000000000000000      0x114 MCAL/MDIO/MDIO_PROGRAM.o
 .text.enumpintoggle_MDIO
                0x0000000000000000       0x9e MCAL/MDIO/MDIO_PROGRAM.o
 .text.enumportvalue_MDIO
                0x0000000000000000       0x42 MCAL/MDIO/MDIO_PROGRAM.o
 .text          0x0000000000000000        0x0 MCAL/MEEPROM/MEEPROM_PROGRAM.o
 .data          0x0000000000000000        0x0 MCAL/MEEPROM/MEEPROM_PROGRAM.o
 .bss           0x0000000000000000        0x0 MCAL/MEEPROM/MEEPROM_PROGRAM.o
 .text          0x0000000000000000        0x0 MCAL/MINT/MINT_PROGRAM.o
 .data          0x0000000000000000        0x0 MCAL/MINT/MINT_PROGRAM.o
 .bss           0x0000000000000000        0x0 MCAL/MINT/MINT_PROGRAM.o
 .text.voidinitinterrupt_MINT
                0x0000000000000000        0x8 MCAL/MINT/MINT_PROGRAM.o
 .text.voidINTExitCriticalSection_MINT
                0x0000000000000000        0x8 MCAL/MINT/MINT_PROGRAM.o
 .text.voidINTEnterCriticalSection_MINT
                0x0000000000000000        0x8 MCAL/MINT/MINT_PROGRAM.o
 .text.voidINTGETFlag_MINT
                0x0000000000000000       0x36 MCAL/MINT/MINT_PROGRAM.o
 .text.voidINTSETFlag_MINT
                0x0000000000000000       0x48 MCAL/MINT/MINT_PROGRAM.o
 .text.voidINTENABLEHandler_MINT
                0x0000000000000000       0xca MCAL/MINT/MINT_PROGRAM.o
 .text.voidINTDISABLEHandler_MINT
                0x0000000000000000       0x24 MCAL/MINT/MINT_PROGRAM.o
 .text.voidINTSetCallBack_MINT
                0x0000000000000000       0x2a MCAL/MINT/MINT_PROGRAM.o
 .text          0x0000000000000000        0x0 MCAL/MSPI/MSPI_PROGRAM.o
 .data          0x0000000000000000        0x0 MCAL/MSPI/MSPI_PROGRAM.o
 .bss           0x0000000000000000        0x0 MCAL/MSPI/MSPI_PROGRAM.o
 .text.voidinitspi_slave_MSPI
                0x0000000000000000       0x52 MCAL/MSPI/MSPI_PROGRAM.o
 .text.voidspi_slave_transmit_byte_MSPI
                0x0000000000000000        0x4 MCAL/MSPI/MSPI_PROGRAM.o
 .text.u8spi_slave_receive_byte_MSPI
                0x0000000000000000        0x8 MCAL/MSPI/MSPI_PROGRAM.o
 .text          0x0000000000000000        0x0 MCAL/MTIMER/MPWM/MPWM_CONFIG.o
 .data          0x0000000000000000        0x0 MCAL/MTIMER/MPWM/MPWM_CONFIG.o
 .bss           0x0000000000000000        0x0 MCAL/MTIMER/MPWM/MPWM_CONFIG.o
 .data.HPWM_arrayofpwm
                0x0000000000000000       0x12 MCAL/MTIMER/MPWM/MPWM_CONFIG.o
 .debug_info    0x0000000000000000      0x4ad MCAL/MTIMER/MPWM/MPWM_CONFIG.o
 .debug_abbrev  0x0000000000000000       0x7f MCAL/MTIMER/MPWM/MPWM_CONFIG.o
 .debug_aranges
                0x0000000000000000       0x18 MCAL/MTIMER/MPWM/MPWM_CONFIG.o
 .debug_line    0x0000000000000000       0x8d MCAL/MTIMER/MPWM/MPWM_CONFIG.o
 .debug_str     0x0000000000000000        0x0 MCAL/MTIMER/MPWM/MPWM_CONFIG.o
 .comment       0x0000000000000000       0x30 MCAL/MTIMER/MPWM/MPWM_CONFIG.o
 .text          0x0000000000000000        0x0 MCAL/MTIMER/MPWM/MPWM_PROGRAM.o
 .data          0x0000000000000000        0x0 MCAL/MTIMER/MPWM/MPWM_PROGRAM.o
 .bss           0x0000000000000000        0x0 MCAL/MTIMER/MPWM/MPWM_PROGRAM.o
 .text.voidinitpwm_MPWM
                0x0000000000000000      0x3d8 MCAL/MTIMER/MPWM/MPWM_PROGRAM.o
 .text.voidpwm_change_duty_cycle_MPWM
                0x0000000000000000       0x22 MCAL/MTIMER/MPWM/MPWM_PROGRAM.o
 .text.voidpwm_disable_MPWM
                0x0000000000000000       0x46 MCAL/MTIMER/MPWM/MPWM_PROGRAM.o
 .data.OC2_PIN  0x0000000000000000        0x4 MCAL/MTIMER/MPWM/MPWM_PROGRAM.o
 .data.OC1B_PIN
                0x0000000000000000        0x4 MCAL/MTIMER/MPWM/MPWM_PROGRAM.o
 .data.OC1A_PIN
                0x0000000000000000        0x4 MCAL/MTIMER/MPWM/MPWM_PROGRAM.o
 .data.OC0_PIN  0x0000000000000000        0x4 MCAL/MTIMER/MPWM/MPWM_PROGRAM.o
 .debug_info    0x0000000000000000      0x819 MCAL/MTIMER/MPWM/MPWM_PROGRAM.o
 .debug_abbrev  0x0000000000000000      0x134 MCAL/MTIMER/MPWM/MPWM_PROGRAM.o
 .debug_loc     0x0000000000000000       0xcd MCAL/MTIMER/MPWM/MPWM_PROGRAM.o
 .debug_aranges
                0x0000000000000000       0x30 MCAL/MTIMER/MPWM/MPWM_PROGRAM.o
 .debug_ranges  0x0000000000000000       0x20 MCAL/MTIMER/MPWM/MPWM_PROGRAM.o
 .debug_line    0x0000000000000000      0x54a MCAL/MTIMER/MPWM/MPWM_PROGRAM.o
 .debug_str     0x0000000000000000       0x20 MCAL/MTIMER/MPWM/MPWM_PROGRAM.o
 .comment       0x0000000000000000       0x30 MCAL/MTIMER/MPWM/MPWM_PROGRAM.o
 .debug_frame   0x0000000000000000       0x50 MCAL/MTIMER/MPWM/MPWM_PROGRAM.o
 .text          0x0000000000000000        0x0 MCAL/MTIMER/MTIMER_PROGRAM.o
 .data          0x0000000000000000        0x0 MCAL/MTIMER/MTIMER_PROGRAM.o
 .bss           0x0000000000000000        0x0 MCAL/MTIMER/MTIMER_PROGRAM.o
 .text.voidtimer_on
                0x0000000000000000       0xb2 MCAL/MTIMER/MTIMER_PROGRAM.o
 .text.voidtimer_off
                0x0000000000000000       0x1a MCAL/MTIMER/MTIMER_PROGRAM.o
 .text.u16get_counter0_value
                0x0000000000000000        0xa MCAL/MTIMER/MTIMER_PROGRAM.o
 .text.voidtimerdelay_in_ms_MTIMER
                0x0000000000000000       0x80 MCAL/MTIMER/MTIMER_PROGRAM.o
 .text.voidtimerdelay_in_us_MTIMER
                0x0000000000000000        0x2 MCAL/MTIMER/MTIMER_PROGRAM.o
 .text.voidtimerctc_mode_MTIMER
                0x0000000000000000       0x7a MCAL/MTIMER/MTIMER_PROGRAM.o
 .text.voidtimer_start_timer_MTIMER
                0x0000000000000000       0x28 MCAL/MTIMER/MTIMER_PROGRAM.o
 .text.voidtimer_end_timer_MTIMER
                0x0000000000000000       0x12 MCAL/MTIMER/MTIMER_PROGRAM.o
 .text.voidtimer_continue_timer_MTIMER
                0x0000000000000000       0x12 MCAL/MTIMER/MTIMER_PROGRAM.o
 .text.f32timer_get_timer_value_in_ms
                0x0000000000000000       0x9e MCAL/MTIMER/MTIMER_PROGRAM.o
 .text.f32timer_get_timer_value_in_us
                0x0000000000000000       0x1a MCAL/MTIMER/MTIMER_PROGRAM.o
 .text.voidcounter_start_counter_MTIMER
                0x0000000000000000       0x6e MCAL/MTIMER/MTIMER_PROGRAM.o
 .text.voidcounter_end_counter_MTIMER
                0x0000000000000000       0x18 MCAL/MTIMER/MTIMER_PROGRAM.o
 .text.voidcounter_continue_counter_MTIMER
                0x0000000000000000       0x48 MCAL/MTIMER/MTIMER_PROGRAM.o
 .text.u32counter_get_counter_value
                0x0000000000000000       0x38 MCAL/MTIMER/MTIMER_PROGRAM.o
 .data.T1_PIN   0x0000000000000000        0x4 MCAL/MTIMER/MTIMER_PROGRAM.o
 .data.T0_PIN   0x0000000000000000        0x4 MCAL/MTIMER/MTIMER_PROGRAM.o
 .data.TIMER2_STRUCT
                0x0000000000000000        0x7 MCAL/MTIMER/MTIMER_PROGRAM.o
 .data.TIMER1_STRUCT
                0x0000000000000000        0x7 MCAL/MTIMER/MTIMER_PROGRAM.o
 .data.TIMER0_STRUCT
                0x0000000000000000        0x7 MCAL/MTIMER/MTIMER_PROGRAM.o
 .text          0x0000000000000000        0x0 MCAL/MTWI/MTWI_PROGRAM.o
 .data          0x0000000000000000        0x0 MCAL/MTWI/MTWI_PROGRAM.o
 .bss           0x0000000000000000        0x0 MCAL/MTWI/MTWI_PROGRAM.o
 .text.voidinitTWI_MTWI
                0x0000000000000000       0x12 MCAL/MTWI/MTWI_PROGRAM.o
 .text.voidTWI_START_CONDITION_MTWI
                0x0000000000000000       0x30 MCAL/MTWI/MTWI_PROGRAM.o
 .text.voidTWI_REPEATED_START_CONDITION
                0x0000000000000000       0x30 MCAL/MTWI/MTWI_PROGRAM.o
 .text.voidTWI_STOP_CONDITION_MTWI
                0x0000000000000000       0x2a MCAL/MTWI/MTWI_PROGRAM.o
 .text.voidTWI_SEND_SLAVE_ADDRESS_AND_RW_BIT_MTWI
                0x0000000000000000       0x36 MCAL/MTWI/MTWI_PROGRAM.o
 .text.voidTWI_SEND_BYTE_AFTER_SENDING_ADDRESS_MTWI
                0x0000000000000000       0x32 MCAL/MTWI/MTWI_PROGRAM.o
 .text.voidTWI_RECEIVE_BYTE_AFTER_SENDING_ADDRESS_MTWI
                0x0000000000000000        0x8 MCAL/MTWI/MTWI_PROGRAM.o
 .text.voidTWI_CHECK_STATUS_REGISTER_MTWI
                0x0000000000000000       0x10 MCAL/MTWI/MTWI_PROGRAM.o
 .text.voidTWI_MASTER_TRANSMIT_BYTE
                0x0000000000000000       0x24 MCAL/MTWI/MTWI_PROGRAM.o
 .text.voidTWI_MASTER_RECEIVE_BYTE
                0x0000000000000000       0x28 MCAL/MTWI/MTWI_PROGRAM.o
 .text.voidTWI_SLAVE_RECEIVE_BYTE
                0x0000000000000000       0x34 MCAL/MTWI/MTWI_PROGRAM.o
 .debug_info    0x0000000000000000      0x658 MCAL/MTWI/MTWI_PROGRAM.o
 .debug_abbrev  0x0000000000000000      0x119 MCAL/MTWI/MTWI_PROGRAM.o
 .debug_loc     0x0000000000000000      0x1cc MCAL/MTWI/MTWI_PROGRAM.o
 .debug_aranges
                0x0000000000000000       0x70 MCAL/MTWI/MTWI_PROGRAM.o
 .debug_ranges  0x0000000000000000       0x60 MCAL/MTWI/MTWI_PROGRAM.o
 .debug_line    0x0000000000000000      0x20b MCAL/MTWI/MTWI_PROGRAM.o
 .debug_str     0x0000000000000000       0x22 MCAL/MTWI/MTWI_PROGRAM.o
 .comment       0x0000000000000000       0x30 MCAL/MTWI/MTWI_PROGRAM.o
 .debug_frame   0x0000000000000000       0xe0 MCAL/MTWI/MTWI_PROGRAM.o
 .text          0x0000000000000000        0x0 MCAL/MUSART/MUSART_PROGRAM.o
 .data          0x0000000000000000        0x0 MCAL/MUSART/MUSART_PROGRAM.o
 .bss           0x0000000000000000        0x0 MCAL/MUSART/MUSART_PROGRAM.o
 .text.voidinitUART_MUSART
                0x0000000000000000       0x2a MCAL/MUSART/MUSART_PROGRAM.o
 .text.voidUART_send_byte
                0x0000000000000000        0xe MCAL/MUSART/MUSART_PROGRAM.o
 .text.u8UART_receive_byte
                0x0000000000000000        0xe MCAL/MUSART/MUSART_PROGRAM.o
 .debug_info    0x0000000000000000      0x2f1 MCAL/MUSART/MUSART_PROGRAM.o
 .debug_abbrev  0x0000000000000000       0x89 MCAL/MUSART/MUSART_PROGRAM.o
 .debug_aranges
                0x0000000000000000       0x30 MCAL/MUSART/MUSART_PROGRAM.o
 .debug_ranges  0x0000000000000000       0x20 MCAL/MUSART/MUSART_PROGRAM.o
 .debug_line    0x0000000000000000      0x102 MCAL/MUSART/MUSART_PROGRAM.o
 .debug_str     0x0000000000000000        0x0 MCAL/MUSART/MUSART_PROGRAM.o
 .comment       0x0000000000000000       0x30 MCAL/MUSART/MUSART_PROGRAM.o
 .debug_frame   0x0000000000000000       0x44 MCAL/MUSART/MUSART_PROGRAM.o
 .text          0x0000000000000000        0xe c:/program files/microchip/xc8/v2.36/avr/bin/../lib/gcc/avr/5.4.0/../../../../avr/lib/avr5/memx-const\libm.a(addsf3.o)
 .data          0x0000000000000000        0x0 c:/program files/microchip/xc8/v2.36/avr/bin/../lib/gcc/avr/5.4.0/../../../../avr/lib/avr5/memx-const\libm.a(addsf3.o)
 .bss           0x0000000000000000        0x0 c:/program files/microchip/xc8/v2.36/avr/bin/../lib/gcc/avr/5.4.0/../../../../avr/lib/avr5/memx-const\libm.a(addsf3.o)
 .stack.descriptors.hdr
                0x0000000000000000        0xe c:/program files/microchip/xc8/v2.36/avr/bin/../lib/gcc/avr/5.4.0/../../../../avr/lib/avr5/memx-const\libm.a(addsf3.o)
 .stack.descriptors
                0x0000000000000000       0x2c c:/program files/microchip/xc8/v2.36/avr/bin/../lib/gcc/avr/5.4.0/../../../../avr/lib/avr5/memx-const\libm.a(addsf3.o)
 .note.GNU-stack
                0x0000000000000000        0x0 c:/program files/microchip/xc8/v2.36/avr/bin/../lib/gcc/avr/5.4.0/../../../../avr/lib/avr5/memx-const\libm.a(addsf3.o)
 .text          0x0000000000000000       0xce c:/program files/microchip/xc8/v2.36/avr/bin/../lib/gcc/avr/5.4.0/../../../../avr/lib/avr5/memx-const\libm.a(addsf3x.o)
 .data          0x0000000000000000        0x0 c:/program files/microchip/xc8/v2.36/avr/bin/../lib/gcc/avr/5.4.0/../../../../avr/lib/avr5/memx-const\libm.a(addsf3x.o)
 .bss           0x0000000000000000        0x0 c:/program files/microchip/xc8/v2.36/avr/bin/../lib/gcc/avr/5.4.0/../../../../avr/lib/avr5/memx-const\libm.a(addsf3x.o)
 .stack.descriptors.hdr
                0x0000000000000000        0xe c:/program files/microchip/xc8/v2.36/avr/bin/../lib/gcc/avr/5.4.0/../../../../avr/lib/avr5/memx-const\libm.a(addsf3x.o)
 .stack.descriptors
                0x0000000000000000       0x17 c:/program files/microchip/xc8/v2.36/avr/bin/../lib/gcc/avr/5.4.0/../../../../avr/lib/avr5/memx-const\libm.a(addsf3x.o)
 .note.GNU-stack
                0x0000000000000000        0x0 c:/program files/microchip/xc8/v2.36/avr/bin/../lib/gcc/avr/5.4.0/../../../../avr/lib/avr5/memx-const\libm.a(addsf3x.o)
 .text          0x0000000000000000       0x5e c:/program files/microchip/xc8/v2.36/avr/bin/../lib/gcc/avr/5.4.0/../../../../avr/lib/avr5/memx-const\libm.a(fixunssfsi.o)
 .data          0x0000000000000000        0x0 c:/program files/microchip/xc8/v2.36/avr/bin/../lib/gcc/avr/5.4.0/../../../../avr/lib/avr5/memx-const\libm.a(fixunssfsi.o)
 .bss           0x0000000000000000        0x0 c:/program files/microchip/xc8/v2.36/avr/bin/../lib/gcc/avr/5.4.0/../../../../avr/lib/avr5/memx-const\libm.a(fixunssfsi.o)
 .stack.descriptors.hdr
                0x0000000000000000        0xe c:/program files/microchip/xc8/v2.36/avr/bin/../lib/gcc/avr/5.4.0/../../../../avr/lib/avr5/memx-const\libm.a(fixunssfsi.o)
 .stack.descriptors
                0x0000000000000000       0x1a c:/program files/microchip/xc8/v2.36/avr/bin/../lib/gcc/avr/5.4.0/../../../../avr/lib/avr5/memx-const\libm.a(fixunssfsi.o)
 .note.GNU-stack
                0x0000000000000000        0x0 c:/program files/microchip/xc8/v2.36/avr/bin/../lib/gcc/avr/5.4.0/../../../../avr/lib/avr5/memx-const\libm.a(fixunssfsi.o)
 .text          0x0000000000000000       0x7a c:/program files/microchip/xc8/v2.36/avr/bin/../lib/gcc/avr/5.4.0/../../../../avr/lib/avr5/memx-const\libm.a(floatsisf.o)
 .data          0x0000000000000000        0x0 c:/program files/microchip/xc8/v2.36/avr/bin/../lib/gcc/avr/5.4.0/../../../../avr/lib/avr5/memx-const\libm.a(floatsisf.o)
 .bss           0x0000000000000000        0x0 c:/program files/microchip/xc8/v2.36/avr/bin/../lib/gcc/avr/5.4.0/../../../../avr/lib/avr5/memx-const\libm.a(floatsisf.o)
 .stack.descriptors.hdr
                0x0000000000000000        0xe c:/program files/microchip/xc8/v2.36/avr/bin/../lib/gcc/avr/5.4.0/../../../../avr/lib/avr5/memx-const\libm.a(floatsisf.o)
 .stack.descriptors
                0x0000000000000000       0x34 c:/program files/microchip/xc8/v2.36/avr/bin/../lib/gcc/avr/5.4.0/../../../../avr/lib/avr5/memx-const\libm.a(floatsisf.o)
 .note.GNU-stack
                0x0000000000000000        0x0 c:/program files/microchip/xc8/v2.36/avr/bin/../lib/gcc/avr/5.4.0/../../../../avr/lib/avr5/memx-const\libm.a(floatsisf.o)
 .text          0x0000000000000000        0xc c:/program files/microchip/xc8/v2.36/avr/bin/../lib/gcc/avr/5.4.0/../../../../avr/lib/avr5/memx-const\libm.a(fp_inf.o)
 .data          0x0000000000000000        0x0 c:/program files/microchip/xc8/v2.36/avr/bin/../lib/gcc/avr/5.4.0/../../../../avr/lib/avr5/memx-const\libm.a(fp_inf.o)
 .bss           0x0000000000000000        0x0 c:/program files/microchip/xc8/v2.36/avr/bin/../lib/gcc/avr/5.4.0/../../../../avr/lib/avr5/memx-const\libm.a(fp_inf.o)
 .stack.descriptors.hdr
                0x0000000000000000        0xe c:/program files/microchip/xc8/v2.36/avr/bin/../lib/gcc/avr/5.4.0/../../../../avr/lib/avr5/memx-const\libm.a(fp_inf.o)
 .stack.descriptors
                0x0000000000000000       0x16 c:/program files/microchip/xc8/v2.36/avr/bin/../lib/gcc/avr/5.4.0/../../../../avr/lib/avr5/memx-const\libm.a(fp_inf.o)
 .note.GNU-stack
                0x0000000000000000        0x0 c:/program files/microchip/xc8/v2.36/avr/bin/../lib/gcc/avr/5.4.0/../../../../avr/lib/avr5/memx-const\libm.a(fp_inf.o)
 .text          0x0000000000000000        0x6 c:/program files/microchip/xc8/v2.36/avr/bin/../lib/gcc/avr/5.4.0/../../../../avr/lib/avr5/memx-const\libm.a(fp_nan.o)
 .data          0x0000000000000000        0x0 c:/program files/microchip/xc8/v2.36/avr/bin/../lib/gcc/avr/5.4.0/../../../../avr/lib/avr5/memx-const\libm.a(fp_nan.o)
 .bss           0x0000000000000000        0x0 c:/program files/microchip/xc8/v2.36/avr/bin/../lib/gcc/avr/5.4.0/../../../../avr/lib/avr5/memx-const\libm.a(fp_nan.o)
 .stack.descriptors.hdr
                0x0000000000000000        0xe c:/program files/microchip/xc8/v2.36/avr/bin/../lib/gcc/avr/5.4.0/../../../../avr/lib/avr5/memx-const\libm.a(fp_nan.o)
 .stack.descriptors
                0x0000000000000000       0x16 c:/program files/microchip/xc8/v2.36/avr/bin/../lib/gcc/avr/5.4.0/../../../../avr/lib/avr5/memx-const\libm.a(fp_nan.o)
 .note.GNU-stack
                0x0000000000000000        0x0 c:/program files/microchip/xc8/v2.36/avr/bin/../lib/gcc/avr/5.4.0/../../../../avr/lib/avr5/memx-const\libm.a(fp_nan.o)
 .text          0x0000000000000000        0xe c:/program files/microchip/xc8/v2.36/avr/bin/../lib/gcc/avr/5.4.0/../../../../avr/lib/avr5/memx-const\libm.a(fp_pscA.o)
 .data          0x0000000000000000        0x0 c:/program files/microchip/xc8/v2.36/avr/bin/../lib/gcc/avr/5.4.0/../../../../avr/lib/avr5/memx-const\libm.a(fp_pscA.o)
 .bss           0x0000000000000000        0x0 c:/program files/microchip/xc8/v2.36/avr/bin/../lib/gcc/avr/5.4.0/../../../../avr/lib/avr5/memx-const\libm.a(fp_pscA.o)
 .stack.descriptors.hdr
                0x0000000000000000        0xe c:/program files/microchip/xc8/v2.36/avr/bin/../lib/gcc/avr/5.4.0/../../../../avr/lib/avr5/memx-const\libm.a(fp_pscA.o)
 .stack.descriptors
                0x0000000000000000       0x17 c:/program files/microchip/xc8/v2.36/avr/bin/../lib/gcc/avr/5.4.0/../../../../avr/lib/avr5/memx-const\libm.a(fp_pscA.o)
 .note.GNU-stack
                0x0000000000000000        0x0 c:/program files/microchip/xc8/v2.36/avr/bin/../lib/gcc/avr/5.4.0/../../../../avr/lib/avr5/memx-const\libm.a(fp_pscA.o)
 .text          0x0000000000000000        0xe c:/program files/microchip/xc8/v2.36/avr/bin/../lib/gcc/avr/5.4.0/../../../../avr/lib/avr5/memx-const\libm.a(fp_pscB.o)
 .data          0x0000000000000000        0x0 c:/program files/microchip/xc8/v2.36/avr/bin/../lib/gcc/avr/5.4.0/../../../../avr/lib/avr5/memx-const\libm.a(fp_pscB.o)
 .bss           0x0000000000000000        0x0 c:/program files/microchip/xc8/v2.36/avr/bin/../lib/gcc/avr/5.4.0/../../../../avr/lib/avr5/memx-const\libm.a(fp_pscB.o)
 .stack.descriptors.hdr
                0x0000000000000000        0xe c:/program files/microchip/xc8/v2.36/avr/bin/../lib/gcc/avr/5.4.0/../../../../avr/lib/avr5/memx-const\libm.a(fp_pscB.o)
 .stack.descriptors
                0x0000000000000000       0x17 c:/program files/microchip/xc8/v2.36/avr/bin/../lib/gcc/avr/5.4.0/../../../../avr/lib/avr5/memx-const\libm.a(fp_pscB.o)
 .note.GNU-stack
                0x0000000000000000        0x0 c:/program files/microchip/xc8/v2.36/avr/bin/../lib/gcc/avr/5.4.0/../../../../avr/lib/avr5/memx-const\libm.a(fp_pscB.o)
 .text          0x0000000000000000       0x22 c:/program files/microchip/xc8/v2.36/avr/bin/../lib/gcc/avr/5.4.0/../../../../avr/lib/avr5/memx-const\libm.a(fp_round.o)
 .data          0x0000000000000000        0x0 c:/program files/microchip/xc8/v2.36/avr/bin/../lib/gcc/avr/5.4.0/../../../../avr/lib/avr5/memx-const\libm.a(fp_round.o)
 .bss           0x0000000000000000        0x0 c:/program files/microchip/xc8/v2.36/avr/bin/../lib/gcc/avr/5.4.0/../../../../avr/lib/avr5/memx-const\libm.a(fp_round.o)
 .stack.descriptors.hdr
                0x0000000000000000        0xe c:/program files/microchip/xc8/v2.36/avr/bin/../lib/gcc/avr/5.4.0/../../../../avr/lib/avr5/memx-const\libm.a(fp_round.o)
 .stack.descriptors
                0x0000000000000000       0x18 c:/program files/microchip/xc8/v2.36/avr/bin/../lib/gcc/avr/5.4.0/../../../../avr/lib/avr5/memx-const\libm.a(fp_round.o)
 .note.GNU-stack
                0x0000000000000000        0x0 c:/program files/microchip/xc8/v2.36/avr/bin/../lib/gcc/avr/5.4.0/../../../../avr/lib/avr5/memx-const\libm.a(fp_round.o)
 .text          0x0000000000000000       0x44 c:/program files/microchip/xc8/v2.36/avr/bin/../lib/gcc/avr/5.4.0/../../../../avr/lib/avr5/memx-const\libm.a(fp_split3.o)
 .data          0x0000000000000000        0x0 c:/program files/microchip/xc8/v2.36/avr/bin/../lib/gcc/avr/5.4.0/../../../../avr/lib/avr5/memx-const\libm.a(fp_split3.o)
 .bss           0x0000000000000000        0x0 c:/program files/microchip/xc8/v2.36/avr/bin/../lib/gcc/avr/5.4.0/../../../../avr/lib/avr5/memx-const\libm.a(fp_split3.o)
 .stack.descriptors.hdr
                0x0000000000000000        0xe c:/program files/microchip/xc8/v2.36/avr/bin/../lib/gcc/avr/5.4.0/../../../../avr/lib/avr5/memx-const\libm.a(fp_split3.o)
 .stack.descriptors
                0x0000000000000000       0x32 c:/program files/microchip/xc8/v2.36/avr/bin/../lib/gcc/avr/5.4.0/../../../../avr/lib/avr5/memx-const\libm.a(fp_split3.o)
 .note.GNU-stack
                0x0000000000000000        0x0 c:/program files/microchip/xc8/v2.36/avr/bin/../lib/gcc/avr/5.4.0/../../../../avr/lib/avr5/memx-const\libm.a(fp_split3.o)
 .text          0x0000000000000000        0xe c:/program files/microchip/xc8/v2.36/avr/bin/../lib/gcc/avr/5.4.0/../../../../avr/lib/avr5/memx-const\libm.a(fp_zero.o)
 .data          0x0000000000000000        0x0 c:/program files/microchip/xc8/v2.36/avr/bin/../lib/gcc/avr/5.4.0/../../../../avr/lib/avr5/memx-const\libm.a(fp_zero.o)
 .bss           0x0000000000000000        0x0 c:/program files/microchip/xc8/v2.36/avr/bin/../lib/gcc/avr/5.4.0/../../../../avr/lib/avr5/memx-const\libm.a(fp_zero.o)
 .stack.descriptors.hdr
                0x0000000000000000        0xe c:/program files/microchip/xc8/v2.36/avr/bin/../lib/gcc/avr/5.4.0/../../../../avr/lib/avr5/memx-const\libm.a(fp_zero.o)
 .stack.descriptors
                0x0000000000000000       0x2f c:/program files/microchip/xc8/v2.36/avr/bin/../lib/gcc/avr/5.4.0/../../../../avr/lib/avr5/memx-const\libm.a(fp_zero.o)
 .note.GNU-stack
                0x0000000000000000        0x0 c:/program files/microchip/xc8/v2.36/avr/bin/../lib/gcc/avr/5.4.0/../../../../avr/lib/avr5/memx-const\libm.a(fp_zero.o)
 .text          0x0000000000000000        0x8 c:/program files/microchip/xc8/v2.36/avr/bin/../lib/gcc/avr/5.4.0/../../../../avr/lib/avr5/memx-const\libm.a(mulsf3.o)
 .data          0x0000000000000000        0x0 c:/program files/microchip/xc8/v2.36/avr/bin/../lib/gcc/avr/5.4.0/../../../../avr/lib/avr5/memx-const\libm.a(mulsf3.o)
 .bss           0x0000000000000000        0x0 c:/program files/microchip/xc8/v2.36/avr/bin/../lib/gcc/avr/5.4.0/../../../../avr/lib/avr5/memx-const\libm.a(mulsf3.o)
 .stack.descriptors.hdr
                0x0000000000000000        0xe c:/program files/microchip/xc8/v2.36/avr/bin/../lib/gcc/avr/5.4.0/../../../../avr/lib/avr5/memx-const\libm.a(mulsf3.o)
 .stack.descriptors
                0x0000000000000000       0x16 c:/program files/microchip/xc8/v2.36/avr/bin/../lib/gcc/avr/5.4.0/../../../../avr/lib/avr5/memx-const\libm.a(mulsf3.o)
 .note.GNU-stack
                0x0000000000000000        0x0 c:/program files/microchip/xc8/v2.36/avr/bin/../lib/gcc/avr/5.4.0/../../../../avr/lib/avr5/memx-const\libm.a(mulsf3.o)
 .text          0x0000000000000000       0xd4 c:/program files/microchip/xc8/v2.36/avr/bin/../lib/gcc/avr/5.4.0/../../../../avr/lib/avr5/memx-const\libm.a(mulsf3x.o)
 .data          0x0000000000000000        0x0 c:/program files/microchip/xc8/v2.36/avr/bin/../lib/gcc/avr/5.4.0/../../../../avr/lib/avr5/memx-const\libm.a(mulsf3x.o)
 .bss           0x0000000000000000        0x0 c:/program files/microchip/xc8/v2.36/avr/bin/../lib/gcc/avr/5.4.0/../../../../avr/lib/avr5/memx-const\libm.a(mulsf3x.o)
 .stack.descriptors.hdr
                0x0000000000000000        0xe c:/program files/microchip/xc8/v2.36/avr/bin/../lib/gcc/avr/5.4.0/../../../../avr/lib/avr5/memx-const\libm.a(mulsf3x.o)
 .stack.descriptors
                0x0000000000000000       0x31 c:/program files/microchip/xc8/v2.36/avr/bin/../lib/gcc/avr/5.4.0/../../../../avr/lib/avr5/memx-const\libm.a(mulsf3x.o)
 .note.GNU-stack
                0x0000000000000000        0x0 c:/program files/microchip/xc8/v2.36/avr/bin/../lib/gcc/avr/5.4.0/../../../../avr/lib/avr5/memx-const\libm.a(mulsf3x.o)
 .text          0x0000000000000000        0x0 c:/program files/microchip/xc8/v2.36/avr/bin/../lib/gcc/avr/5.4.0/avr5/memx-const\libgcc.a(_udivmodsi4.o)
 .data          0x0000000000000000        0x0 c:/program files/microchip/xc8/v2.36/avr/bin/../lib/gcc/avr/5.4.0/avr5/memx-const\libgcc.a(_udivmodsi4.o)
 .bss           0x0000000000000000        0x0 c:/program files/microchip/xc8/v2.36/avr/bin/../lib/gcc/avr/5.4.0/avr5/memx-const\libgcc.a(_udivmodsi4.o)
 .text.libgcc.mul
                0x0000000000000000        0x0 c:/program files/microchip/xc8/v2.36/avr/bin/../lib/gcc/avr/5.4.0/avr5/memx-const\libgcc.a(_udivmodsi4.o)
 .text.libgcc.div
                0x0000000000000000       0x44 c:/program files/microchip/xc8/v2.36/avr/bin/../lib/gcc/avr/5.4.0/avr5/memx-const\libgcc.a(_udivmodsi4.o)
 .stack.descriptors.hdr
                0x0000000000000000        0xe c:/program files/microchip/xc8/v2.36/avr/bin/../lib/gcc/avr/5.4.0/avr5/memx-const\libgcc.a(_udivmodsi4.o)
 .stack.descriptors
                0x0000000000000000       0x1a c:/program files/microchip/xc8/v2.36/avr/bin/../lib/gcc/avr/5.4.0/avr5/memx-const\libgcc.a(_udivmodsi4.o)
 .text.libgcc   0x0000000000000000        0x0 c:/program files/microchip/xc8/v2.36/avr/bin/../lib/gcc/avr/5.4.0/avr5/memx-const\libgcc.a(_udivmodsi4.o)
 .text.libgcc.prologue
                0x0000000000000000        0x0 c:/program files/microchip/xc8/v2.36/avr/bin/../lib/gcc/avr/5.4.0/avr5/memx-const\libgcc.a(_udivmodsi4.o)
 .text.libgcc.builtins
                0x0000000000000000        0x0 c:/program files/microchip/xc8/v2.36/avr/bin/../lib/gcc/avr/5.4.0/avr5/memx-const\libgcc.a(_udivmodsi4.o)
 .text.libgcc.fmul
                0x0000000000000000        0x0 c:/program files/microchip/xc8/v2.36/avr/bin/../lib/gcc/avr/5.4.0/avr5/memx-const\libgcc.a(_udivmodsi4.o)
 .text.libgcc.fixed
                0x0000000000000000        0x0 c:/program files/microchip/xc8/v2.36/avr/bin/../lib/gcc/avr/5.4.0/avr5/memx-const\libgcc.a(_udivmodsi4.o)
 .text          0x0000000000000000        0x0 c:/program files/microchip/xc8/v2.36/avr/bin/../lib/gcc/avr/5.4.0/avr5/memx-const\libgcc.a(_tablejump2.o)
 .data          0x0000000000000000        0x0 c:/program files/microchip/xc8/v2.36/avr/bin/../lib/gcc/avr/5.4.0/avr5/memx-const\libgcc.a(_tablejump2.o)
 .bss           0x0000000000000000        0x0 c:/program files/microchip/xc8/v2.36/avr/bin/../lib/gcc/avr/5.4.0/avr5/memx-const\libgcc.a(_tablejump2.o)
 .text.libgcc.mul
                0x0000000000000000        0x0 c:/program files/microchip/xc8/v2.36/avr/bin/../lib/gcc/avr/5.4.0/avr5/memx-const\libgcc.a(_tablejump2.o)
 .text.libgcc.div
                0x0000000000000000        0x0 c:/program files/microchip/xc8/v2.36/avr/bin/../lib/gcc/avr/5.4.0/avr5/memx-const\libgcc.a(_tablejump2.o)
 .text.libgcc   0x0000000000000000        0xc c:/program files/microchip/xc8/v2.36/avr/bin/../lib/gcc/avr/5.4.0/avr5/memx-const\libgcc.a(_tablejump2.o)
 .text.libgcc.prologue
                0x0000000000000000        0x0 c:/program files/microchip/xc8/v2.36/avr/bin/../lib/gcc/avr/5.4.0/avr5/memx-const\libgcc.a(_tablejump2.o)
 .stack.descriptors.hdr
                0x0000000000000000        0xe c:/program files/microchip/xc8/v2.36/avr/bin/../lib/gcc/avr/5.4.0/avr5/memx-const\libgcc.a(_tablejump2.o)
 .stack.descriptors
                0x0000000000000000       0x1c c:/program files/microchip/xc8/v2.36/avr/bin/../lib/gcc/avr/5.4.0/avr5/memx-const\libgcc.a(_tablejump2.o)
 .text.libgcc.builtins
                0x0000000000000000        0x0 c:/program files/microchip/xc8/v2.36/avr/bin/../lib/gcc/avr/5.4.0/avr5/memx-const\libgcc.a(_tablejump2.o)
 .text.libgcc.fmul
                0x0000000000000000        0x0 c:/program files/microchip/xc8/v2.36/avr/bin/../lib/gcc/avr/5.4.0/avr5/memx-const\libgcc.a(_tablejump2.o)
 .text.libgcc.fixed
                0x0000000000000000        0x0 c:/program files/microchip/xc8/v2.36/avr/bin/../lib/gcc/avr/5.4.0/avr5/memx-const\libgcc.a(_tablejump2.o)
 .text          0x0000000000000000        0x0 c:/program files/microchip/xc8/v2.36/avr/bin/../lib/gcc/avr/5.4.0/avr5/memx-const\libgcc.a(_copy_data.o)
 .data          0x0000000000000000        0x0 c:/program files/microchip/xc8/v2.36/avr/bin/../lib/gcc/avr/5.4.0/avr5/memx-const\libgcc.a(_copy_data.o)
 .bss           0x0000000000000000        0x0 c:/program files/microchip/xc8/v2.36/avr/bin/../lib/gcc/avr/5.4.0/avr5/memx-const\libgcc.a(_copy_data.o)
 .text.libgcc.mul
                0x0000000000000000        0x0 c:/program files/microchip/xc8/v2.36/avr/bin/../lib/gcc/avr/5.4.0/avr5/memx-const\libgcc.a(_copy_data.o)
 .text.libgcc.div
                0x0000000000000000        0x0 c:/program files/microchip/xc8/v2.36/avr/bin/../lib/gcc/avr/5.4.0/avr5/memx-const\libgcc.a(_copy_data.o)
 .text.libgcc   0x0000000000000000        0x0 c:/program files/microchip/xc8/v2.36/avr/bin/../lib/gcc/avr/5.4.0/avr5/memx-const\libgcc.a(_copy_data.o)
 .text.libgcc.prologue
                0x0000000000000000        0x0 c:/program files/microchip/xc8/v2.36/avr/bin/../lib/gcc/avr/5.4.0/avr5/memx-const\libgcc.a(_copy_data.o)
 .text.libgcc.builtins
                0x0000000000000000        0x0 c:/program files/microchip/xc8/v2.36/avr/bin/../lib/gcc/avr/5.4.0/avr5/memx-const\libgcc.a(_copy_data.o)
 .text.libgcc.fmul
                0x0000000000000000        0x0 c:/program files/microchip/xc8/v2.36/avr/bin/../lib/gcc/avr/5.4.0/avr5/memx-const\libgcc.a(_copy_data.o)
 .text.libgcc.fixed
                0x0000000000000000        0x0 c:/program files/microchip/xc8/v2.36/avr/bin/../lib/gcc/avr/5.4.0/avr5/memx-const\libgcc.a(_copy_data.o)
 .text          0x0000000000000000        0x0 c:/program files/microchip/xc8/v2.36/avr/bin/../lib/gcc/avr/5.4.0/../../../../avr/lib/avr5/memx-const\libc.a(exit.o)
 .data          0x0000000000000000        0x0 c:/program files/microchip/xc8/v2.36/avr/bin/../lib/gcc/avr/5.4.0/../../../../avr/lib/avr5/memx-const\libc.a(exit.o)
 .bss           0x0000000000000000        0x0 c:/program files/microchip/xc8/v2.36/avr/bin/../lib/gcc/avr/5.4.0/../../../../avr/lib/avr5/memx-const\libc.a(exit.o)
 .text          0x0000000000000000        0x0 c:/program files/microchip/xc8/v2.36/avr/bin/../lib/gcc/avr/5.4.0/../../../../avr/lib/avr5/memx-const\libc.a(_Exit.o)
 .data          0x0000000000000000        0x0 c:/program files/microchip/xc8/v2.36/avr/bin/../lib/gcc/avr/5.4.0/../../../../avr/lib/avr5/memx-const\libc.a(_Exit.o)
 .bss           0x0000000000000000        0x0 c:/program files/microchip/xc8/v2.36/avr/bin/../lib/gcc/avr/5.4.0/../../../../avr/lib/avr5/memx-const\libc.a(_Exit.o)
 .text          0x0000000000000000        0x0 c:/program files/microchip/xc8/v2.36/avr/bin/../lib/gcc/avr/5.4.0/avr5/memx-const\libgcc.a(_exit.o)
 .data          0x0000000000000000        0x0 c:/program files/microchip/xc8/v2.36/avr/bin/../lib/gcc/avr/5.4.0/avr5/memx-const\libgcc.a(_exit.o)
 .bss           0x0000000000000000        0x0 c:/program files/microchip/xc8/v2.36/avr/bin/../lib/gcc/avr/5.4.0/avr5/memx-const\libgcc.a(_exit.o)
 .text.libgcc.mul
                0x0000000000000000        0x0 c:/program files/microchip/xc8/v2.36/avr/bin/../lib/gcc/avr/5.4.0/avr5/memx-const\libgcc.a(_exit.o)
 .text.libgcc.div
                0x0000000000000000        0x0 c:/program files/microchip/xc8/v2.36/avr/bin/../lib/gcc/avr/5.4.0/avr5/memx-const\libgcc.a(_exit.o)
 .text.libgcc   0x0000000000000000        0x0 c:/program files/microchip/xc8/v2.36/avr/bin/../lib/gcc/avr/5.4.0/avr5/memx-const\libgcc.a(_exit.o)
 .text.libgcc.prologue
                0x0000000000000000        0x0 c:/program files/microchip/xc8/v2.36/avr/bin/../lib/gcc/avr/5.4.0/avr5/memx-const\libgcc.a(_exit.o)
 .stack.descriptors
                0x0000000000000000       0x13 c:/program files/microchip/xc8/v2.36/avr/bin/../lib/gcc/avr/5.4.0/avr5/memx-const\libgcc.a(_exit.o)
 .text.libgcc.builtins
                0x0000000000000000        0x0 c:/program files/microchip/xc8/v2.36/avr/bin/../lib/gcc/avr/5.4.0/avr5/memx-const\libgcc.a(_exit.o)
 .text.libgcc.fmul
                0x0000000000000000        0x0 c:/program files/microchip/xc8/v2.36/avr/bin/../lib/gcc/avr/5.4.0/avr5/memx-const\libgcc.a(_exit.o)
 .text.libgcc.fixed
                0x0000000000000000        0x0 c:/program files/microchip/xc8/v2.36/avr/bin/../lib/gcc/avr/5.4.0/avr5/memx-const\libgcc.a(_exit.o)

Memory Configuration

Name             Origin             Length             Attributes
text             0x0000000000000000 0x0000000000008000 xr
data             0x0000000000800060 0x0000000000000800 rw !x
eeprom           0x0000000000810000 0x0000000000000400 rw !x
fuse             0x0000000000820000 0x0000000000000002 rw !x
lock             0x0000000000830000 0x0000000000000400 rw !x
signature        0x0000000000840000 0x0000000000000400 rw !x
user_signatures  0x0000000000850000 0x0000000000000400 rw !x
*default*        0x0000000000000000 0xffffffffffffffff

Linker script and memory map

LOAD C:/Program Files (x86)/Atmel/Studio/7.0/Packs/atmel/ATmega_DFP/1.7.374/xc8/avr/lib/avr5/memx-const/crtatmega32.o
LOAD HAL/H7SEG/H7SEG_CONFIG.o
LOAD HAL/H7SEG/H7SEG_PROGRAM.o
LOAD HAL/HKEYPAD/HKEYPAD_CONFIG.o
LOAD HAL/HKEYPAD/HKEYPAD_PROGRAM.o
LOAD HAL/HLCD/HLCD_CONFIG.o
LOAD HAL/HLCD/HLCD_PROGRAM.o
LOAD HAL/HLED/HLED_CONFIG.o
LOAD HAL/HLED/HLED_PROGRAM.o
LOAD HAL/HSWITCH/HSWITCH_CONFIG.o
LOAD HAL/HSWITCH/HSWITCH_PROGRAM.o
LOAD main.o
LOAD MCAL/MADC/MADC_PROGRAM.o
LOAD MCAL/MDIO/MDIO_PROGRAM.o
LOAD MCAL/MEEPROM/MEEPROM_PROGRAM.o
LOAD MCAL/MINT/MINT_PROGRAM.o
LOAD MCAL/MSPI/MSPI_PROGRAM.o
LOAD MCAL/MTIMER/MPWM/MPWM_CONFIG.o
LOAD MCAL/MTIMER/MPWM/MPWM_PROGRAM.o
LOAD MCAL/MTIMER/MTIMER_PROGRAM.o
LOAD MCAL/MTWI/MTWI_PROGRAM.o
LOAD MCAL/MUSART/MUSART_PROGRAM.o
START GROUP
LOAD c:/program files/microchip/xc8/v2.36/avr/bin/../lib/gcc/avr/5.4.0/../../../../avr/lib/avr5/memx-const\libm.a
END GROUP
START GROUP
LOAD c:/program files/microchip/xc8/v2.36/avr/bin/../lib/gcc/avr/5.4.0/avr5/memx-const\libgcc.a
LOAD c:/program files/microchip/xc8/v2.36/avr/bin/../lib/gcc/avr/5.4.0/../../../../avr/lib/avr5/memx-const\libm.a
LOAD c:/program files/microchip/xc8/v2.36/avr/bin/../lib/gcc/avr/5.4.0/../../../../avr/lib/avr5/memx-const\libc.a
LOAD C:/Program Files (x86)/Atmel/Studio/7.0/Packs/atmel/ATmega_DFP/1.7.374/xc8/avr/lib/avr5/memx-const\libatmega32.a
END GROUP
                0x0000000000000000                __TEXT_REGION_ORIGIN__ = DEFINED (__TEXT_REGION_ORIGIN__)?__TEXT_REGION_ORIGIN__:0x0
                [0x0000000000800060]                __DATA_REGION_ORIGIN__ = DEFINED (__DATA_REGION_ORIGIN__)?__DATA_REGION_ORIGIN__:0x800060
                [0x0000000000008000]                __TEXT_REGION_LENGTH__ = DEFINED (__TEXT_REGION_LENGTH__)?__TEXT_REGION_LENGTH__:0x20000
                [0x0000000000000800]                __DATA_REGION_LENGTH__ = DEFINED (__DATA_REGION_LENGTH__)?__DATA_REGION_LENGTH__:0xffa0
                [0x0000000000000400]                __EEPROM_REGION_LENGTH__ = DEFINED (__EEPROM_REGION_LENGTH__)?__EEPROM_REGION_LENGTH__:0x10000
                [0x0000000000000002]                __FUSE_REGION_LENGTH__ = DEFINED (__FUSE_REGION_LENGTH__)?__FUSE_REGION_LENGTH__:0x400
                0x0000000000000400                __LOCK_REGION_LENGTH__ = DEFINED (__LOCK_REGION_LENGTH__)?__LOCK_REGION_LENGTH__:0x400
                0x0000000000000400                __SIGNATURE_REGION_LENGTH__ = DEFINED (__SIGNATURE_REGION_LENGTH__)?__SIGNATURE_REGION_LENGTH__:0x400
                0x0000000000000400                __USER_SIGNATURE_REGION_LENGTH__ = DEFINED (__USER_SIGNATURE_REGION_LENGTH__)?__USER_SIGNATURE_REGION_LENGTH__:0x400

.hash
 *(.hash)

.dynsym
 *(.dynsym)

.dynstr
 *(.dynstr)

.gnu.version
 *(.gnu.version)

.gnu.version_d
 *(.gnu.version_d)

.gnu.version_r
 *(.gnu.version_r)

.rel.init
 *(.rel.init)

.rela.init
 *(.rela.init)

.rel.text
 *(.rel.text)
 *(.rel.text.*)
 *(.rel.gnu.linkonce.t*)

.rela.text
 *(.rela.text)
 *(.rela.text.*)
 *(.rela.gnu.linkonce.t*)

.rel.fini
 *(.rel.fini)

.rela.fini
 *(.rela.fini)

.rel.rodata
 *(.rel.rodata)
 *(.rel.rodata.*)
 *(.rel.gnu.linkonce.r*)

.rela.rodata
 *(.rela.rodata)
 *(.rela.rodata.*)
 *(.rela.gnu.linkonce.r*)

.rel.data
 *(.rel.data)
 *(.rel.data.*)
 *(.rel.gnu.linkonce.d*)

.rela.data
 *(.rela.data)
 *(.rela.data.*)
 *(.rela.gnu.linkonce.d*)

.rel.ctors
 *(.rel.ctors)

.rela.ctors
 *(.rela.ctors)

.rel.dtors
 *(.rel.dtors)

.rela.dtors
 *(.rela.dtors)

.rel.got
 *(.rel.got)

.rela.got
 *(.rela.got)

.rel.bss
 *(.rel.bss)

.rela.bss
 *(.rela.bss)

.rel.plt
 *(.rel.plt)

.rela.plt
 *(.rela.plt)

.text           0x0000000000000000       0xd4
 *(.vectors)
 .vectors       0x0000000000000000       0x54 C:/Program Files (x86)/Atmel/Studio/7.0/Packs/atmel/ATmega_DFP/1.7.374/xc8/avr/lib/avr5/memx-const/crtatmega32.o
                0x0000000000000000                __vector_default
                0x0000000000000000                __vectors
 *(.vectors)
 *(.progmem.gcc*)
 *(.dinit)
 .dinit         0x0000000000000054       0x2b data_init
                0x0000000000000080                . = ALIGN (0x2)
 *fill*         0x000000000000007f        0x1 
                0x0000000000000080                __trampolines_start = .
 *(.trampolines)
 .trampolines   0x0000000000000080        0x0 linker stubs
 *(.trampolines*)
                0x0000000000000080                __trampolines_end = .
 *libprintf_flt.a:*(.progmem.data)
 *libc.a:*(.progmem.data)
                0x0000000000000080                . = ALIGN (0x2)
 *(.jumptables)
 *(.jumptables*)
 *(.lowtext)
 *(.lowtext*)
                0x0000000000000080                __ctors_start = .
 *(.ctors)
                0x0000000000000080                __ctors_end = .
                0x0000000000000080                __dtors_start = .
 *(.dtors)
                0x0000000000000080                __dtors_end = .
 SORT(*)(.ctors)
 SORT(*)(.dtors)
 *(.init0)
 .init0         0x0000000000000080        0x0 C:/Program Files (x86)/Atmel/Studio/7.0/Packs/atmel/ATmega_DFP/1.7.374/xc8/avr/lib/avr5/memx-const/crtatmega32.o
                0x0000000000000080                __init
 *(.init0)
 *(.init1)
 *(.init1)
 *(.init2)
 .init2         0x0000000000000080        0xc C:/Program Files (x86)/Atmel/Studio/7.0/Packs/atmel/ATmega_DFP/1.7.374/xc8/avr/lib/avr5/memx-const/crtatmega32.o
 *(.init2)
 *(.init3)
 *(.init3)
 *(.init4)
 .init4         0x000000000000008c       0x3c c:/program files/microchip/xc8/v2.36/avr/bin/../lib/gcc/avr/5.4.0/avr5/memx-const\libgcc.a(_copy_data.o)
                0x000000000000008c                __do_copy_data
                0x00000000000000ba                __do_clear_bss
 *(.init4)
 *(.init5)
 *(.init5)
 *(.init6)
 *(.init6)
 *(.init7)
 *(.init7)
 *(.init8)
 *(.init8)
 *(.init9)
 .init9         0x00000000000000c8        0x8 C:/Program Files (x86)/Atmel/Studio/7.0/Packs/atmel/ATmega_DFP/1.7.374/xc8/avr/lib/avr5/memx-const/crtatmega32.o
 *(.init9)
                0x00000000000000d0                . = ALIGN (0x2)
 *(.fini9)
 .fini9         0x00000000000000d0        0x0 c:/program files/microchip/xc8/v2.36/avr/bin/../lib/gcc/avr/5.4.0/avr5/memx-const\libgcc.a(_exit.o)
                0x00000000000000d0                _exit
 *(.fini9)
 *(.fini8)
 *(.fini8)
 *(.fini7)
 *(.fini7)
 *(.fini6)
 *(.fini6)
 *(.fini5)
 *(.fini5)
 *(.fini4)
 *(.fini4)
 *(.fini3)
 *(.fini3)
 *(.fini2)
 *(.fini2)
 *(.fini1)
 *(.fini1)
 *(.fini0)
 .fini0         0x00000000000000d0        0x4 c:/program files/microchip/xc8/v2.36/avr/bin/../lib/gcc/avr/5.4.0/avr5/memx-const\libgcc.a(_exit.o)
 *(.fini0)
                0x00000000000000d4                _etext = .

.data           0x0000000000800060        0x0 load address 0x00000000000000d4
                [!provide]                        PROVIDE (__data_start, .)
 *(.gnu.linkonce.d*)
 *(.gnu.linkonce.r*)
                0x0000000000800060                . = ALIGN (0x2)
                0x0000000000800060                _edata = .
                [!provide]                        PROVIDE (__data_end, .)

.bss            0x0000000000800060        0x0
                [!provide]                        PROVIDE (__bss_start, .)
 *(COMMON)
                [!provide]                        PROVIDE (__bss_end, .)
                0x00000000000000d4                __data_load_start = LOADADDR (.data)
                0x00000000000000d4                __data_load_end = (__data_load_start + SIZEOF (.data))

.noinit         0x0000000000800060        0x0
                [!provide]                        PROVIDE (__noinit_start, .)
 *(.noinit*)
                [!provide]                        PROVIDE (__noinit_end, .)
                0x0000000000800060                _end = .

.eeprom         0x0000000000810000        0x0
 *(.eeprom*)
                0x0000000000810000                __eeprom_end = .

.fuse
 *(.fuse)
 *(.lfuse)
 *(.hfuse)
 *(.efuse)

.lock
 *(.lock*)

.signature
 *(.signature*)

.user_signatures
 *(.user_signatures*)

.stab
 *(.stab)

.stabstr
 *(.stabstr)

.stab.excl
 *(.stab.excl)

.stab.exclstr
 *(.stab.exclstr)

.stab.index
 *(.stab.index)

.stab.indexstr
 *(.stab.indexstr)

.comment        0x0000000000000000       0x2f
 *(.comment)
 .comment       0x0000000000000000       0x2f HAL/HKEYPAD/HKEYPAD_CONFIG.o
                                         0x30 (size before relaxing)
 .comment       0x000000000000002f       0x30 HAL/HKEYPAD/HKEYPAD_PROGRAM.o
 .comment       0x000000000000002f       0x30 HAL/HLCD/HLCD_CONFIG.o
 .comment       0x000000000000002f       0x30 HAL/HLCD/HLCD_PROGRAM.o
 .comment       0x000000000000002f       0x30 main.o
 .comment       0x000000000000002f       0x30 MCAL/MDIO/MDIO_PROGRAM.o
 .comment       0x000000000000002f       0x30 MCAL/MEEPROM/MEEPROM_PROGRAM.o
 .comment       0x000000000000002f       0x30 MCAL/MINT/MINT_PROGRAM.o
 .comment       0x000000000000002f       0x30 MCAL/MSPI/MSPI_PROGRAM.o
 .comment       0x000000000000002f       0x30 MCAL/MTIMER/MTIMER_PROGRAM.o
 .comment       0x000000000000002f       0x30 c:/program files/microchip/xc8/v2.36/avr/bin/../lib/gcc/avr/5.4.0/../../../../avr/lib/avr5/memx-const\libc.a(exit.o)
 .comment       0x000000000000002f       0x30 c:/program files/microchip/xc8/v2.36/avr/bin/../lib/gcc/avr/5.4.0/../../../../avr/lib/avr5/memx-const\libc.a(_Exit.o)

.note.GNU-stack
                0x0000000000000000        0x0
 .note.GNU-stack
                0x0000000000000000        0x0 c:/program files/microchip/xc8/v2.36/avr/bin/../lib/gcc/avr/5.4.0/../../../../avr/lib/avr5/memx-const\libc.a(exit.o)
 .note.GNU-stack
                0x0000000000000000        0x0 c:/program files/microchip/xc8/v2.36/avr/bin/../lib/gcc/avr/5.4.0/../../../../avr/lib/avr5/memx-const\libc.a(_Exit.o)

.stack.descriptors.hdr
                0x0000000000000000        0xe
 .stack.descriptors.hdr
                0x0000000000000000        0xe c:/program files/microchip/xc8/v2.36/avr/bin/../lib/gcc/avr/5.4.0/avr5/memx-const\libgcc.a(_exit.o)

.note.gnu.build-id
 *(.note.gnu.build-id)

.debug
 *(.debug)

.line
 *(.line)

.debug_srcinfo
 *(.debug_srcinfo)

.debug_sfnames
 *(.debug_sfnames)

.debug_aranges  0x0000000000000000      0x288
 *(.debug_aranges)
 .debug_aranges
                0x0000000000000000       0x18 HAL/HKEYPAD/HKEYPAD_CONFIG.o
 .debug_aranges
                0x0000000000000018       0x28 HAL/HKEYPAD/HKEYPAD_PROGRAM.o
 .debug_aranges
                0x0000000000000040       0x18 HAL/HLCD/HLCD_CONFIG.o
 .debug_aranges
                0x0000000000000058       0x48 HAL/HLCD/HLCD_PROGRAM.o
 .debug_aranges
                0x00000000000000a0       0x20 main.o
 .debug_aranges
                0x00000000000000c0       0x50 MCAL/MDIO/MDIO_PROGRAM.o
 .debug_aranges
                0x0000000000000110       0x28 MCAL/MEEPROM/MEEPROM_PROGRAM.o
 .debug_aranges
                0x0000000000000138       0x70 MCAL/MINT/MINT_PROGRAM.o
 .debug_aranges
                0x00000000000001a8       0x48 MCAL/MSPI/MSPI_PROGRAM.o
 .debug_aranges
                0x00000000000001f0       0x98 MCAL/MTIMER/MTIMER_PROGRAM.o

.debug_pubnames
 *(.debug_pubnames)

.debug_info     0x0000000000000000     0x612a
 *(.debug_info .gnu.linkonce.wi.*)
 .debug_info    0x0000000000000000      0x4e6 C:/Program Files (x86)/Atmel/Studio/7.0/Packs/atmel/ATmega_DFP/1.7.374/xc8/avr/lib/avr5/memx-const/crtatmega32.o
 .debug_info    0x00000000000004e6      0x47a HAL/HKEYPAD/HKEYPAD_CONFIG.o
 .debug_info    0x0000000000000960      0x912 HAL/HKEYPAD/HKEYPAD_PROGRAM.o
 .debug_info    0x0000000000001272      0x519 HAL/HLCD/HLCD_CONFIG.o
 .debug_info    0x000000000000178b     0x11b2 HAL/HLCD/HLCD_PROGRAM.o
 .debug_info    0x000000000000293d     0x12b2 main.o
 .debug_info    0x0000000000003bef      0x6e9 MCAL/MDIO/MDIO_PROGRAM.o
 .debug_info    0x00000000000042d8      0x301 MCAL/MEEPROM/MEEPROM_PROGRAM.o
 .debug_info    0x00000000000045d9      0x641 MCAL/MINT/MINT_PROGRAM.o
 .debug_info    0x0000000000004c1a      0x738 MCAL/MSPI/MSPI_PROGRAM.o
 .debug_info    0x0000000000005352      0xdd8 MCAL/MTIMER/MTIMER_PROGRAM.o

.debug_abbrev   0x0000000000000000     0x1177
 *(.debug_abbrev)
 .debug_abbrev  0x0000000000000000      0x4a3 C:/Program Files (x86)/Atmel/Studio/7.0/Packs/atmel/ATmega_DFP/1.7.374/xc8/avr/lib/avr5/memx-const/crtatmega32.o
 .debug_abbrev  0x00000000000004a3       0x7f HAL/HKEYPAD/HKEYPAD_CONFIG.o
 .debug_abbrev  0x0000000000000522      0x19c HAL/HKEYPAD/HKEYPAD_PROGRAM.o
 .debug_abbrev  0x00000000000006be       0x8e HAL/HLCD/HLCD_CONFIG.o
 .debug_abbrev  0x000000000000074c      0x25a HAL/HLCD/HLCD_PROGRAM.o
 .debug_abbrev  0x00000000000009a6      0x19d main.o
 .debug_abbrev  0x0000000000000b43      0x108 MCAL/MDIO/MDIO_PROGRAM.o
 .debug_abbrev  0x0000000000000c4b       0x80 MCAL/MEEPROM/MEEPROM_PROGRAM.o
 .debug_abbrev  0x0000000000000ccb      0x106 MCAL/MINT/MINT_PROGRAM.o
 .debug_abbrev  0x0000000000000dd1      0x140 MCAL/MSPI/MSPI_PROGRAM.o
 .debug_abbrev  0x0000000000000f11      0x266 MCAL/MTIMER/MTIMER_PROGRAM.o

.debug_line     0x0000000000000000     0x1eb1
 *(.debug_line .debug_line.* .debug_line_end)
 .debug_line    0x0000000000000000      0x119 C:/Program Files (x86)/Atmel/Studio/7.0/Packs/atmel/ATmega_DFP/1.7.374/xc8/avr/lib/avr5/memx-const/crtatmega32.o
 .debug_line    0x0000000000000119       0x87 HAL/HKEYPAD/HKEYPAD_CONFIG.o
 .debug_line    0x00000000000001a0      0x2ca HAL/HKEYPAD/HKEYPAD_PROGRAM.o
 .debug_line    0x000000000000046a       0x7b HAL/HLCD/HLCD_CONFIG.o
 .debug_line    0x00000000000004e5      0x61c HAL/HLCD/HLCD_PROGRAM.o
 .debug_line    0x0000000000000b01      0x427 main.o
 .debug_line    0x0000000000000f28      0x4d1 MCAL/MDIO/MDIO_PROGRAM.o
 .debug_line    0x00000000000013f9       0xd6 MCAL/MEEPROM/MEEPROM_PROGRAM.o
 .debug_line    0x00000000000014cf      0x2dd MCAL/MINT/MINT_PROGRAM.o
 .debug_line    0x00000000000017ac      0x235 MCAL/MSPI/MSPI_PROGRAM.o
 .debug_line    0x00000000000019e1      0x4d0 MCAL/MTIMER/MTIMER_PROGRAM.o

.debug_frame    0x0000000000000000      0x6d4
 *(.debug_frame)
 .debug_frame   0x0000000000000000       0xb8 HAL/HKEYPAD/HKEYPAD_PROGRAM.o
 .debug_frame   0x00000000000000b8      0x18c HAL/HLCD/HLCD_PROGRAM.o
 .debug_frame   0x0000000000000244       0x24 main.o
 .debug_frame   0x0000000000000268       0x84 MCAL/MDIO/MDIO_PROGRAM.o
 .debug_frame   0x00000000000002ec       0x34 MCAL/MEEPROM/MEEPROM_PROGRAM.o
 .debug_frame   0x0000000000000320      0x19c MCAL/MINT/MINT_PROGRAM.o
 .debug_frame   0x00000000000004bc       0x8c MCAL/MSPI/MSPI_PROGRAM.o
 .debug_frame   0x0000000000000548      0x18c MCAL/MTIMER/MTIMER_PROGRAM.o

.debug_str      0x0000000000000000      0x3de
 *(.debug_str)
 .debug_str     0x0000000000000000      0x196 C:/Program Files (x86)/Atmel/Studio/7.0/Packs/atmel/ATmega_DFP/1.7.374/xc8/avr/lib/avr5/memx-const/crtatmega32.o
 .debug_str     0x0000000000000196        0x0 HAL/HKEYPAD/HKEYPAD_CONFIG.o
 .debug_str     0x0000000000000196       0x3d HAL/HKEYPAD/HKEYPAD_PROGRAM.o
 .debug_str     0x00000000000001d3        0x9 HAL/HLCD/HLCD_CONFIG.o
 .debug_str     0x00000000000001dc       0x4d HAL/HLCD/HLCD_PROGRAM.o
 .debug_str     0x0000000000000229      0x11e main.o
 .debug_str     0x0000000000000347       0x41 MCAL/MDIO/MDIO_PROGRAM.o
 .debug_str     0x0000000000000388        0x0 MCAL/MEEPROM/MEEPROM_PROGRAM.o
 .debug_str     0x0000000000000388        0xe MCAL/MINT/MINT_PROGRAM.o
 .debug_str     0x0000000000000396       0x28 MCAL/MSPI/MSPI_PROGRAM.o
 .debug_str     0x00000000000003be       0x20 MCAL/MTIMER/MTIMER_PROGRAM.o

.debug_loc      0x0000000000000000     0x1d66
 *(.debug_loc)
 .debug_loc     0x0000000000000000      0x29d HAL/HKEYPAD/HKEYPAD_PROGRAM.o
 .debug_loc     0x000000000000029d      0xb7d HAL/HLCD/HLCD_PROGRAM.o
 .debug_loc     0x0000000000000e1a      0x155 main.o
 .debug_loc     0x0000000000000f6f      0x2e0 MCAL/MDIO/MDIO_PROGRAM.o
 .debug_loc     0x000000000000124f       0x5f MCAL/MEEPROM/MEEPROM_PROGRAM.o
 .debug_loc     0x00000000000012ae      0x3f8 MCAL/MINT/MINT_PROGRAM.o
 .debug_loc     0x00000000000016a6       0xbc MCAL/MSPI/MSPI_PROGRAM.o
 .debug_loc     0x0000000000001762      0x604 MCAL/MTIMER/MTIMER_PROGRAM.o

.debug_macinfo
 *(.debug_macinfo)

.debug_weaknames
 *(.debug_weaknames)

.debug_funcnames
 *(.debug_funcnames)

.debug_typenames
 *(.debug_typenames)

.debug_varnames
 *(.debug_varnames)

.debug_pubtypes
 *(.debug_pubtypes)

.debug_ranges   0x0000000000000000      0x1f0
 *(.debug_ranges)
 .debug_ranges  0x0000000000000000       0x18 HAL/HKEYPAD/HKEYPAD_PROGRAM.o
 .debug_ranges  0x0000000000000018       0x50 HAL/HLCD/HLCD_PROGRAM.o
 .debug_ranges  0x0000000000000068       0x10 main.o
 .debug_ranges  0x0000000000000078       0x40 MCAL/MDIO/MDIO_PROGRAM.o
 .debug_ranges  0x00000000000000b8       0x18 MCAL/MEEPROM/MEEPROM_PROGRAM.o
 .debug_ranges  0x00000000000000d0       0x60 MCAL/MINT/MINT_PROGRAM.o
 .debug_ranges  0x0000000000000130       0x38 MCAL/MSPI/MSPI_PROGRAM.o
 .debug_ranges  0x0000000000000168       0x88 MCAL/MTIMER/MTIMER_PROGRAM.o

.debug_macro
 *(.debug_macro)
OUTPUT(SMART_HOME_PROJECT.elf elf32-avr)
LOAD linker stubs
LOAD data_init

.note.gnu.avr.deviceinfo
                0x0000000000000000       0x3c
 .note.gnu.avr.deviceinfo
                0x0000000000000000       0x3c C:/Program Files (x86)/Atmel/Studio/7.0/Packs/atmel/ATmega_DFP/1.7.374/xc8/avr/lib/avr5/memx-const/crtatmega32.o

.bss.counter_for_wrong_pass_entered
                0x0000000000800151        0x1
 .bss.counter_for_wrong_pass_entered
                0x0000000000800151        0x1 main.o
                0x0000000000800151                counter_for_wrong_pass_entered

.bss.lcd_flag   0x0000000000800152        0x1
 .bss.lcd_flag  0x0000000000800152        0x1 main.o
                0x0000000000800152                lcd_flag

.bss.sequence   0x0000000000800153        0x1
 .bss.sequence  0x0000000000800153        0x1 main.o
                0x0000000000800153                sequence

.bss.add_of_pass_saved_in_eeprom
                0x0000000000800155        0x1
 .bss.add_of_pass_saved_in_eeprom
                0x0000000000800155        0x1 main.o
                0x0000000000800155                add_of_pass_saved_in_eeprom

.bss.value_in_keypad
                0x0000000000800156        0x1
 .bss.value_in_keypad
                0x0000000000800156        0x1 main.o
                0x0000000000800156                value_in_keypad

.bss.EXINT_CALLBACK
                0x0000000000800132        0x6
 .bss.EXINT_CALLBACK
                0x0000000000800132        0x6 MCAL/MINT/MINT_PROGRAM.o

.bss.u16counter_of_ovf_timer0
                0x000000000080014f        0x2
 .bss.u16counter_of_ovf_timer0
                0x000000000080014f        0x2 MCAL/MTIMER/MTIMER_PROGRAM.o

.text.main      0x00000000000000d4      0x2e8
 .text.main     0x00000000000000d4      0x2e8 main.o
                0x00000000000000d4                main

.text.voidLCDwrite_data_HLCD
                0x00000000000003bc      0x23c
 .text.voidLCDwrite_data_HLCD
                0x00000000000003bc      0x23c HAL/HLCD/HLCD_PROGRAM.o
                0x00000000000003bc                voidLCDwrite_data_HLCD

.text.voidinitlcd_HLCD
                0x00000000000005f8      0x178
 .text.voidinitlcd_HLCD
                0x00000000000005f8      0x178 HAL/HLCD/HLCD_PROGRAM.o
                0x00000000000005f8                voidinitlcd_HLCD

.text.enumkeypadgetnumber_HKEYPAD
                0x0000000000000770      0x120
 .text.enumkeypadgetnumber_HKEYPAD
                0x0000000000000770      0x120 HAL/HKEYPAD/HKEYPAD_PROGRAM.o
                0x0000000000000770                enumkeypadgetnumber_HKEYPAD

.text.enumpindirection_MDIO
                0x0000000000000890      0x114
 .text.enumpindirection_MDIO
                0x0000000000000890      0x114 MCAL/MDIO/MDIO_PROGRAM.o
                0x0000000000000890                enumpindirection_MDIO

.text.enumpinvalue_MDIO
                0x00000000000009a4      0x114
 .text.enumpinvalue_MDIO
                0x00000000000009a4      0x114 MCAL/MDIO/MDIO_PROGRAM.o
                0x00000000000009a4                enumpinvalue_MDIO

.text.voidinitkeypad_HKEYPAD
                0x0000000000000ab8       0xd0
 .text.voidinitkeypad_HKEYPAD
                0x0000000000000ab8       0xd0 HAL/HKEYPAD/HKEYPAD_PROGRAM.o
                0x0000000000000ab8                voidinitkeypad_HKEYPAD

.text.enumpingetvalue_MDIO
                0x0000000000000b88       0xaa
 .text.enumpingetvalue_MDIO
                0x0000000000000b88       0xaa MCAL/MDIO/MDIO_PROGRAM.o
                0x0000000000000b88                enumpingetvalue_MDIO

.text.voidinitspi_master_MSPI
                0x0000000000000c32       0x72
 .text.voidinitspi_master_MSPI
                0x0000000000000c32       0x72 MCAL/MSPI/MSPI_PROGRAM.o
                0x0000000000000c32                voidinitspi_master_MSPI

.text.voidLCDstring_HLCD
                0x0000000000000ca4       0x50
 .text.voidLCDstring_HLCD
                0x0000000000000ca4       0x50 HAL/HLCD/HLCD_PROGRAM.o
                0x0000000000000ca4                voidLCDstring_HLCD

.text.__vector_1
                0x0000000000000cf4       0x4e
 .text.__vector_1
                0x0000000000000cf4       0x4e MCAL/MINT/MINT_PROGRAM.o
                0x0000000000000cf4                __vector_1

.text.__vector_2
                0x0000000000000d42       0x4e
 .text.__vector_2
                0x0000000000000d42       0x4e MCAL/MINT/MINT_PROGRAM.o
                0x0000000000000d42                __vector_2

.text.__vector_3
                0x0000000000000d90       0x4e
 .text.__vector_3
                0x0000000000000d90       0x4e MCAL/MINT/MINT_PROGRAM.o
                0x0000000000000d90                __vector_3

.text.__vector_11
                0x0000000000000dde       0x2e
 .text.__vector_11
                0x0000000000000dde       0x2e MCAL/MTIMER/MTIMER_PROGRAM.o
                0x0000000000000dde                __vector_11

.text.u8spi_master_receive_byte_MSPI
                0x0000000000000e0c       0x2a
 .text.u8spi_master_receive_byte_MSPI
                0x0000000000000e0c       0x2a MCAL/MSPI/MSPI_PROGRAM.o
                0x0000000000000e0c                u8spi_master_receive_byte_MSPI

.text.voidspi_master_transmit_byte_MSPI
                0x0000000000000e36       0x28
 .text.voidspi_master_transmit_byte_MSPI
                0x0000000000000e36       0x28 MCAL/MSPI/MSPI_PROGRAM.o
                0x0000000000000e36                voidspi_master_transmit_byte_MSPI

.text.voidEEPROM_WRITE_BYTE
                0x0000000000000e5e       0x18
 .text.voidEEPROM_WRITE_BYTE
                0x0000000000000e5e       0x18 MCAL/MEEPROM/MEEPROM_PROGRAM.o
                0x0000000000000e5e                voidEEPROM_WRITE_BYTE

.text.exit      0x0000000000000e76       0x16
 .text.exit     0x0000000000000e76       0x16 c:/program files/microchip/xc8/v2.36/avr/bin/../lib/gcc/avr/5.4.0/../../../../avr/lib/avr5/memx-const\libc.a(exit.o)
                0x0000000000000e76                exit

.text.u8EEPROM_READ_BYTE_MEEPROM
                0x0000000000000e8c       0x12
 .text.u8EEPROM_READ_BYTE_MEEPROM
                0x0000000000000e8c       0x12 MCAL/MEEPROM/MEEPROM_PROGRAM.o
                0x0000000000000e8c                u8EEPROM_READ_BYTE_MEEPROM

.text.voidlcdclear
                0x0000000000000e9e        0xc
 .text.voidlcdclear
                0x0000000000000e9e        0xc HAL/HLCD/HLCD_PROGRAM.o
                0x0000000000000e9e                voidlcdclear

.text           0x0000000000000eaa        0x4
 .text          0x0000000000000eaa        0x4 C:/Program Files (x86)/Atmel/Studio/7.0/Packs/atmel/ATmega_DFP/1.7.374/xc8/avr/lib/avr5/memx-const/crtatmega32.o
                0x0000000000000eaa                __vector_12
                0x0000000000000eaa                __bad_interrupt
                0x0000000000000eaa                __vector_6
                0x0000000000000eaa                __vector_13
                0x0000000000000eaa                __vector_17
                0x0000000000000eaa                __vector_19
                0x0000000000000eaa                __vector_7
                0x0000000000000eaa                __vector_5
                0x0000000000000eaa                __vector_4
                0x0000000000000eaa                __vector_9
                0x0000000000000eaa                __vector_15
                0x0000000000000eaa                __vector_8
                0x0000000000000eaa                __vector_14
                0x0000000000000eaa                __vector_10
                0x0000000000000eaa                __vector_16
                0x0000000000000eaa                __vector_18
                0x0000000000000eaa                __vector_20

.text._Exit     0x0000000000000eae        0x4
 .text._Exit    0x0000000000000eae        0x4 c:/program files/microchip/xc8/v2.36/avr/bin/../lib/gcc/avr/5.4.0/../../../../avr/lib/avr5/memx-const\libc.a(_Exit.o)
                0x0000000000000eae                _Exit

.text.__dummy_fini
                0x0000000000000eb2        0x2
 .text.__dummy_fini
                0x0000000000000eb2        0x2 c:/program files/microchip/xc8/v2.36/avr/bin/../lib/gcc/avr/5.4.0/../../../../avr/lib/avr5/memx-const\libc.a(exit.o)
                0x0000000000000eb2                _fini

.text.__dummy_funcs_on_exit
                0x0000000000000eb4        0x2
 .text.__dummy_funcs_on_exit
                0x0000000000000eb4        0x2 c:/program files/microchip/xc8/v2.36/avr/bin/../lib/gcc/avr/5.4.0/../../../../avr/lib/avr5/memx-const\libc.a(exit.o)
                0x0000000000000eb4                __funcs_on_exit

.text.__dummy_simulator_exit
                0x0000000000000eb6        0x2
 .text.__dummy_simulator_exit
                0x0000000000000eb6        0x2 c:/program files/microchip/xc8/v2.36/avr/bin/../lib/gcc/avr/5.4.0/../../../../avr/lib/avr5/memx-const\libc.a(exit.o)
                0x0000000000000eb6                __simulator_exit

.data.HLCD_arrayoflcds
                0x0000000000800060       0x2d load address 0x0000000000000eb8
 .data.HLCD_arrayoflcds
                0x0000000000800060       0x2d HAL/HLCD/HLCD_CONFIG.o
                0x0000000000800060                HLCD_arrayoflcds

.data.HKEYPAD_arrayofkeypads
                0x000000000080008d       0x20 load address 0x0000000000000ee5
 .data.HKEYPAD_arrayofkeypads
                0x000000000080008d       0x20 HAL/HKEYPAD/HKEYPAD_CONFIG.o
                0x000000000080008d                HKEYPAD_arrayofkeypads

.data.pass_saved_successfully
                0x00000000008000ad       0x1c load address 0x0000000000000f05
 .data.pass_saved_successfully
                0x00000000008000ad       0x1c main.o
                0x00000000008000ad                pass_saved_successfully

.data.set_admin_pass
                0x00000000008000c9       0x1c load address 0x0000000000000f21
 .data.set_admin_pass
                0x00000000008000c9       0x1c main.o
                0x00000000008000c9                set_admin_pass

.data.keypad    0x00000000008000e5       0x10 load address 0x0000000000000f3d
 .data.keypad   0x00000000008000e5       0x10 HAL/HKEYPAD/HKEYPAD_PROGRAM.o
                0x00000000008000e5                keypad

.data.error_massage
                0x00000000008000f5        0xf load address 0x0000000000000f4d
 .data.error_massage
                0x00000000008000f5        0xf main.o
                0x00000000008000f5                error_massage

.data.choose    0x0000000000800104        0xd load address 0x0000000000000f5c
 .data.choose   0x0000000000800104        0xd main.o
                0x0000000000800104                choose

.data.restart_system
                0x0000000000800111        0xc load address 0x0000000000000f69
 .data.restart_system
                0x0000000000800111        0xc main.o
                0x0000000000800111                restart_system

.data.right_pass
                0x000000000080011d        0xb load address 0x0000000000000f75
 .data.right_pass
                0x000000000080011d        0xb main.o
                0x000000000080011d                right_pass

.data.enter_password_message
                0x0000000000800128        0xa load address 0x0000000000000f80
 .data.enter_password_message
                0x0000000000800128        0xa main.o
                0x0000000000800128                enter_password_message

.data.off       0x0000000000800138        0x4 load address 0x0000000000000f8a
 .data.off      0x0000000000800138        0x4 main.o
                0x0000000000800138                off

.data.SCK_PIN   0x000000000080013c        0x4 load address 0x0000000000000f8e
 .data.SCK_PIN  0x000000000080013c        0x4 MCAL/MSPI/MSPI_PROGRAM.o
                0x000000000080013c                SCK_PIN

.data.MISO_PIN  0x0000000000800140        0x4 load address 0x0000000000000f92
 .data.MISO_PIN
                0x0000000000800140        0x4 MCAL/MSPI/MSPI_PROGRAM.o
                0x0000000000800140                MISO_PIN

.data.MOSI_PIN  0x0000000000800144        0x4 load address 0x0000000000000f96
 .data.MOSI_PIN
                0x0000000000800144        0x4 MCAL/MSPI/MSPI_PROGRAM.o
                0x0000000000800144                MOSI_PIN

.data.SS_PIN    0x0000000000800148        0x4 load address 0x0000000000000f9a
 .data.SS_PIN   0x0000000000800148        0x4 MCAL/MSPI/MSPI_PROGRAM.o
                0x0000000000800148                SS_PIN

.data.on        0x000000000080014c        0x3 load address 0x0000000000000f9e
 .data.on       0x000000000080014c        0x3 main.o
                0x000000000080014c                on

.data.add_of_pass_entered_by_user
                0x0000000000800154        0x1 load address 0x0000000000000fa1
 .data.add_of_pass_entered_by_user
                0x0000000000800154        0x1 main.o
                0x0000000000800154                add_of_pass_entered_by_user

.data.state_of_led2
                0x0000000000800157        0x1 load address 0x0000000000000fa2
 .data.state_of_led2
                0x0000000000800157        0x1 main.o
                0x0000000000800157                state_of_led2

.data.state_of_led1
                0x0000000000800158        0x1 load address 0x0000000000000fa3
 .data.state_of_led1
                0x0000000000800158        0x1 main.o
                0x0000000000800158                state_of_led1

.data.state_of_led0
                0x0000000000800159        0x1 load address 0x0000000000000fa4
 .data.state_of_led0
                0x0000000000800159        0x1 main.o
                0x0000000000800159                state_of_led0
