Archive member included to satisfy reference by file (symbol)

c:/program files/microchip/xc8/v2.36/avr/bin/../lib/gcc/avr/5.4.0/../../../../avr/lib/avr5/memx-const\libm.a(addsf3.o)
                              HAL/HLCD/HLCD_PROGRAM.o (__subsf3)
c:/program files/microchip/xc8/v2.36/avr/bin/../lib/gcc/avr/5.4.0/../../../../avr/lib/avr5/memx-const\libm.a(addsf3x.o)
                              c:/program files/microchip/xc8/v2.36/avr/bin/../lib/gcc/avr/5.4.0/../../../../avr/lib/avr5/memx-const\libm.a(addsf3.o) (__addsf3x)
c:/program files/microchip/xc8/v2.36/avr/bin/../lib/gcc/avr/5.4.0/../../../../avr/lib/avr5/memx-const\libm.a(divsf3.o)
                              HAL/HSERVO/HSERVO_PROGRAM.o (__divsf3)
c:/program files/microchip/xc8/v2.36/avr/bin/../lib/gcc/avr/5.4.0/../../../../avr/lib/avr5/memx-const\libm.a(divsf3x.o)
                              c:/program files/microchip/xc8/v2.36/avr/bin/../lib/gcc/avr/5.4.0/../../../../avr/lib/avr5/memx-const\libm.a(divsf3.o) (__divsf3x)
c:/program files/microchip/xc8/v2.36/avr/bin/../lib/gcc/avr/5.4.0/../../../../avr/lib/avr5/memx-const\libm.a(fixunssfsi.o)
                              HAL/HLCD/HLCD_PROGRAM.o (__fixunssfsi)
c:/program files/microchip/xc8/v2.36/avr/bin/../lib/gcc/avr/5.4.0/../../../../avr/lib/avr5/memx-const\libm.a(floatsisf.o)
                              HAL/HLCD/HLCD_PROGRAM.o (__floatunsisf)
c:/program files/microchip/xc8/v2.36/avr/bin/../lib/gcc/avr/5.4.0/../../../../avr/lib/avr5/memx-const\libm.a(fp_inf.o)
                              c:/program files/microchip/xc8/v2.36/avr/bin/../lib/gcc/avr/5.4.0/../../../../avr/lib/avr5/memx-const\libm.a(addsf3x.o) (__fp_inf)
c:/program files/microchip/xc8/v2.36/avr/bin/../lib/gcc/avr/5.4.0/../../../../avr/lib/avr5/memx-const\libm.a(fp_nan.o)
                              c:/program files/microchip/xc8/v2.36/avr/bin/../lib/gcc/avr/5.4.0/../../../../avr/lib/avr5/memx-const\libm.a(addsf3x.o) (__fp_nan)
c:/program files/microchip/xc8/v2.36/avr/bin/../lib/gcc/avr/5.4.0/../../../../avr/lib/avr5/memx-const\libm.a(fp_pscA.o)
                              c:/program files/microchip/xc8/v2.36/avr/bin/../lib/gcc/avr/5.4.0/../../../../avr/lib/avr5/memx-const\libm.a(addsf3x.o) (__fp_pscA)
c:/program files/microchip/xc8/v2.36/avr/bin/../lib/gcc/avr/5.4.0/../../../../avr/lib/avr5/memx-const\libm.a(fp_pscB.o)
                              c:/program files/microchip/xc8/v2.36/avr/bin/../lib/gcc/avr/5.4.0/../../../../avr/lib/avr5/memx-const\libm.a(addsf3x.o) (__fp_pscB)
c:/program files/microchip/xc8/v2.36/avr/bin/../lib/gcc/avr/5.4.0/../../../../avr/lib/avr5/memx-const\libm.a(fp_round.o)
                              c:/program files/microchip/xc8/v2.36/avr/bin/../lib/gcc/avr/5.4.0/../../../../avr/lib/avr5/memx-const\libm.a(addsf3.o) (__fp_round)
c:/program files/microchip/xc8/v2.36/avr/bin/../lib/gcc/avr/5.4.0/../../../../avr/lib/avr5/memx-const\libm.a(fp_split3.o)
                              c:/program files/microchip/xc8/v2.36/avr/bin/../lib/gcc/avr/5.4.0/../../../../avr/lib/avr5/memx-const\libm.a(addsf3x.o) (__fp_split3)
c:/program files/microchip/xc8/v2.36/avr/bin/../lib/gcc/avr/5.4.0/../../../../avr/lib/avr5/memx-const\libm.a(fp_zero.o)
                              c:/program files/microchip/xc8/v2.36/avr/bin/../lib/gcc/avr/5.4.0/../../../../avr/lib/avr5/memx-const\libm.a(addsf3x.o) (__fp_zero)
c:/program files/microchip/xc8/v2.36/avr/bin/../lib/gcc/avr/5.4.0/../../../../avr/lib/avr5/memx-const\libm.a(mulsf3.o)
                              HAL/HLCD/HLCD_PROGRAM.o (__mulsf3)
c:/program files/microchip/xc8/v2.36/avr/bin/../lib/gcc/avr/5.4.0/../../../../avr/lib/avr5/memx-const\libm.a(mulsf3x.o)
                              c:/program files/microchip/xc8/v2.36/avr/bin/../lib/gcc/avr/5.4.0/../../../../avr/lib/avr5/memx-const\libm.a(mulsf3.o) (__mulsf3x)
c:/program files/microchip/xc8/v2.36/avr/bin/../lib/gcc/avr/5.4.0/avr5/memx-const\libgcc.a(_udivmodsi4.o)
                              HAL/HLCD/HLCD_PROGRAM.o (__udivmodsi4)
c:/program files/microchip/xc8/v2.36/avr/bin/../lib/gcc/avr/5.4.0/avr5/memx-const\libgcc.a(_tablejump2.o)
                              main.o (__tablejump2__)
c:/program files/microchip/xc8/v2.36/avr/bin/../lib/gcc/avr/5.4.0/avr5/memx-const\libgcc.a(_copy_data.o)
                              HAL/H7SEG/H7SEG_CONFIG.o (__do_copy_data)
c:/program files/microchip/xc8/v2.36/avr/bin/../lib/gcc/avr/5.4.0/../../../../avr/lib/avr5/memx-const\libc.a(exit.o)
                              C:/Program Files (x86)/Atmel/Studio/7.0/Packs/atmel/ATmega_DFP/1.7.374/xc8/avr/lib/avr5/memx-const/crtatmega32.o (exit)
c:/program files/microchip/xc8/v2.36/avr/bin/../lib/gcc/avr/5.4.0/../../../../avr/lib/avr5/memx-const\libc.a(_Exit.o)
                              c:/program files/microchip/xc8/v2.36/avr/bin/../lib/gcc/avr/5.4.0/../../../../avr/lib/avr5/memx-const\libc.a(exit.o) (_Exit)
c:/program files/microchip/xc8/v2.36/avr/bin/../lib/gcc/avr/5.4.0/avr5/memx-const\libgcc.a(_exit.o)
                              c:/program files/microchip/xc8/v2.36/avr/bin/../lib/gcc/avr/5.4.0/../../../../avr/lib/avr5/memx-const\libc.a(_Exit.o) (_exit)

Allocating common symbols
Common symbol       size              file

timer1_ctc_int      0x2               MCAL/MTIMER/MTIMER_PROGRAM.o
loads_status        0x8               main.o

Discarded input sections

 .data          0x0000000000000000        0x0 C:/Program Files (x86)/Atmel/Studio/7.0/Packs/atmel/ATmega_DFP/1.7.374/xc8/avr/lib/avr5/memx-const/crtatmega32.o
 .bss           0x0000000000000000        0x0 C:/Program Files (x86)/Atmel/Studio/7.0/Packs/atmel/ATmega_DFP/1.7.374/xc8/avr/lib/avr5/memx-const/crtatmega32.o
 .text          0x0000000000000000        0x0 HAL/H7SEG/H7SEG_CONFIG.o
 .data          0x0000000000000000        0x0 HAL/H7SEG/H7SEG_CONFIG.o
 .bss           0x0000000000000000        0x0 HAL/H7SEG/H7SEG_CONFIG.o
 .data.H7SEGarrayof7seg_H7SEG
                0x0000000000000000       0x32 HAL/H7SEG/H7SEG_CONFIG.o
 .debug_info    0x0000000000000000      0x507 HAL/H7SEG/H7SEG_CONFIG.o
 .debug_abbrev  0x0000000000000000       0x8e HAL/H7SEG/H7SEG_CONFIG.o
 .debug_aranges
                0x0000000000000000       0x18 HAL/H7SEG/H7SEG_CONFIG.o
 .debug_line    0x0000000000000000       0x7f HAL/H7SEG/H7SEG_CONFIG.o
 .debug_str     0x0000000000000000        0x9 HAL/H7SEG/H7SEG_CONFIG.o
 .comment       0x0000000000000000       0x30 HAL/H7SEG/H7SEG_CONFIG.o
 .text          0x0000000000000000        0x0 HAL/H7SEG/H7SEG_PROGRAM.o
 .data          0x0000000000000000        0x0 HAL/H7SEG/H7SEG_PROGRAM.o
 .bss           0x0000000000000000        0x0 HAL/H7SEG/H7SEG_PROGRAM.o
 .text.seven_segment_init
                0x0000000000000000       0x5e HAL/H7SEG/H7SEG_PROGRAM.o
 .text.seven_segment_enable_one
                0x0000000000000000       0x1a HAL/H7SEG/H7SEG_PROGRAM.o
 .text.seven_segment_disable_one
                0x0000000000000000       0x1a HAL/H7SEG/H7SEG_PROGRAM.o
 .text.seven_segment_sendnumber
                0x0000000000000000       0x5e HAL/H7SEG/H7SEG_PROGRAM.o
 .debug_info    0x0000000000000000      0x92d HAL/H7SEG/H7SEG_PROGRAM.o
 .debug_abbrev  0x0000000000000000      0x185 HAL/H7SEG/H7SEG_PROGRAM.o
 .debug_loc     0x0000000000000000      0x20e HAL/H7SEG/H7SEG_PROGRAM.o
 .debug_aranges
                0x0000000000000000       0x38 HAL/H7SEG/H7SEG_PROGRAM.o
 .debug_ranges  0x0000000000000000       0x28 HAL/H7SEG/H7SEG_PROGRAM.o
 .debug_line    0x0000000000000000      0x206 HAL/H7SEG/H7SEG_PROGRAM.o
 .debug_str     0x0000000000000000       0x36 HAL/H7SEG/H7SEG_PROGRAM.o
 .comment       0x0000000000000000       0x30 HAL/H7SEG/H7SEG_PROGRAM.o
 .debug_frame   0x0000000000000000       0x70 HAL/H7SEG/H7SEG_PROGRAM.o
 .text          0x0000000000000000        0x0 HAL/HDC_MOTOR/HDC_MOTOR_PROGRAM.o
 .data          0x0000000000000000        0x0 HAL/HDC_MOTOR/HDC_MOTOR_PROGRAM.o
 .bss           0x0000000000000000        0x0 HAL/HDC_MOTOR/HDC_MOTOR_PROGRAM.o
 .text.Motor_init
                0x0000000000000000       0x2a HAL/HDC_MOTOR/HDC_MOTOR_PROGRAM.o
 .text.Motor_right
                0x0000000000000000       0x30 HAL/HDC_MOTOR/HDC_MOTOR_PROGRAM.o
 .text.Motor_left
                0x0000000000000000       0x30 HAL/HDC_MOTOR/HDC_MOTOR_PROGRAM.o
 .text.Motor_stop
                0x0000000000000000       0x12 HAL/HDC_MOTOR/HDC_MOTOR_PROGRAM.o
 .data.MOTOR1   0x0000000000000000        0xc HAL/HDC_MOTOR/HDC_MOTOR_PROGRAM.o
 .debug_info    0x0000000000000000      0x760 HAL/HDC_MOTOR/HDC_MOTOR_PROGRAM.o
 .debug_abbrev  0x0000000000000000      0x108 HAL/HDC_MOTOR/HDC_MOTOR_PROGRAM.o
 .debug_loc     0x0000000000000000      0x21f HAL/HDC_MOTOR/HDC_MOTOR_PROGRAM.o
 .debug_aranges
                0x0000000000000000       0x38 HAL/HDC_MOTOR/HDC_MOTOR_PROGRAM.o
 .debug_ranges  0x0000000000000000       0x28 HAL/HDC_MOTOR/HDC_MOTOR_PROGRAM.o
 .debug_line    0x0000000000000000      0x1a2 HAL/HDC_MOTOR/HDC_MOTOR_PROGRAM.o
 .debug_str     0x0000000000000000       0x39 HAL/HDC_MOTOR/HDC_MOTOR_PROGRAM.o
 .comment       0x0000000000000000       0x30 HAL/HDC_MOTOR/HDC_MOTOR_PROGRAM.o
 .debug_frame   0x0000000000000000       0x78 HAL/HDC_MOTOR/HDC_MOTOR_PROGRAM.o
 .text          0x0000000000000000        0x0 HAL/HKEYPAD/HKEYPAD_CONFIG.o
 .data          0x0000000000000000        0x0 HAL/HKEYPAD/HKEYPAD_CONFIG.o
 .bss           0x0000000000000000        0x0 HAL/HKEYPAD/HKEYPAD_CONFIG.o
 .text          0x0000000000000000        0x0 HAL/HKEYPAD/HKEYPAD_PROGRAM.o
 .data          0x0000000000000000        0x0 HAL/HKEYPAD/HKEYPAD_PROGRAM.o
 .bss           0x0000000000000000        0x0 HAL/HKEYPAD/HKEYPAD_PROGRAM.o
 .text          0x0000000000000000        0x0 HAL/HLCD/HLCD_CONFIG.o
 .data          0x0000000000000000        0x0 HAL/HLCD/HLCD_CONFIG.o
 .bss           0x0000000000000000        0x0 HAL/HLCD/HLCD_CONFIG.o
 .text          0x0000000000000000        0x0 HAL/HLCD/HLCD_PROGRAM.o
 .data          0x0000000000000000        0x0 HAL/HLCD/HLCD_PROGRAM.o
 .bss           0x0000000000000000        0x0 HAL/HLCD/HLCD_PROGRAM.o
 .text.LCDintegartostring
                0x0000000000000000      0x17a HAL/HLCD/HLCD_PROGRAM.o
 .text.lcdfloat_number
                0x0000000000000000      0x2b6 HAL/HLCD/HLCD_PROGRAM.o
 .text          0x0000000000000000        0x0 HAL/HLED/HLED_CONFIG.o
 .data          0x0000000000000000        0x0 HAL/HLED/HLED_CONFIG.o
 .bss           0x0000000000000000        0x0 HAL/HLED/HLED_CONFIG.o
 .data.HLED_arrayofleds
                0x0000000000000000        0xf HAL/HLED/HLED_CONFIG.o
 .debug_info    0x0000000000000000      0x4c8 HAL/HLED/HLED_CONFIG.o
 .debug_abbrev  0x0000000000000000       0x8e HAL/HLED/HLED_CONFIG.o
 .debug_aranges
                0x0000000000000000       0x18 HAL/HLED/HLED_CONFIG.o
 .debug_line    0x0000000000000000       0x7b HAL/HLED/HLED_CONFIG.o
 .debug_str     0x0000000000000000       0x10 HAL/HLED/HLED_CONFIG.o
 .comment       0x0000000000000000       0x30 HAL/HLED/HLED_CONFIG.o
 .text          0x0000000000000000        0x0 HAL/HLED/HLED_PROGRAM.o
 .data          0x0000000000000000        0x0 HAL/HLED/HLED_PROGRAM.o
 .bss           0x0000000000000000        0x0 HAL/HLED/HLED_PROGRAM.o
 .text.led_init
                0x0000000000000000       0x2c HAL/HLED/HLED_PROGRAM.o
 .text.led_on   0x0000000000000000       0x18 HAL/HLED/HLED_PROGRAM.o
 .text.led_off  0x0000000000000000       0x18 HAL/HLED/HLED_PROGRAM.o
 .text.led_toggle
                0x0000000000000000       0x10 HAL/HLED/HLED_PROGRAM.o
 .text.led_control_brightness
                0x0000000000000000       0x1c HAL/HLED/HLED_PROGRAM.o
 .debug_info    0x0000000000000000      0x9f5 HAL/HLED/HLED_PROGRAM.o
 .debug_abbrev  0x0000000000000000      0x161 HAL/HLED/HLED_PROGRAM.o
 .debug_loc     0x0000000000000000      0x1b8 HAL/HLED/HLED_PROGRAM.o
 .debug_aranges
                0x0000000000000000       0x40 HAL/HLED/HLED_PROGRAM.o
 .debug_ranges  0x0000000000000000       0x30 HAL/HLED/HLED_PROGRAM.o
 .debug_line    0x0000000000000000      0x1e5 HAL/HLED/HLED_PROGRAM.o
 .debug_str     0x0000000000000000       0x71 HAL/HLED/HLED_PROGRAM.o
 .comment       0x0000000000000000       0x30 HAL/HLED/HLED_PROGRAM.o
 .debug_frame   0x0000000000000000       0x74 HAL/HLED/HLED_PROGRAM.o
 COMMON         0x0000000000000000        0x0 HAL/HLED/HLED_PROGRAM.o
 .text          0x0000000000000000        0x0 HAL/HSERVO/HSERVO_PROGRAM.o
 .data          0x0000000000000000        0x0 HAL/HSERVO/HSERVO_PROGRAM.o
 .bss           0x0000000000000000        0x0 HAL/HSERVO/HSERVO_PROGRAM.o
 .text.servo_init
                0x0000000000000000       0x94 HAL/HSERVO/HSERVO_PROGRAM.o
 .text.servo_start
                0x0000000000000000       0x80 HAL/HSERVO/HSERVO_PROGRAM.o
 .bss.flag      0x0000000000000000        0x1 HAL/HSERVO/HSERVO_PROGRAM.o
 .data.A0       0x0000000000000000        0x4 HAL/HSERVO/HSERVO_PROGRAM.o
 .debug_info    0x0000000000000000      0x67e HAL/HSERVO/HSERVO_PROGRAM.o
 .debug_abbrev  0x0000000000000000      0x122 HAL/HSERVO/HSERVO_PROGRAM.o
 .debug_loc     0x0000000000000000      0x207 HAL/HSERVO/HSERVO_PROGRAM.o
 .debug_aranges
                0x0000000000000000       0x28 HAL/HSERVO/HSERVO_PROGRAM.o
 .debug_ranges  0x0000000000000000       0x18 HAL/HSERVO/HSERVO_PROGRAM.o
 .debug_line    0x0000000000000000      0x14a HAL/HSERVO/HSERVO_PROGRAM.o
 .debug_str     0x0000000000000000       0x2d HAL/HSERVO/HSERVO_PROGRAM.o
 .comment       0x0000000000000000       0x30 HAL/HSERVO/HSERVO_PROGRAM.o
 .debug_frame   0x0000000000000000       0x68 HAL/HSERVO/HSERVO_PROGRAM.o
 .text          0x0000000000000000        0x0 HAL/HSWITCH/HSWITCH_CONFIG.o
 .data          0x0000000000000000        0x0 HAL/HSWITCH/HSWITCH_CONFIG.o
 .bss           0x0000000000000000        0x0 HAL/HSWITCH/HSWITCH_CONFIG.o
 .data.HSWITCHES_arrayofswitches
                0x0000000000000000       0x12 HAL/HSWITCH/HSWITCH_CONFIG.o
 .debug_info    0x0000000000000000      0x544 HAL/HSWITCH/HSWITCH_CONFIG.o
 .debug_abbrev  0x0000000000000000       0x8e HAL/HSWITCH/HSWITCH_CONFIG.o
 .debug_aranges
                0x0000000000000000       0x18 HAL/HSWITCH/HSWITCH_CONFIG.o
 .debug_line    0x0000000000000000       0x87 HAL/HSWITCH/HSWITCH_CONFIG.o
 .debug_str     0x0000000000000000        0x9 HAL/HSWITCH/HSWITCH_CONFIG.o
 .comment       0x0000000000000000       0x30 HAL/HSWITCH/HSWITCH_CONFIG.o
 .text          0x0000000000000000        0x0 HAL/HSWITCH/HSWITCH_PROGRAM.o
 .data          0x0000000000000000        0x0 HAL/HSWITCH/HSWITCH_PROGRAM.o
 .bss           0x0000000000000000        0x0 HAL/HSWITCH/HSWITCH_PROGRAM.o
 .text.SWITCH_INIT
                0x0000000000000000       0x2c HAL/HSWITCH/HSWITCH_PROGRAM.o
 .text.switch_get_value
                0x0000000000000000       0x7e HAL/HSWITCH/HSWITCH_PROGRAM.o
 .debug_info    0x0000000000000000      0x746 HAL/HSWITCH/HSWITCH_PROGRAM.o
 .debug_abbrev  0x0000000000000000      0x13f HAL/HSWITCH/HSWITCH_PROGRAM.o
 .debug_loc     0x0000000000000000      0x188 HAL/HSWITCH/HSWITCH_PROGRAM.o
 .debug_aranges
                0x0000000000000000       0x28 HAL/HSWITCH/HSWITCH_PROGRAM.o
 .debug_ranges  0x0000000000000000       0x18 HAL/HSWITCH/HSWITCH_PROGRAM.o
 .debug_line    0x0000000000000000      0x17c HAL/HSWITCH/HSWITCH_PROGRAM.o
 .debug_str     0x0000000000000000       0x25 HAL/HSWITCH/HSWITCH_PROGRAM.o
 .comment       0x0000000000000000       0x30 HAL/HSWITCH/HSWITCH_PROGRAM.o
 .debug_frame   0x0000000000000000       0x58 HAL/HSWITCH/HSWITCH_PROGRAM.o
 .text          0x0000000000000000        0x0 HAL/HTEMP_SENSOR_LM35/HTEMP_SENSOR_LM35_program.o
 .data          0x0000000000000000        0x0 HAL/HTEMP_SENSOR_LM35/HTEMP_SENSOR_LM35_program.o
 .bss           0x0000000000000000        0x0 HAL/HTEMP_SENSOR_LM35/HTEMP_SENSOR_LM35_program.o
 .text.temp_sensor_init
                0x0000000000000000        0x6 HAL/HTEMP_SENSOR_LM35/HTEMP_SENSOR_LM35_program.o
 .text.temp_value
                0x0000000000000000       0x42 HAL/HTEMP_SENSOR_LM35/HTEMP_SENSOR_LM35_program.o
 .data.HTEMP_SENSOR
                0x0000000000000000        0x6 HAL/HTEMP_SENSOR_LM35/HTEMP_SENSOR_LM35_program.o
 .debug_info    0x0000000000000000      0x741 HAL/HTEMP_SENSOR_LM35/HTEMP_SENSOR_LM35_program.o
 .debug_abbrev  0x0000000000000000      0x115 HAL/HTEMP_SENSOR_LM35/HTEMP_SENSOR_LM35_program.o
 .debug_loc     0x0000000000000000      0x124 HAL/HTEMP_SENSOR_LM35/HTEMP_SENSOR_LM35_program.o
 .debug_aranges
                0x0000000000000000       0x28 HAL/HTEMP_SENSOR_LM35/HTEMP_SENSOR_LM35_program.o
 .debug_ranges  0x0000000000000000       0x18 HAL/HTEMP_SENSOR_LM35/HTEMP_SENSOR_LM35_program.o
 .debug_line    0x0000000000000000      0x10f HAL/HTEMP_SENSOR_LM35/HTEMP_SENSOR_LM35_program.o
 .debug_str     0x0000000000000000       0x3d HAL/HTEMP_SENSOR_LM35/HTEMP_SENSOR_LM35_program.o
 .comment       0x0000000000000000       0x30 HAL/HTEMP_SENSOR_LM35/HTEMP_SENSOR_LM35_program.o
 .debug_frame   0x0000000000000000       0x48 HAL/HTEMP_SENSOR_LM35/HTEMP_SENSOR_LM35_program.o
 .text          0x0000000000000000        0x0 main.o
 .data          0x0000000000000000        0x0 main.o
 .bss           0x0000000000000000        0x0 main.o
 .text          0x0000000000000000        0x0 MCAL/MADC/MADC_PROGRAM.o
 .data          0x0000000000000000        0x0 MCAL/MADC/MADC_PROGRAM.o
 .bss           0x0000000000000000        0x0 MCAL/MADC/MADC_PROGRAM.o
 .text.ADC_init
                0x0000000000000000      0x268 MCAL/MADC/MADC_PROGRAM.o
 .progmem.gcc_sw_table.ADC_init
                0x0000000000000000       0x10 MCAL/MADC/MADC_PROGRAM.o
 .text.ADC_START_CONVERSION
                0x0000000000000000        0xa MCAL/MADC/MADC_PROGRAM.o
 .text.ADC_get_analog_value
                0x0000000000000000       0x8a MCAL/MADC/MADC_PROGRAM.o
 .data.HADC     0x0000000000000000        0x6 MCAL/MADC/MADC_PROGRAM.o
 .debug_info    0x0000000000000000      0x758 MCAL/MADC/MADC_PROGRAM.o
 .debug_abbrev  0x0000000000000000       0xf9 MCAL/MADC/MADC_PROGRAM.o
 .debug_loc     0x0000000000000000      0x1d1 MCAL/MADC/MADC_PROGRAM.o
 .debug_aranges
                0x0000000000000000       0x30 MCAL/MADC/MADC_PROGRAM.o
 .debug_ranges  0x0000000000000000       0x20 MCAL/MADC/MADC_PROGRAM.o
 .debug_line    0x0000000000000000      0x3b7 MCAL/MADC/MADC_PROGRAM.o
 .debug_str     0x0000000000000000        0xa MCAL/MADC/MADC_PROGRAM.o
 .comment       0x0000000000000000       0x30 MCAL/MADC/MADC_PROGRAM.o
 .debug_frame   0x0000000000000000       0x50 MCAL/MADC/MADC_PROGRAM.o
 .text          0x0000000000000000        0x0 MCAL/MDIO/MDIO_PROGRAM.o
 .data          0x0000000000000000        0x0 MCAL/MDIO/MDIO_PROGRAM.o
 .bss           0x0000000000000000        0x0 MCAL/MDIO/MDIO_PROGRAM.o
 .text.port_direction
                0x0000000000000000       0x6a MCAL/MDIO/MDIO_PROGRAM.o
 .text.pin_value_selection
                0x0000000000000000      0x114 MCAL/MDIO/MDIO_PROGRAM.o
 .text.pin_toggle
                0x0000000000000000       0x9e MCAL/MDIO/MDIO_PROGRAM.o
 .text.port_value
                0x0000000000000000       0x42 MCAL/MDIO/MDIO_PROGRAM.o
 .text          0x0000000000000000        0x0 MCAL/MEEPROM/MEEPROM_PROGRAM.o
 .data          0x0000000000000000        0x0 MCAL/MEEPROM/MEEPROM_PROGRAM.o
 .bss           0x0000000000000000        0x0 MCAL/MEEPROM/MEEPROM_PROGRAM.o
 .text          0x0000000000000000        0x0 MCAL/MINT/MINT_PROGRAM.o
 .data          0x0000000000000000        0x0 MCAL/MINT/MINT_PROGRAM.o
 .bss           0x0000000000000000        0x0 MCAL/MINT/MINT_PROGRAM.o
 .text.interrupt_initT
                0x0000000000000000        0xa MCAL/MINT/MINT_PROGRAM.o
 .text.INTExitCriticalSection
                0x0000000000000000        0xa MCAL/MINT/MINT_PROGRAM.o
 .text.INTEnterCriticalSection
                0x0000000000000000        0xa MCAL/MINT/MINT_PROGRAM.o
 .text.INTGETFlag
                0x0000000000000000       0x52 MCAL/MINT/MINT_PROGRAM.o
 .text.INTSETFlag
                0x0000000000000000       0x68 MCAL/MINT/MINT_PROGRAM.o
 .text.INTENABLEHandler
                0x0000000000000000      0x102 MCAL/MINT/MINT_PROGRAM.o
 .text.INTDISABLEHandler
                0x0000000000000000       0x36 MCAL/MINT/MINT_PROGRAM.o
 .text.INTSetCallBack
                0x0000000000000000       0x44 MCAL/MINT/MINT_PROGRAM.o
 .text          0x0000000000000000        0x0 MCAL/MSPI/MSPI_PROGRAM.o
 .data          0x0000000000000000        0x0 MCAL/MSPI/MSPI_PROGRAM.o
 .bss           0x0000000000000000        0x0 MCAL/MSPI/MSPI_PROGRAM.o
 .text.spi_slave_init
                0x0000000000000000       0x54 MCAL/MSPI/MSPI_PROGRAM.o
 .text.spi_slave_transmit_byte
                0x0000000000000000        0x4 MCAL/MSPI/MSPI_PROGRAM.o
 .text.spi_slave_receive_byte
                0x0000000000000000       0x12 MCAL/MSPI/MSPI_PROGRAM.o
 .text          0x0000000000000000        0x0 MCAL/MTIMER/MPWM/MPWM_PROGRAM.o
 .data          0x0000000000000000        0x0 MCAL/MTIMER/MPWM/MPWM_PROGRAM.o
 .bss           0x0000000000000000        0x0 MCAL/MTIMER/MPWM/MPWM_PROGRAM.o
 .text.PWM_init_MPWM
                0x0000000000000000      0x458 MCAL/MTIMER/MPWM/MPWM_PROGRAM.o
 .text.pwm_change_duty_cycle_MPWM
                0x0000000000000000       0x36 MCAL/MTIMER/MPWM/MPWM_PROGRAM.o
 .text.pwm_disable_MPWM
                0x0000000000000000       0x5e MCAL/MTIMER/MPWM/MPWM_PROGRAM.o
 .data.OC2_PIN  0x0000000000000000        0x4 MCAL/MTIMER/MPWM/MPWM_PROGRAM.o
 .data.OC1B_PIN
                0x0000000000000000        0x4 MCAL/MTIMER/MPWM/MPWM_PROGRAM.o
 .data.OC1A_PIN
                0x0000000000000000        0x4 MCAL/MTIMER/MPWM/MPWM_PROGRAM.o
 .data.OC0_PIN  0x0000000000000000        0x4 MCAL/MTIMER/MPWM/MPWM_PROGRAM.o
 .data.HPWM_arrayofpwm
                0x0000000000000000       0x12 MCAL/MTIMER/MPWM/MPWM_PROGRAM.o
 .debug_info    0x0000000000000000      0x962 MCAL/MTIMER/MPWM/MPWM_PROGRAM.o
 .debug_abbrev  0x0000000000000000      0x17e MCAL/MTIMER/MPWM/MPWM_PROGRAM.o
 .debug_loc     0x0000000000000000      0x215 MCAL/MTIMER/MPWM/MPWM_PROGRAM.o
 .debug_aranges
                0x0000000000000000       0x30 MCAL/MTIMER/MPWM/MPWM_PROGRAM.o
 .debug_ranges  0x0000000000000000       0xf0 MCAL/MTIMER/MPWM/MPWM_PROGRAM.o
 .debug_line    0x0000000000000000      0x65c MCAL/MTIMER/MPWM/MPWM_PROGRAM.o
 .debug_str     0x0000000000000000       0x20 MCAL/MTIMER/MPWM/MPWM_PROGRAM.o
 .comment       0x0000000000000000       0x30 MCAL/MTIMER/MPWM/MPWM_PROGRAM.o
 .debug_frame   0x0000000000000000       0x50 MCAL/MTIMER/MPWM/MPWM_PROGRAM.o
 .text          0x0000000000000000        0x0 MCAL/MTIMER/MTIMER_PROGRAM.o
 .data          0x0000000000000000        0x0 MCAL/MTIMER/MTIMER_PROGRAM.o
 .bss           0x0000000000000000        0x0 MCAL/MTIMER/MTIMER_PROGRAM.o
 .text.voidtimer_on
                0x0000000000000000       0xb2 MCAL/MTIMER/MTIMER_PROGRAM.o
 .text.voidtimer_off
                0x0000000000000000       0x1a MCAL/MTIMER/MTIMER_PROGRAM.o
 .text.u16get_counter0_value
                0x0000000000000000        0xa MCAL/MTIMER/MTIMER_PROGRAM.o
 .text.timerdelay_in_millisec
                0x0000000000000000       0x8c MCAL/MTIMER/MTIMER_PROGRAM.o
 .text.timerdelay_in_microsec
                0x0000000000000000        0xc MCAL/MTIMER/MTIMER_PROGRAM.o
 .text.timerctc_mode
                0x0000000000000000       0x94 MCAL/MTIMER/MTIMER_PROGRAM.o
 .text.timer_start_timer
                0x0000000000000000       0x38 MCAL/MTIMER/MTIMER_PROGRAM.o
 .text.timer_end_timer
                0x0000000000000000       0x1c MCAL/MTIMER/MTIMER_PROGRAM.o
 .text.timer_continue_timer
                0x0000000000000000       0x20 MCAL/MTIMER/MTIMER_PROGRAM.o
 .text.timer_get_timer_value_in_millisec
                0x0000000000000000      0x230 MCAL/MTIMER/MTIMER_PROGRAM.o
 .text.timer_get_timer_value_in_microsec
                0x0000000000000000       0x40 MCAL/MTIMER/MTIMER_PROGRAM.o
 .text.counter_start_counter
                0x0000000000000000       0x86 MCAL/MTIMER/MTIMER_PROGRAM.o
 .text.counter_end_counter
                0x0000000000000000       0x22 MCAL/MTIMER/MTIMER_PROGRAM.o
 .text.counter_continue_counter
                0x0000000000000000       0x5c MCAL/MTIMER/MTIMER_PROGRAM.o
 .text.counter_get_counter_value
                0x0000000000000000       0x68 MCAL/MTIMER/MTIMER_PROGRAM.o
 .text.timer1_ctc_interrupt_call_back
                0x0000000000000000       0x14 MCAL/MTIMER/MTIMER_PROGRAM.o
 .data.T1_PIN   0x0000000000000000        0x4 MCAL/MTIMER/MTIMER_PROGRAM.o
 .data.T0_PIN   0x0000000000000000        0x4 MCAL/MTIMER/MTIMER_PROGRAM.o
 .data.TIMER2_STRUCT
                0x0000000000000000        0x7 MCAL/MTIMER/MTIMER_PROGRAM.o
 .data.TIMER1_STRUCT
                0x0000000000000000        0x7 MCAL/MTIMER/MTIMER_PROGRAM.o
 .data.TIMER0_STRUCT
                0x0000000000000000        0x7 MCAL/MTIMER/MTIMER_PROGRAM.o
 .text          0x0000000000000000        0x0 MCAL/MTWI/MTWI_PROGRAM.o
 .data          0x0000000000000000        0x0 MCAL/MTWI/MTWI_PROGRAM.o
 .bss           0x0000000000000000        0x0 MCAL/MTWI/MTWI_PROGRAM.o
 .text.TWI_INIT
                0x0000000000000000       0x14 MCAL/MTWI/MTWI_PROGRAM.o
 .text.TWI_START_CONDITION
                0x0000000000000000       0x32 MCAL/MTWI/MTWI_PROGRAM.o
 .text.TWI_REPEATED_START_CONDITION
                0x0000000000000000       0x32 MCAL/MTWI/MTWI_PROGRAM.o
 .text.TWI_STOP_CONDITION
                0x0000000000000000       0x2c MCAL/MTWI/MTWI_PROGRAM.o
 .text.TWI_SEND_SLAVE_ADDRESS_AND_RW_BIT
                0x0000000000000000       0x38 MCAL/MTWI/MTWI_PROGRAM.o
 .text.TWI_SEND_BYTE_AFTER_SENDING_ADDRESS
                0x0000000000000000       0x34 MCAL/MTWI/MTWI_PROGRAM.o
 .text.TWI_RECEIVE_BYTE_AFTER_SENDING_ADDRESS
                0x0000000000000000       0x12 MCAL/MTWI/MTWI_PROGRAM.o
 .text.TWI_CHECK_STATUS_REGISTER
                0x0000000000000000       0x1a MCAL/MTWI/MTWI_PROGRAM.o
 .text.TWI_MASTER_TRANSMIT_BYTE
                0x0000000000000000       0x26 MCAL/MTWI/MTWI_PROGRAM.o
 .text.TWI_MASTER_RECEIVE_BYTE
                0x0000000000000000       0x34 MCAL/MTWI/MTWI_PROGRAM.o
 .text.TWI_SLAVE_RECEIVE_BYTE
                0x0000000000000000       0x40 MCAL/MTWI/MTWI_PROGRAM.o
 .debug_info    0x0000000000000000      0x79a MCAL/MTWI/MTWI_PROGRAM.o
 .debug_abbrev  0x0000000000000000      0x12e MCAL/MTWI/MTWI_PROGRAM.o
 .debug_loc     0x0000000000000000      0x30a MCAL/MTWI/MTWI_PROGRAM.o
 .debug_aranges
                0x0000000000000000       0x70 MCAL/MTWI/MTWI_PROGRAM.o
 .debug_ranges  0x0000000000000000       0x60 MCAL/MTWI/MTWI_PROGRAM.o
 .debug_line    0x0000000000000000      0x271 MCAL/MTWI/MTWI_PROGRAM.o
 .debug_str     0x0000000000000000       0x28 MCAL/MTWI/MTWI_PROGRAM.o
 .comment       0x0000000000000000       0x30 MCAL/MTWI/MTWI_PROGRAM.o
 .debug_frame   0x0000000000000000       0xe0 MCAL/MTWI/MTWI_PROGRAM.o
 .text          0x0000000000000000        0x0 MCAL/MUSART/MUSART_PROGRAM.o
 .data          0x0000000000000000        0x0 MCAL/MUSART/MUSART_PROGRAM.o
 .bss           0x0000000000000000        0x0 MCAL/MUSART/MUSART_PROGRAM.o
 .text.UART_INIT
                0x0000000000000000       0x2c MCAL/MUSART/MUSART_PROGRAM.o
 .text.UART_send_byte
                0x0000000000000000       0x10 MCAL/MUSART/MUSART_PROGRAM.o
 .text.UART_receive_byte
                0x0000000000000000       0x18 MCAL/MUSART/MUSART_PROGRAM.o
 .debug_info    0x0000000000000000      0x409 MCAL/MUSART/MUSART_PROGRAM.o
 .debug_abbrev  0x0000000000000000       0xa3 MCAL/MUSART/MUSART_PROGRAM.o
 .debug_loc     0x0000000000000000       0x47 MCAL/MUSART/MUSART_PROGRAM.o
 .debug_aranges
                0x0000000000000000       0x30 MCAL/MUSART/MUSART_PROGRAM.o
 .debug_ranges  0x0000000000000000       0x20 MCAL/MUSART/MUSART_PROGRAM.o
 .debug_line    0x0000000000000000      0x114 MCAL/MUSART/MUSART_PROGRAM.o
 .debug_str     0x0000000000000000        0x0 MCAL/MUSART/MUSART_PROGRAM.o
 .comment       0x0000000000000000       0x30 MCAL/MUSART/MUSART_PROGRAM.o
 .debug_frame   0x0000000000000000       0x44 MCAL/MUSART/MUSART_PROGRAM.o
 .text          0x0000000000000000        0xe c:/program files/microchip/xc8/v2.36/avr/bin/../lib/gcc/avr/5.4.0/../../../../avr/lib/avr5/memx-const\libm.a(addsf3.o)
 .data          0x0000000000000000        0x0 c:/program files/microchip/xc8/v2.36/avr/bin/../lib/gcc/avr/5.4.0/../../../../avr/lib/avr5/memx-const\libm.a(addsf3.o)
 .bss           0x0000000000000000        0x0 c:/program files/microchip/xc8/v2.36/avr/bin/../lib/gcc/avr/5.4.0/../../../../avr/lib/avr5/memx-const\libm.a(addsf3.o)
 .stack.descriptors.hdr
                0x0000000000000000        0xe c:/program files/microchip/xc8/v2.36/avr/bin/../lib/gcc/avr/5.4.0/../../../../avr/lib/avr5/memx-const\libm.a(addsf3.o)
 .stack.descriptors
                0x0000000000000000       0x2c c:/program files/microchip/xc8/v2.36/avr/bin/../lib/gcc/avr/5.4.0/../../../../avr/lib/avr5/memx-const\libm.a(addsf3.o)
 .note.GNU-stack
                0x0000000000000000        0x0 c:/program files/microchip/xc8/v2.36/avr/bin/../lib/gcc/avr/5.4.0/../../../../avr/lib/avr5/memx-const\libm.a(addsf3.o)
 .text          0x0000000000000000       0xce c:/program files/microchip/xc8/v2.36/avr/bin/../lib/gcc/avr/5.4.0/../../../../avr/lib/avr5/memx-const\libm.a(addsf3x.o)
 .data          0x0000000000000000        0x0 c:/program files/microchip/xc8/v2.36/avr/bin/../lib/gcc/avr/5.4.0/../../../../avr/lib/avr5/memx-const\libm.a(addsf3x.o)
 .bss           0x0000000000000000        0x0 c:/program files/microchip/xc8/v2.36/avr/bin/../lib/gcc/avr/5.4.0/../../../../avr/lib/avr5/memx-const\libm.a(addsf3x.o)
 .stack.descriptors.hdr
                0x0000000000000000        0xe c:/program files/microchip/xc8/v2.36/avr/bin/../lib/gcc/avr/5.4.0/../../../../avr/lib/avr5/memx-const\libm.a(addsf3x.o)
 .stack.descriptors
                0x0000000000000000       0x17 c:/program files/microchip/xc8/v2.36/avr/bin/../lib/gcc/avr/5.4.0/../../../../avr/lib/avr5/memx-const\libm.a(addsf3x.o)
 .note.GNU-stack
                0x0000000000000000        0x0 c:/program files/microchip/xc8/v2.36/avr/bin/../lib/gcc/avr/5.4.0/../../../../avr/lib/avr5/memx-const\libm.a(addsf3x.o)
 .text          0x0000000000000000        0x8 c:/program files/microchip/xc8/v2.36/avr/bin/../lib/gcc/avr/5.4.0/../../../../avr/lib/avr5/memx-const\libm.a(divsf3.o)
 .data          0x0000000000000000        0x0 c:/program files/microchip/xc8/v2.36/avr/bin/../lib/gcc/avr/5.4.0/../../../../avr/lib/avr5/memx-const\libm.a(divsf3.o)
 .bss           0x0000000000000000        0x0 c:/program files/microchip/xc8/v2.36/avr/bin/../lib/gcc/avr/5.4.0/../../../../avr/lib/avr5/memx-const\libm.a(divsf3.o)
 .stack.descriptors.hdr
                0x0000000000000000        0xe c:/program files/microchip/xc8/v2.36/avr/bin/../lib/gcc/avr/5.4.0/../../../../avr/lib/avr5/memx-const\libm.a(divsf3.o)
 .stack.descriptors
                0x0000000000000000       0x16 c:/program files/microchip/xc8/v2.36/avr/bin/../lib/gcc/avr/5.4.0/../../../../avr/lib/avr5/memx-const\libm.a(divsf3.o)
 .note.GNU-stack
                0x0000000000000000        0x0 c:/program files/microchip/xc8/v2.36/avr/bin/../lib/gcc/avr/5.4.0/../../../../avr/lib/avr5/memx-const\libm.a(divsf3.o)
 .text          0x0000000000000000       0xde c:/program files/microchip/xc8/v2.36/avr/bin/../lib/gcc/avr/5.4.0/../../../../avr/lib/avr5/memx-const\libm.a(divsf3x.o)
 .data          0x0000000000000000        0x0 c:/program files/microchip/xc8/v2.36/avr/bin/../lib/gcc/avr/5.4.0/../../../../avr/lib/avr5/memx-const\libm.a(divsf3x.o)
 .bss           0x0000000000000000        0x0 c:/program files/microchip/xc8/v2.36/avr/bin/../lib/gcc/avr/5.4.0/../../../../avr/lib/avr5/memx-const\libm.a(divsf3x.o)
 .stack.descriptors.hdr
                0x0000000000000000        0xe c:/program files/microchip/xc8/v2.36/avr/bin/../lib/gcc/avr/5.4.0/../../../../avr/lib/avr5/memx-const\libm.a(divsf3x.o)
 .stack.descriptors
                0x0000000000000000       0x31 c:/program files/microchip/xc8/v2.36/avr/bin/../lib/gcc/avr/5.4.0/../../../../avr/lib/avr5/memx-const\libm.a(divsf3x.o)
 .note.GNU-stack
                0x0000000000000000        0x0 c:/program files/microchip/xc8/v2.36/avr/bin/../lib/gcc/avr/5.4.0/../../../../avr/lib/avr5/memx-const\libm.a(divsf3x.o)
 .text          0x0000000000000000       0x5e c:/program files/microchip/xc8/v2.36/avr/bin/../lib/gcc/avr/5.4.0/../../../../avr/lib/avr5/memx-const\libm.a(fixunssfsi.o)
 .data          0x0000000000000000        0x0 c:/program files/microchip/xc8/v2.36/avr/bin/../lib/gcc/avr/5.4.0/../../../../avr/lib/avr5/memx-const\libm.a(fixunssfsi.o)
 .bss           0x0000000000000000        0x0 c:/program files/microchip/xc8/v2.36/avr/bin/../lib/gcc/avr/5.4.0/../../../../avr/lib/avr5/memx-const\libm.a(fixunssfsi.o)
 .stack.descriptors.hdr
                0x0000000000000000        0xe c:/program files/microchip/xc8/v2.36/avr/bin/../lib/gcc/avr/5.4.0/../../../../avr/lib/avr5/memx-const\libm.a(fixunssfsi.o)
 .stack.descriptors
                0x0000000000000000       0x1a c:/program files/microchip/xc8/v2.36/avr/bin/../lib/gcc/avr/5.4.0/../../../../avr/lib/avr5/memx-const\libm.a(fixunssfsi.o)
 .note.GNU-stack
                0x0000000000000000        0x0 c:/program files/microchip/xc8/v2.36/avr/bin/../lib/gcc/avr/5.4.0/../../../../avr/lib/avr5/memx-const\libm.a(fixunssfsi.o)
 .text          0x0000000000000000       0x7a c:/program files/microchip/xc8/v2.36/avr/bin/../lib/gcc/avr/5.4.0/../../../../avr/lib/avr5/memx-const\libm.a(floatsisf.o)
 .data          0x0000000000000000        0x0 c:/program files/microchip/xc8/v2.36/avr/bin/../lib/gcc/avr/5.4.0/../../../../avr/lib/avr5/memx-const\libm.a(floatsisf.o)
 .bss           0x0000000000000000        0x0 c:/program files/microchip/xc8/v2.36/avr/bin/../lib/gcc/avr/5.4.0/../../../../avr/lib/avr5/memx-const\libm.a(floatsisf.o)
 .stack.descriptors.hdr
                0x0000000000000000        0xe c:/program files/microchip/xc8/v2.36/avr/bin/../lib/gcc/avr/5.4.0/../../../../avr/lib/avr5/memx-const\libm.a(floatsisf.o)
 .stack.descriptors
                0x0000000000000000       0x34 c:/program files/microchip/xc8/v2.36/avr/bin/../lib/gcc/avr/5.4.0/../../../../avr/lib/avr5/memx-const\libm.a(floatsisf.o)
 .note.GNU-stack
                0x0000000000000000        0x0 c:/program files/microchip/xc8/v2.36/avr/bin/../lib/gcc/avr/5.4.0/../../../../avr/lib/avr5/memx-const\libm.a(floatsisf.o)
 .text          0x0000000000000000        0xc c:/program files/microchip/xc8/v2.36/avr/bin/../lib/gcc/avr/5.4.0/../../../../avr/lib/avr5/memx-const\libm.a(fp_inf.o)
 .data          0x0000000000000000        0x0 c:/program files/microchip/xc8/v2.36/avr/bin/../lib/gcc/avr/5.4.0/../../../../avr/lib/avr5/memx-const\libm.a(fp_inf.o)
 .bss           0x0000000000000000        0x0 c:/program files/microchip/xc8/v2.36/avr/bin/../lib/gcc/avr/5.4.0/../../../../avr/lib/avr5/memx-const\libm.a(fp_inf.o)
 .stack.descriptors.hdr
                0x0000000000000000        0xe c:/program files/microchip/xc8/v2.36/avr/bin/../lib/gcc/avr/5.4.0/../../../../avr/lib/avr5/memx-const\libm.a(fp_inf.o)
 .stack.descriptors
                0x0000000000000000       0x16 c:/program files/microchip/xc8/v2.36/avr/bin/../lib/gcc/avr/5.4.0/../../../../avr/lib/avr5/memx-const\libm.a(fp_inf.o)
 .note.GNU-stack
                0x0000000000000000        0x0 c:/program files/microchip/xc8/v2.36/avr/bin/../lib/gcc/avr/5.4.0/../../../../avr/lib/avr5/memx-const\libm.a(fp_inf.o)
 .text          0x0000000000000000        0x6 c:/program files/microchip/xc8/v2.36/avr/bin/../lib/gcc/avr/5.4.0/../../../../avr/lib/avr5/memx-const\libm.a(fp_nan.o)
 .data          0x0000000000000000        0x0 c:/program files/microchip/xc8/v2.36/avr/bin/../lib/gcc/avr/5.4.0/../../../../avr/lib/avr5/memx-const\libm.a(fp_nan.o)
 .bss           0x0000000000000000        0x0 c:/program files/microchip/xc8/v2.36/avr/bin/../lib/gcc/avr/5.4.0/../../../../avr/lib/avr5/memx-const\libm.a(fp_nan.o)
 .stack.descriptors.hdr
                0x0000000000000000        0xe c:/program files/microchip/xc8/v2.36/avr/bin/../lib/gcc/avr/5.4.0/../../../../avr/lib/avr5/memx-const\libm.a(fp_nan.o)
 .stack.descriptors
                0x0000000000000000       0x16 c:/program files/microchip/xc8/v2.36/avr/bin/../lib/gcc/avr/5.4.0/../../../../avr/lib/avr5/memx-const\libm.a(fp_nan.o)
 .note.GNU-stack
                0x0000000000000000        0x0 c:/program files/microchip/xc8/v2.36/avr/bin/../lib/gcc/avr/5.4.0/../../../../avr/lib/avr5/memx-const\libm.a(fp_nan.o)
 .text          0x0000000000000000        0xe c:/program files/microchip/xc8/v2.36/avr/bin/../lib/gcc/avr/5.4.0/../../../../avr/lib/avr5/memx-const\libm.a(fp_pscA.o)
 .data          0x0000000000000000        0x0 c:/program files/microchip/xc8/v2.36/avr/bin/../lib/gcc/avr/5.4.0/../../../../avr/lib/avr5/memx-const\libm.a(fp_pscA.o)
 .bss           0x0000000000000000        0x0 c:/program files/microchip/xc8/v2.36/avr/bin/../lib/gcc/avr/5.4.0/../../../../avr/lib/avr5/memx-const\libm.a(fp_pscA.o)
 .stack.descriptors.hdr
                0x0000000000000000        0xe c:/program files/microchip/xc8/v2.36/avr/bin/../lib/gcc/avr/5.4.0/../../../../avr/lib/avr5/memx-const\libm.a(fp_pscA.o)
 .stack.descriptors
                0x0000000000000000       0x17 c:/program files/microchip/xc8/v2.36/avr/bin/../lib/gcc/avr/5.4.0/../../../../avr/lib/avr5/memx-const\libm.a(fp_pscA.o)
 .note.GNU-stack
                0x0000000000000000        0x0 c:/program files/microchip/xc8/v2.36/avr/bin/../lib/gcc/avr/5.4.0/../../../../avr/lib/avr5/memx-const\libm.a(fp_pscA.o)
 .text          0x0000000000000000        0xe c:/program files/microchip/xc8/v2.36/avr/bin/../lib/gcc/avr/5.4.0/../../../../avr/lib/avr5/memx-const\libm.a(fp_pscB.o)
 .data          0x0000000000000000        0x0 c:/program files/microchip/xc8/v2.36/avr/bin/../lib/gcc/avr/5.4.0/../../../../avr/lib/avr5/memx-const\libm.a(fp_pscB.o)
 .bss           0x0000000000000000        0x0 c:/program files/microchip/xc8/v2.36/avr/bin/../lib/gcc/avr/5.4.0/../../../../avr/lib/avr5/memx-const\libm.a(fp_pscB.o)
 .stack.descriptors.hdr
                0x0000000000000000        0xe c:/program files/microchip/xc8/v2.36/avr/bin/../lib/gcc/avr/5.4.0/../../../../avr/lib/avr5/memx-const\libm.a(fp_pscB.o)
 .stack.descriptors
                0x0000000000000000       0x17 c:/program files/microchip/xc8/v2.36/avr/bin/../lib/gcc/avr/5.4.0/../../../../avr/lib/avr5/memx-const\libm.a(fp_pscB.o)
 .note.GNU-stack
                0x0000000000000000        0x0 c:/program files/microchip/xc8/v2.36/avr/bin/../lib/gcc/avr/5.4.0/../../../../avr/lib/avr5/memx-const\libm.a(fp_pscB.o)
 .text          0x0000000000000000       0x22 c:/program files/microchip/xc8/v2.36/avr/bin/../lib/gcc/avr/5.4.0/../../../../avr/lib/avr5/memx-const\libm.a(fp_round.o)
 .data          0x0000000000000000        0x0 c:/program files/microchip/xc8/v2.36/avr/bin/../lib/gcc/avr/5.4.0/../../../../avr/lib/avr5/memx-const\libm.a(fp_round.o)
 .bss           0x0000000000000000        0x0 c:/program files/microchip/xc8/v2.36/avr/bin/../lib/gcc/avr/5.4.0/../../../../avr/lib/avr5/memx-const\libm.a(fp_round.o)
 .stack.descriptors.hdr
                0x0000000000000000        0xe c:/program files/microchip/xc8/v2.36/avr/bin/../lib/gcc/avr/5.4.0/../../../../avr/lib/avr5/memx-const\libm.a(fp_round.o)
 .stack.descriptors
                0x0000000000000000       0x18 c:/program files/microchip/xc8/v2.36/avr/bin/../lib/gcc/avr/5.4.0/../../../../avr/lib/avr5/memx-const\libm.a(fp_round.o)
 .note.GNU-stack
                0x0000000000000000        0x0 c:/program files/microchip/xc8/v2.36/avr/bin/../lib/gcc/avr/5.4.0/../../../../avr/lib/avr5/memx-const\libm.a(fp_round.o)
 .text          0x0000000000000000       0x44 c:/program files/microchip/xc8/v2.36/avr/bin/../lib/gcc/avr/5.4.0/../../../../avr/lib/avr5/memx-const\libm.a(fp_split3.o)
 .data          0x0000000000000000        0x0 c:/program files/microchip/xc8/v2.36/avr/bin/../lib/gcc/avr/5.4.0/../../../../avr/lib/avr5/memx-const\libm.a(fp_split3.o)
 .bss           0x0000000000000000        0x0 c:/program files/microchip/xc8/v2.36/avr/bin/../lib/gcc/avr/5.4.0/../../../../avr/lib/avr5/memx-const\libm.a(fp_split3.o)
 .stack.descriptors.hdr
                0x0000000000000000        0xe c:/program files/microchip/xc8/v2.36/avr/bin/../lib/gcc/avr/5.4.0/../../../../avr/lib/avr5/memx-const\libm.a(fp_split3.o)
 .stack.descriptors
                0x0000000000000000       0x32 c:/program files/microchip/xc8/v2.36/avr/bin/../lib/gcc/avr/5.4.0/../../../../avr/lib/avr5/memx-const\libm.a(fp_split3.o)
 .note.GNU-stack
                0x0000000000000000        0x0 c:/program files/microchip/xc8/v2.36/avr/bin/../lib/gcc/avr/5.4.0/../../../../avr/lib/avr5/memx-const\libm.a(fp_split3.o)
 .text          0x0000000000000000        0xe c:/program files/microchip/xc8/v2.36/avr/bin/../lib/gcc/avr/5.4.0/../../../../avr/lib/avr5/memx-const\libm.a(fp_zero.o)
 .data          0x0000000000000000        0x0 c:/program files/microchip/xc8/v2.36/avr/bin/../lib/gcc/avr/5.4.0/../../../../avr/lib/avr5/memx-const\libm.a(fp_zero.o)
 .bss           0x0000000000000000        0x0 c:/program files/microchip/xc8/v2.36/avr/bin/../lib/gcc/avr/5.4.0/../../../../avr/lib/avr5/memx-const\libm.a(fp_zero.o)
 .stack.descriptors.hdr
                0x0000000000000000        0xe c:/program files/microchip/xc8/v2.36/avr/bin/../lib/gcc/avr/5.4.0/../../../../avr/lib/avr5/memx-const\libm.a(fp_zero.o)
 .stack.descriptors
                0x0000000000000000       0x2f c:/program files/microchip/xc8/v2.36/avr/bin/../lib/gcc/avr/5.4.0/../../../../avr/lib/avr5/memx-const\libm.a(fp_zero.o)
 .note.GNU-stack
                0x0000000000000000        0x0 c:/program files/microchip/xc8/v2.36/avr/bin/../lib/gcc/avr/5.4.0/../../../../avr/lib/avr5/memx-const\libm.a(fp_zero.o)
 .text          0x0000000000000000        0x8 c:/program files/microchip/xc8/v2.36/avr/bin/../lib/gcc/avr/5.4.0/../../../../avr/lib/avr5/memx-const\libm.a(mulsf3.o)
 .data          0x0000000000000000        0x0 c:/program files/microchip/xc8/v2.36/avr/bin/../lib/gcc/avr/5.4.0/../../../../avr/lib/avr5/memx-const\libm.a(mulsf3.o)
 .bss           0x0000000000000000        0x0 c:/program files/microchip/xc8/v2.36/avr/bin/../lib/gcc/avr/5.4.0/../../../../avr/lib/avr5/memx-const\libm.a(mulsf3.o)
 .stack.descriptors.hdr
                0x0000000000000000        0xe c:/program files/microchip/xc8/v2.36/avr/bin/../lib/gcc/avr/5.4.0/../../../../avr/lib/avr5/memx-const\libm.a(mulsf3.o)
 .stack.descriptors
                0x0000000000000000       0x16 c:/program files/microchip/xc8/v2.36/avr/bin/../lib/gcc/avr/5.4.0/../../../../avr/lib/avr5/memx-const\libm.a(mulsf3.o)
 .note.GNU-stack
                0x0000000000000000        0x0 c:/program files/microchip/xc8/v2.36/avr/bin/../lib/gcc/avr/5.4.0/../../../../avr/lib/avr5/memx-const\libm.a(mulsf3.o)
 .text          0x0000000000000000       0xd4 c:/program files/microchip/xc8/v2.36/avr/bin/../lib/gcc/avr/5.4.0/../../../../avr/lib/avr5/memx-const\libm.a(mulsf3x.o)
 .data          0x0000000000000000        0x0 c:/program files/microchip/xc8/v2.36/avr/bin/../lib/gcc/avr/5.4.0/../../../../avr/lib/avr5/memx-const\libm.a(mulsf3x.o)
 .bss           0x0000000000000000        0x0 c:/program files/microchip/xc8/v2.36/avr/bin/../lib/gcc/avr/5.4.0/../../../../avr/lib/avr5/memx-const\libm.a(mulsf3x.o)
 .stack.descriptors.hdr
                0x0000000000000000        0xe c:/program files/microchip/xc8/v2.36/avr/bin/../lib/gcc/avr/5.4.0/../../../../avr/lib/avr5/memx-const\libm.a(mulsf3x.o)
 .stack.descriptors
                0x0000000000000000       0x31 c:/program files/microchip/xc8/v2.36/avr/bin/../lib/gcc/avr/5.4.0/../../../../avr/lib/avr5/memx-const\libm.a(mulsf3x.o)
 .note.GNU-stack
                0x0000000000000000        0x0 c:/program files/microchip/xc8/v2.36/avr/bin/../lib/gcc/avr/5.4.0/../../../../avr/lib/avr5/memx-const\libm.a(mulsf3x.o)
 .text          0x0000000000000000        0x0 c:/program files/microchip/xc8/v2.36/avr/bin/../lib/gcc/avr/5.4.0/avr5/memx-const\libgcc.a(_udivmodsi4.o)
 .data          0x0000000000000000        0x0 c:/program files/microchip/xc8/v2.36/avr/bin/../lib/gcc/avr/5.4.0/avr5/memx-const\libgcc.a(_udivmodsi4.o)
 .bss           0x0000000000000000        0x0 c:/program files/microchip/xc8/v2.36/avr/bin/../lib/gcc/avr/5.4.0/avr5/memx-const\libgcc.a(_udivmodsi4.o)
 .text.libgcc.mul
                0x0000000000000000        0x0 c:/program files/microchip/xc8/v2.36/avr/bin/../lib/gcc/avr/5.4.0/avr5/memx-const\libgcc.a(_udivmodsi4.o)
 .text.libgcc.div
                0x0000000000000000       0x44 c:/program files/microchip/xc8/v2.36/avr/bin/../lib/gcc/avr/5.4.0/avr5/memx-const\libgcc.a(_udivmodsi4.o)
 .stack.descriptors.hdr
                0x0000000000000000        0xe c:/program files/microchip/xc8/v2.36/avr/bin/../lib/gcc/avr/5.4.0/avr5/memx-const\libgcc.a(_udivmodsi4.o)
 .stack.descriptors
                0x0000000000000000       0x1a c:/program files/microchip/xc8/v2.36/avr/bin/../lib/gcc/avr/5.4.0/avr5/memx-const\libgcc.a(_udivmodsi4.o)
 .text.libgcc   0x0000000000000000        0x0 c:/program files/microchip/xc8/v2.36/avr/bin/../lib/gcc/avr/5.4.0/avr5/memx-const\libgcc.a(_udivmodsi4.o)
 .text.libgcc.prologue
                0x0000000000000000        0x0 c:/program files/microchip/xc8/v2.36/avr/bin/../lib/gcc/avr/5.4.0/avr5/memx-const\libgcc.a(_udivmodsi4.o)
 .text.libgcc.builtins
                0x0000000000000000        0x0 c:/program files/microchip/xc8/v2.36/avr/bin/../lib/gcc/avr/5.4.0/avr5/memx-const\libgcc.a(_udivmodsi4.o)
 .text.libgcc.fmul
                0x0000000000000000        0x0 c:/program files/microchip/xc8/v2.36/avr/bin/../lib/gcc/avr/5.4.0/avr5/memx-const\libgcc.a(_udivmodsi4.o)
 .text.libgcc.fixed
                0x0000000000000000        0x0 c:/program files/microchip/xc8/v2.36/avr/bin/../lib/gcc/avr/5.4.0/avr5/memx-const\libgcc.a(_udivmodsi4.o)
 .text          0x0000000000000000        0x0 c:/program files/microchip/xc8/v2.36/avr/bin/../lib/gcc/avr/5.4.0/avr5/memx-const\libgcc.a(_tablejump2.o)
 .data          0x0000000000000000        0x0 c:/program files/microchip/xc8/v2.36/avr/bin/../lib/gcc/avr/5.4.0/avr5/memx-const\libgcc.a(_tablejump2.o)
 .bss           0x0000000000000000        0x0 c:/program files/microchip/xc8/v2.36/avr/bin/../lib/gcc/avr/5.4.0/avr5/memx-const\libgcc.a(_tablejump2.o)
 .text.libgcc.mul
                0x0000000000000000        0x0 c:/program files/microchip/xc8/v2.36/avr/bin/../lib/gcc/avr/5.4.0/avr5/memx-const\libgcc.a(_tablejump2.o)
 .text.libgcc.div
                0x0000000000000000        0x0 c:/program files/microchip/xc8/v2.36/avr/bin/../lib/gcc/avr/5.4.0/avr5/memx-const\libgcc.a(_tablejump2.o)
 .text.libgcc.prologue
                0x0000000000000000        0x0 c:/program files/microchip/xc8/v2.36/avr/bin/../lib/gcc/avr/5.4.0/avr5/memx-const\libgcc.a(_tablejump2.o)
 .stack.descriptors
                0x0000000000000000       0x1c c:/program files/microchip/xc8/v2.36/avr/bin/../lib/gcc/avr/5.4.0/avr5/memx-const\libgcc.a(_tablejump2.o)
 .text.libgcc.builtins
                0x0000000000000000        0x0 c:/program files/microchip/xc8/v2.36/avr/bin/../lib/gcc/avr/5.4.0/avr5/memx-const\libgcc.a(_tablejump2.o)
 .text.libgcc.fmul
                0x0000000000000000        0x0 c:/program files/microchip/xc8/v2.36/avr/bin/../lib/gcc/avr/5.4.0/avr5/memx-const\libgcc.a(_tablejump2.o)
 .text.libgcc.fixed
                0x0000000000000000        0x0 c:/program files/microchip/xc8/v2.36/avr/bin/../lib/gcc/avr/5.4.0/avr5/memx-const\libgcc.a(_tablejump2.o)
 .text          0x0000000000000000        0x0 c:/program files/microchip/xc8/v2.36/avr/bin/../lib/gcc/avr/5.4.0/avr5/memx-const\libgcc.a(_copy_data.o)
 .data          0x0000000000000000        0x0 c:/program files/microchip/xc8/v2.36/avr/bin/../lib/gcc/avr/5.4.0/avr5/memx-const\libgcc.a(_copy_data.o)
 .bss           0x0000000000000000        0x0 c:/program files/microchip/xc8/v2.36/avr/bin/../lib/gcc/avr/5.4.0/avr5/memx-const\libgcc.a(_copy_data.o)
 .text.libgcc.mul
                0x0000000000000000        0x0 c:/program files/microchip/xc8/v2.36/avr/bin/../lib/gcc/avr/5.4.0/avr5/memx-const\libgcc.a(_copy_data.o)
 .text.libgcc.div
                0x0000000000000000        0x0 c:/program files/microchip/xc8/v2.36/avr/bin/../lib/gcc/avr/5.4.0/avr5/memx-const\libgcc.a(_copy_data.o)
 .text.libgcc   0x0000000000000000        0x0 c:/program files/microchip/xc8/v2.36/avr/bin/../lib/gcc/avr/5.4.0/avr5/memx-const\libgcc.a(_copy_data.o)
 .text.libgcc.prologue
                0x0000000000000000        0x0 c:/program files/microchip/xc8/v2.36/avr/bin/../lib/gcc/avr/5.4.0/avr5/memx-const\libgcc.a(_copy_data.o)
 .text.libgcc.builtins
                0x0000000000000000        0x0 c:/program files/microchip/xc8/v2.36/avr/bin/../lib/gcc/avr/5.4.0/avr5/memx-const\libgcc.a(_copy_data.o)
 .text.libgcc.fmul
                0x0000000000000000        0x0 c:/program files/microchip/xc8/v2.36/avr/bin/../lib/gcc/avr/5.4.0/avr5/memx-const\libgcc.a(_copy_data.o)
 .text.libgcc.fixed
                0x0000000000000000        0x0 c:/program files/microchip/xc8/v2.36/avr/bin/../lib/gcc/avr/5.4.0/avr5/memx-const\libgcc.a(_copy_data.o)
 .text          0x0000000000000000        0x0 c:/program files/microchip/xc8/v2.36/avr/bin/../lib/gcc/avr/5.4.0/../../../../avr/lib/avr5/memx-const\libc.a(exit.o)
 .data          0x0000000000000000        0x0 c:/program files/microchip/xc8/v2.36/avr/bin/../lib/gcc/avr/5.4.0/../../../../avr/lib/avr5/memx-const\libc.a(exit.o)
 .bss           0x0000000000000000        0x0 c:/program files/microchip/xc8/v2.36/avr/bin/../lib/gcc/avr/5.4.0/../../../../avr/lib/avr5/memx-const\libc.a(exit.o)
 .text          0x0000000000000000        0x0 c:/program files/microchip/xc8/v2.36/avr/bin/../lib/gcc/avr/5.4.0/../../../../avr/lib/avr5/memx-const\libc.a(_Exit.o)
 .data          0x0000000000000000        0x0 c:/program files/microchip/xc8/v2.36/avr/bin/../lib/gcc/avr/5.4.0/../../../../avr/lib/avr5/memx-const\libc.a(_Exit.o)
 .bss           0x0000000000000000        0x0 c:/program files/microchip/xc8/v2.36/avr/bin/../lib/gcc/avr/5.4.0/../../../../avr/lib/avr5/memx-const\libc.a(_Exit.o)
 .text          0x0000000000000000        0x0 c:/program files/microchip/xc8/v2.36/avr/bin/../lib/gcc/avr/5.4.0/avr5/memx-const\libgcc.a(_exit.o)
 .data          0x0000000000000000        0x0 c:/program files/microchip/xc8/v2.36/avr/bin/../lib/gcc/avr/5.4.0/avr5/memx-const\libgcc.a(_exit.o)
 .bss           0x0000000000000000        0x0 c:/program files/microchip/xc8/v2.36/avr/bin/../lib/gcc/avr/5.4.0/avr5/memx-const\libgcc.a(_exit.o)
 .text.libgcc.mul
                0x0000000000000000        0x0 c:/program files/microchip/xc8/v2.36/avr/bin/../lib/gcc/avr/5.4.0/avr5/memx-const\libgcc.a(_exit.o)
 .text.libgcc.div
                0x0000000000000000        0x0 c:/program files/microchip/xc8/v2.36/avr/bin/../lib/gcc/avr/5.4.0/avr5/memx-const\libgcc.a(_exit.o)
 .text.libgcc   0x0000000000000000        0x0 c:/program files/microchip/xc8/v2.36/avr/bin/../lib/gcc/avr/5.4.0/avr5/memx-const\libgcc.a(_exit.o)
 .text.libgcc.prologue
                0x0000000000000000        0x0 c:/program files/microchip/xc8/v2.36/avr/bin/../lib/gcc/avr/5.4.0/avr5/memx-const\libgcc.a(_exit.o)
 .stack.descriptors
                0x0000000000000000       0x13 c:/program files/microchip/xc8/v2.36/avr/bin/../lib/gcc/avr/5.4.0/avr5/memx-const\libgcc.a(_exit.o)
 .text.libgcc.builtins
                0x0000000000000000        0x0 c:/program files/microchip/xc8/v2.36/avr/bin/../lib/gcc/avr/5.4.0/avr5/memx-const\libgcc.a(_exit.o)
 .text.libgcc.fmul
                0x0000000000000000        0x0 c:/program files/microchip/xc8/v2.36/avr/bin/../lib/gcc/avr/5.4.0/avr5/memx-const\libgcc.a(_exit.o)
 .text.libgcc.fixed
                0x0000000000000000        0x0 c:/program files/microchip/xc8/v2.36/avr/bin/../lib/gcc/avr/5.4.0/avr5/memx-const\libgcc.a(_exit.o)

Memory Configuration

Name             Origin             Length             Attributes
text             0x0000000000000000 0x0000000000008000 xr
data             0x0000000000800060 0x0000000000000800 rw !x
eeprom           0x0000000000810000 0x0000000000000400 rw !x
fuse             0x0000000000820000 0x0000000000000002 rw !x
lock             0x0000000000830000 0x0000000000000400 rw !x
signature        0x0000000000840000 0x0000000000000400 rw !x
user_signatures  0x0000000000850000 0x0000000000000400 rw !x
*default*        0x0000000000000000 0xffffffffffffffff

Linker script and memory map

LOAD C:/Program Files (x86)/Atmel/Studio/7.0/Packs/atmel/ATmega_DFP/1.7.374/xc8/avr/lib/avr5/memx-const/crtatmega32.o
LOAD HAL/H7SEG/H7SEG_CONFIG.o
LOAD HAL/H7SEG/H7SEG_PROGRAM.o
LOAD HAL/HDC_MOTOR/HDC_MOTOR_PROGRAM.o
LOAD HAL/HKEYPAD/HKEYPAD_CONFIG.o
LOAD HAL/HKEYPAD/HKEYPAD_PROGRAM.o
LOAD HAL/HLCD/HLCD_CONFIG.o
LOAD HAL/HLCD/HLCD_PROGRAM.o
LOAD HAL/HLED/HLED_CONFIG.o
LOAD HAL/HLED/HLED_PROGRAM.o
LOAD HAL/HSERVO/HSERVO_PROGRAM.o
LOAD HAL/HSWITCH/HSWITCH_CONFIG.o
LOAD HAL/HSWITCH/HSWITCH_PROGRAM.o
LOAD HAL/HTEMP_SENSOR_LM35/HTEMP_SENSOR_LM35_program.o
LOAD main.o
LOAD MCAL/MADC/MADC_PROGRAM.o
LOAD MCAL/MDIO/MDIO_PROGRAM.o
LOAD MCAL/MEEPROM/MEEPROM_PROGRAM.o
LOAD MCAL/MINT/MINT_PROGRAM.o
LOAD MCAL/MSPI/MSPI_PROGRAM.o
LOAD MCAL/MTIMER/MPWM/MPWM_PROGRAM.o
LOAD MCAL/MTIMER/MTIMER_PROGRAM.o
LOAD MCAL/MTWI/MTWI_PROGRAM.o
LOAD MCAL/MUSART/MUSART_PROGRAM.o
START GROUP
LOAD c:/program files/microchip/xc8/v2.36/avr/bin/../lib/gcc/avr/5.4.0/../../../../avr/lib/avr5/memx-const\libm.a
END GROUP
START GROUP
LOAD c:/program files/microchip/xc8/v2.36/avr/bin/../lib/gcc/avr/5.4.0/avr5/memx-const\libgcc.a
LOAD c:/program files/microchip/xc8/v2.36/avr/bin/../lib/gcc/avr/5.4.0/../../../../avr/lib/avr5/memx-const\libm.a
LOAD c:/program files/microchip/xc8/v2.36/avr/bin/../lib/gcc/avr/5.4.0/../../../../avr/lib/avr5/memx-const\libc.a
LOAD C:/Program Files (x86)/Atmel/Studio/7.0/Packs/atmel/ATmega_DFP/1.7.374/xc8/avr/lib/avr5/memx-const\libatmega32.a
END GROUP
                0x0000000000000000                __TEXT_REGION_ORIGIN__ = DEFINED (__TEXT_REGION_ORIGIN__)?__TEXT_REGION_ORIGIN__:0x0
                [0x0000000000800060]                __DATA_REGION_ORIGIN__ = DEFINED (__DATA_REGION_ORIGIN__)?__DATA_REGION_ORIGIN__:0x800060
                [0x0000000000008000]                __TEXT_REGION_LENGTH__ = DEFINED (__TEXT_REGION_LENGTH__)?__TEXT_REGION_LENGTH__:0x20000
                [0x0000000000000800]                __DATA_REGION_LENGTH__ = DEFINED (__DATA_REGION_LENGTH__)?__DATA_REGION_LENGTH__:0xffa0
                [0x0000000000000400]                __EEPROM_REGION_LENGTH__ = DEFINED (__EEPROM_REGION_LENGTH__)?__EEPROM_REGION_LENGTH__:0x10000
                [0x0000000000000002]                __FUSE_REGION_LENGTH__ = DEFINED (__FUSE_REGION_LENGTH__)?__FUSE_REGION_LENGTH__:0x400
                0x0000000000000400                __LOCK_REGION_LENGTH__ = DEFINED (__LOCK_REGION_LENGTH__)?__LOCK_REGION_LENGTH__:0x400
                0x0000000000000400                __SIGNATURE_REGION_LENGTH__ = DEFINED (__SIGNATURE_REGION_LENGTH__)?__SIGNATURE_REGION_LENGTH__:0x400
                0x0000000000000400                __USER_SIGNATURE_REGION_LENGTH__ = DEFINED (__USER_SIGNATURE_REGION_LENGTH__)?__USER_SIGNATURE_REGION_LENGTH__:0x400

.hash
 *(.hash)

.dynsym
 *(.dynsym)

.dynstr
 *(.dynstr)

.gnu.version
 *(.gnu.version)

.gnu.version_d
 *(.gnu.version_d)

.gnu.version_r
 *(.gnu.version_r)

.rel.init
 *(.rel.init)

.rela.init
 *(.rela.init)

.rel.text
 *(.rel.text)
 *(.rel.text.*)
 *(.rel.gnu.linkonce.t*)

.rela.text
 *(.rela.text)
 *(.rela.text.*)
 *(.rela.gnu.linkonce.t*)

.rel.fini
 *(.rel.fini)

.rela.fini
 *(.rela.fini)

.rel.rodata
 *(.rel.rodata)
 *(.rel.rodata.*)
 *(.rel.gnu.linkonce.r*)

.rela.rodata
 *(.rela.rodata)
 *(.rela.rodata.*)
 *(.rela.gnu.linkonce.r*)

.rel.data
 *(.rel.data)
 *(.rel.data.*)
 *(.rel.gnu.linkonce.d*)

.rela.data
 *(.rela.data)
 *(.rela.data.*)
 *(.rela.gnu.linkonce.d*)

.rel.ctors
 *(.rel.ctors)

.rela.ctors
 *(.rela.ctors)

.rel.dtors
 *(.rel.dtors)

.rela.dtors
 *(.rela.dtors)

.rel.got
 *(.rel.got)

.rela.got
 *(.rela.got)

.rel.bss
 *(.rel.bss)

.rela.bss
 *(.rela.bss)

.rel.plt
 *(.rel.plt)

.rela.plt
 *(.rela.plt)

.text           0x0000000000000000       0xe8
 *(.vectors)
 .vectors       0x0000000000000000       0x54 C:/Program Files (x86)/Atmel/Studio/7.0/Packs/atmel/ATmega_DFP/1.7.374/xc8/avr/lib/avr5/memx-const/crtatmega32.o
                0x0000000000000000                __vector_default
                0x0000000000000000                __vectors
 *(.vectors)
 *(.progmem.gcc*)
 .progmem.gcc_sw_table.u8admin_control
                0x0000000000000054       0x10 main.o
 *(.dinit)
 .dinit         0x0000000000000064       0x30 data_init
                0x0000000000000094                . = ALIGN (0x2)
                0x0000000000000094                __trampolines_start = .
 *(.trampolines)
 .trampolines   0x0000000000000094        0x0 linker stubs
 *(.trampolines*)
                0x0000000000000094                __trampolines_end = .
 *libprintf_flt.a:*(.progmem.data)
 *libc.a:*(.progmem.data)
                0x0000000000000094                . = ALIGN (0x2)
 *(.jumptables)
 *(.jumptables*)
 *(.lowtext)
 *(.lowtext*)
                0x0000000000000094                __ctors_start = .
 *(.ctors)
                0x0000000000000094                __ctors_end = .
                0x0000000000000094                __dtors_start = .
 *(.dtors)
                0x0000000000000094                __dtors_end = .
 SORT(*)(.ctors)
 SORT(*)(.dtors)
 *(.init0)
 .init0         0x0000000000000094        0x0 C:/Program Files (x86)/Atmel/Studio/7.0/Packs/atmel/ATmega_DFP/1.7.374/xc8/avr/lib/avr5/memx-const/crtatmega32.o
                0x0000000000000094                __init
 *(.init0)
 *(.init1)
 *(.init1)
 *(.init2)
 .init2         0x0000000000000094        0xc C:/Program Files (x86)/Atmel/Studio/7.0/Packs/atmel/ATmega_DFP/1.7.374/xc8/avr/lib/avr5/memx-const/crtatmega32.o
 *(.init2)
 *(.init3)
 *(.init3)
 *(.init4)
 .init4         0x00000000000000a0       0x3c c:/program files/microchip/xc8/v2.36/avr/bin/../lib/gcc/avr/5.4.0/avr5/memx-const\libgcc.a(_copy_data.o)
                0x00000000000000a0                __do_copy_data
                0x00000000000000ce                __do_clear_bss
 *(.init4)
 *(.init5)
 *(.init5)
 *(.init6)
 *(.init6)
 *(.init7)
 *(.init7)
 *(.init8)
 *(.init8)
 *(.init9)
 .init9         0x00000000000000dc        0x8 C:/Program Files (x86)/Atmel/Studio/7.0/Packs/atmel/ATmega_DFP/1.7.374/xc8/avr/lib/avr5/memx-const/crtatmega32.o
 *(.init9)
                0x00000000000000e4                . = ALIGN (0x2)
 *(.fini9)
 .fini9         0x00000000000000e4        0x0 c:/program files/microchip/xc8/v2.36/avr/bin/../lib/gcc/avr/5.4.0/avr5/memx-const\libgcc.a(_exit.o)
                0x00000000000000e4                _exit
 *(.fini9)
 *(.fini8)
 *(.fini8)
 *(.fini7)
 *(.fini7)
 *(.fini6)
 *(.fini6)
 *(.fini5)
 *(.fini5)
 *(.fini4)
 *(.fini4)
 *(.fini3)
 *(.fini3)
 *(.fini2)
 *(.fini2)
 *(.fini1)
 *(.fini1)
 *(.fini0)
 .fini0         0x00000000000000e4        0x4 c:/program files/microchip/xc8/v2.36/avr/bin/../lib/gcc/avr/5.4.0/avr5/memx-const\libgcc.a(_exit.o)
 *(.fini0)
                0x00000000000000e8                _etext = .

.data           0x0000000000800060        0x0 load address 0x00000000000000e8
                [!provide]                        PROVIDE (__data_start, .)
 *(.gnu.linkonce.d*)
 *(.gnu.linkonce.r*)
                0x0000000000800060                . = ALIGN (0x2)
 *fill*         0x0000000000800060        0x0 
                0x0000000000800060                _edata = .
                [!provide]                        PROVIDE (__data_end, .)

.bss            0x0000000000800060        0xa
                [!provide]                        PROVIDE (__bss_start, .)
 *(COMMON)
 COMMON         0x0000000000800060        0x8 main.o
                0x0000000000800060                loads_status
 COMMON         0x0000000000800068        0x2 MCAL/MTIMER/MTIMER_PROGRAM.o
                0x0000000000800068                timer1_ctc_int
                [!provide]                        PROVIDE (__bss_end, .)
                0x00000000000000e8                __data_load_start = LOADADDR (.data)
                0x00000000000000e8                __data_load_end = (__data_load_start + SIZEOF (.data))

.noinit         0x000000000080006a        0x0
                [!provide]                        PROVIDE (__noinit_start, .)
 *(.noinit*)
                [!provide]                        PROVIDE (__noinit_end, .)
                0x000000000080006a                _end = .

.eeprom         0x0000000000810000        0x0
 *(.eeprom*)
                0x0000000000810000                __eeprom_end = .

.fuse
 *(.fuse)
 *(.lfuse)
 *(.hfuse)
 *(.efuse)

.lock
 *(.lock*)

.signature
 *(.signature*)

.user_signatures
 *(.user_signatures*)

.stab
 *(.stab)

.stabstr
 *(.stabstr)

.stab.excl
 *(.stab.excl)

.stab.exclstr
 *(.stab.exclstr)

.stab.index
 *(.stab.index)

.stab.indexstr
 *(.stab.indexstr)

.comment        0x0000000000000000       0x2f
 *(.comment)
 .comment       0x0000000000000000       0x2f HAL/HKEYPAD/HKEYPAD_CONFIG.o
                                         0x30 (size before relaxing)
 .comment       0x000000000000002f       0x30 HAL/HKEYPAD/HKEYPAD_PROGRAM.o
 .comment       0x000000000000002f       0x30 HAL/HLCD/HLCD_CONFIG.o
 .comment       0x000000000000002f       0x30 HAL/HLCD/HLCD_PROGRAM.o
 .comment       0x000000000000002f       0x30 main.o
 .comment       0x000000000000002f       0x30 MCAL/MDIO/MDIO_PROGRAM.o
 .comment       0x000000000000002f       0x30 MCAL/MEEPROM/MEEPROM_PROGRAM.o
 .comment       0x000000000000002f       0x30 MCAL/MINT/MINT_PROGRAM.o
 .comment       0x000000000000002f       0x30 MCAL/MSPI/MSPI_PROGRAM.o
 .comment       0x000000000000002f       0x30 MCAL/MTIMER/MTIMER_PROGRAM.o
 .comment       0x000000000000002f       0x30 c:/program files/microchip/xc8/v2.36/avr/bin/../lib/gcc/avr/5.4.0/../../../../avr/lib/avr5/memx-const\libc.a(exit.o)
 .comment       0x000000000000002f       0x30 c:/program files/microchip/xc8/v2.36/avr/bin/../lib/gcc/avr/5.4.0/../../../../avr/lib/avr5/memx-const\libc.a(_Exit.o)

.stack.descriptors.hdr
                0x0000000000000000       0x1c
 .stack.descriptors.hdr
                0x0000000000000000        0xe c:/program files/microchip/xc8/v2.36/avr/bin/../lib/gcc/avr/5.4.0/avr5/memx-const\libgcc.a(_tablejump2.o)
 .stack.descriptors.hdr
                0x000000000000000e        0xe c:/program files/microchip/xc8/v2.36/avr/bin/../lib/gcc/avr/5.4.0/avr5/memx-const\libgcc.a(_exit.o)

.note.GNU-stack
                0x0000000000000000        0x0
 .note.GNU-stack
                0x0000000000000000        0x0 c:/program files/microchip/xc8/v2.36/avr/bin/../lib/gcc/avr/5.4.0/../../../../avr/lib/avr5/memx-const\libc.a(exit.o)
 .note.GNU-stack
                0x0000000000000000        0x0 c:/program files/microchip/xc8/v2.36/avr/bin/../lib/gcc/avr/5.4.0/../../../../avr/lib/avr5/memx-const\libc.a(_Exit.o)

.note.gnu.build-id
 *(.note.gnu.build-id)

.debug
 *(.debug)

.line
 *(.line)

.debug_srcinfo
 *(.debug_srcinfo)

.debug_sfnames
 *(.debug_sfnames)

.debug_aranges  0x0000000000000000      0x2c0
 *(.debug_aranges)
 .debug_aranges
                0x0000000000000000       0x18 HAL/HKEYPAD/HKEYPAD_CONFIG.o
 .debug_aranges
                0x0000000000000018       0x28 HAL/HKEYPAD/HKEYPAD_PROGRAM.o
 .debug_aranges
                0x0000000000000040       0x18 HAL/HLCD/HLCD_CONFIG.o
 .debug_aranges
                0x0000000000000058       0x48 HAL/HLCD/HLCD_PROGRAM.o
 .debug_aranges
                0x00000000000000a0       0x48 main.o
 .debug_aranges
                0x00000000000000e8       0x50 MCAL/MDIO/MDIO_PROGRAM.o
 .debug_aranges
                0x0000000000000138       0x28 MCAL/MEEPROM/MEEPROM_PROGRAM.o
 .debug_aranges
                0x0000000000000160       0x70 MCAL/MINT/MINT_PROGRAM.o
 .debug_aranges
                0x00000000000001d0       0x48 MCAL/MSPI/MSPI_PROGRAM.o
 .debug_aranges
                0x0000000000000218       0xa8 MCAL/MTIMER/MTIMER_PROGRAM.o

.debug_pubnames
 *(.debug_pubnames)

.debug_info     0x0000000000000000     0x7429
 *(.debug_info .gnu.linkonce.wi.*)
 .debug_info    0x0000000000000000      0x4e6 C:/Program Files (x86)/Atmel/Studio/7.0/Packs/atmel/ATmega_DFP/1.7.374/xc8/avr/lib/avr5/memx-const/crtatmega32.o
 .debug_info    0x00000000000004e6      0x4a4 HAL/HKEYPAD/HKEYPAD_CONFIG.o
 .debug_info    0x000000000000098a      0x94f HAL/HKEYPAD/HKEYPAD_PROGRAM.o
 .debug_info    0x00000000000012d9      0x543 HAL/HLCD/HLCD_CONFIG.o
 .debug_info    0x000000000000181c     0x12b9 HAL/HLCD/HLCD_PROGRAM.o
 .debug_info    0x0000000000002ad5     0x1e56 main.o
 .debug_info    0x000000000000492b      0x6dc MCAL/MDIO/MDIO_PROGRAM.o
 .debug_info    0x0000000000005007      0x40c MCAL/MEEPROM/MEEPROM_PROGRAM.o
 .debug_info    0x0000000000005413      0x761 MCAL/MINT/MINT_PROGRAM.o
 .debug_info    0x0000000000005b74      0x85d MCAL/MSPI/MSPI_PROGRAM.o
 .debug_info    0x00000000000063d1     0x1058 MCAL/MTIMER/MTIMER_PROGRAM.o

.debug_abbrev   0x0000000000000000     0x12a4
 *(.debug_abbrev)
 .debug_abbrev  0x0000000000000000      0x4a3 C:/Program Files (x86)/Atmel/Studio/7.0/Packs/atmel/ATmega_DFP/1.7.374/xc8/avr/lib/avr5/memx-const/crtatmega32.o
 .debug_abbrev  0x00000000000004a3       0x7f HAL/HKEYPAD/HKEYPAD_CONFIG.o
 .debug_abbrev  0x0000000000000522      0x191 HAL/HKEYPAD/HKEYPAD_PROGRAM.o
 .debug_abbrev  0x00000000000006b3       0x8e HAL/HLCD/HLCD_CONFIG.o
 .debug_abbrev  0x0000000000000741      0x28f HAL/HLCD/HLCD_PROGRAM.o
 .debug_abbrev  0x00000000000009d0      0x200 main.o
 .debug_abbrev  0x0000000000000bd0      0x108 MCAL/MDIO/MDIO_PROGRAM.o
 .debug_abbrev  0x0000000000000cd8       0xd0 MCAL/MEEPROM/MEEPROM_PROGRAM.o
 .debug_abbrev  0x0000000000000da8      0x130 MCAL/MINT/MINT_PROGRAM.o
 .debug_abbrev  0x0000000000000ed8      0x13e MCAL/MSPI/MSPI_PROGRAM.o
 .debug_abbrev  0x0000000000001016      0x28e MCAL/MTIMER/MTIMER_PROGRAM.o

.debug_line     0x0000000000000000     0x26cc
 *(.debug_line .debug_line.* .debug_line_end)
 .debug_line    0x0000000000000000      0x119 C:/Program Files (x86)/Atmel/Studio/7.0/Packs/atmel/ATmega_DFP/1.7.374/xc8/avr/lib/avr5/memx-const/crtatmega32.o
 .debug_line    0x0000000000000119       0x87 HAL/HKEYPAD/HKEYPAD_CONFIG.o
 .debug_line    0x00000000000001a0      0x2e5 HAL/HKEYPAD/HKEYPAD_PROGRAM.o
 .debug_line    0x0000000000000485       0x7b HAL/HLCD/HLCD_CONFIG.o
 .debug_line    0x0000000000000500      0x635 HAL/HLCD/HLCD_PROGRAM.o
 .debug_line    0x0000000000000b35      0x82b main.o
 .debug_line    0x0000000000001360      0x4d1 MCAL/MDIO/MDIO_PROGRAM.o
 .debug_line    0x0000000000001831      0x10c MCAL/MEEPROM/MEEPROM_PROGRAM.o
 .debug_line    0x000000000000193d      0x440 MCAL/MINT/MINT_PROGRAM.o
 .debug_line    0x0000000000001d7d      0x259 MCAL/MSPI/MSPI_PROGRAM.o
 .debug_line    0x0000000000001fd6      0x6f6 MCAL/MTIMER/MTIMER_PROGRAM.o

.debug_frame    0x0000000000000000      0x7c4
 *(.debug_frame)
 .debug_frame   0x0000000000000000       0xb8 HAL/HKEYPAD/HKEYPAD_PROGRAM.o
 .debug_frame   0x00000000000000b8      0x18c HAL/HLCD/HLCD_PROGRAM.o
 .debug_frame   0x0000000000000244       0x90 main.o
 .debug_frame   0x00000000000002d4       0x84 MCAL/MDIO/MDIO_PROGRAM.o
 .debug_frame   0x0000000000000358       0x34 MCAL/MEEPROM/MEEPROM_PROGRAM.o
 .debug_frame   0x000000000000038c      0x19c MCAL/MINT/MINT_PROGRAM.o
 .debug_frame   0x0000000000000528       0x90 MCAL/MSPI/MSPI_PROGRAM.o
 .debug_frame   0x00000000000005b8      0x20c MCAL/MTIMER/MTIMER_PROGRAM.o

.debug_str      0x0000000000000000      0x3a0
 *(.debug_str)
 .debug_str     0x0000000000000000      0x196 C:/Program Files (x86)/Atmel/Studio/7.0/Packs/atmel/ATmega_DFP/1.7.374/xc8/avr/lib/avr5/memx-const/crtatmega32.o
 .debug_str     0x0000000000000196        0x0 HAL/HKEYPAD/HKEYPAD_CONFIG.o
 .debug_str     0x0000000000000196       0x26 HAL/HKEYPAD/HKEYPAD_PROGRAM.o
 .debug_str     0x00000000000001bc        0x9 HAL/HLCD/HLCD_CONFIG.o
 .debug_str     0x00000000000001c5       0x43 HAL/HLCD/HLCD_PROGRAM.o
 .debug_str     0x0000000000000208       0xdb main.o
 .debug_str     0x00000000000002e3       0x41 MCAL/MDIO/MDIO_PROGRAM.o
 .debug_str     0x0000000000000324       0x12 MCAL/MEEPROM/MEEPROM_PROGRAM.o
 .debug_str     0x0000000000000336       0x14 MCAL/MINT/MINT_PROGRAM.o
 .debug_str     0x000000000000034a       0x2a MCAL/MSPI/MSPI_PROGRAM.o
 .debug_str     0x0000000000000374       0x2c MCAL/MTIMER/MTIMER_PROGRAM.o

.debug_loc      0x0000000000000000     0x2c55
 *(.debug_loc)
 .debug_loc     0x0000000000000000      0x2e9 HAL/HKEYPAD/HKEYPAD_PROGRAM.o
 .debug_loc     0x00000000000002e9      0xbce HAL/HLCD/HLCD_PROGRAM.o
 .debug_loc     0x0000000000000eb7      0x38d main.o
 .debug_loc     0x0000000000001244      0x2e0 MCAL/MDIO/MDIO_PROGRAM.o
 .debug_loc     0x0000000000001524       0xf2 MCAL/MEEPROM/MEEPROM_PROGRAM.o
 .debug_loc     0x0000000000001616      0x665 MCAL/MINT/MINT_PROGRAM.o
 .debug_loc     0x0000000000001c7b      0x15d MCAL/MSPI/MSPI_PROGRAM.o
 .debug_loc     0x0000000000001dd8      0xe7d MCAL/MTIMER/MTIMER_PROGRAM.o

.debug_macinfo
 *(.debug_macinfo)

.debug_weaknames
 *(.debug_weaknames)

.debug_funcnames
 *(.debug_funcnames)

.debug_typenames
 *(.debug_typenames)

.debug_varnames
 *(.debug_varnames)

.debug_pubtypes
 *(.debug_pubtypes)

.debug_ranges   0x0000000000000000      0x278
 *(.debug_ranges)
 .debug_ranges  0x0000000000000000       0x18 HAL/HKEYPAD/HKEYPAD_PROGRAM.o
 .debug_ranges  0x0000000000000018       0x50 HAL/HLCD/HLCD_PROGRAM.o
 .debug_ranges  0x0000000000000068       0x50 main.o
 .debug_ranges  0x00000000000000b8       0x40 MCAL/MDIO/MDIO_PROGRAM.o
 .debug_ranges  0x00000000000000f8       0x18 MCAL/MEEPROM/MEEPROM_PROGRAM.o
 .debug_ranges  0x0000000000000110       0x60 MCAL/MINT/MINT_PROGRAM.o
 .debug_ranges  0x0000000000000170       0x38 MCAL/MSPI/MSPI_PROGRAM.o
 .debug_ranges  0x00000000000001a8       0xd0 MCAL/MTIMER/MTIMER_PROGRAM.o

.debug_macro
 *(.debug_macro)
OUTPUT(SMART_HOME_PROJECT.elf elf32-avr)
LOAD linker stubs
LOAD data_init

.note.gnu.avr.deviceinfo
                0x0000000000000000       0x3c
 .note.gnu.avr.deviceinfo
                0x0000000000000000       0x3c C:/Program Files (x86)/Atmel/Studio/7.0/Packs/atmel/ATmega_DFP/1.7.374/xc8/avr/lib/avr5/memx-const/crtatmega32.o

.bss.wrong_pass_flag
                0x000000000080013d        0x1
 .bss.wrong_pass_flag
                0x000000000080013d        0x1 main.o
                0x000000000080013d                wrong_pass_flag

.bss.counter_for_wrong_pass_entered
                0x000000000080013e        0x1
 .bss.counter_for_wrong_pass_entered
                0x000000000080013e        0x1 main.o
                0x000000000080013e                counter_for_wrong_pass_entered

.bss.lcd_flag   0x000000000080013f        0x1
 .bss.lcd_flag  0x000000000080013f        0x1 main.o
                0x000000000080013f                lcd_flag

.bss.sequence   0x0000000000800140        0x1
 .bss.sequence  0x0000000000800140        0x1 main.o
                0x0000000000800140                sequence

.bss.entered_pass
                0x0000000000800141        0x1
 .bss.entered_pass
                0x0000000000800141        0x1 main.o
                0x0000000000800141                entered_pass

.bss.saved_pass
                0x0000000000800142        0x1
 .bss.saved_pass
                0x0000000000800142        0x1 main.o
                0x0000000000800142                saved_pass

.bss.address_in_eeprom
                0x0000000000800139        0x2
 .bss.address_in_eeprom
                0x0000000000800139        0x2 main.o
                0x0000000000800139                address_in_eeprom

.bss.counter_in_eeprom
                0x0000000000800143        0x1
 .bss.counter_in_eeprom
                0x0000000000800143        0x1 main.o
                0x0000000000800143                counter_in_eeprom

.bss.x          0x0000000000800122        0x4
 .bss.x         0x0000000000800122        0x4 main.o
                0x0000000000800122                x

.bss.EXINT_CALLBACK
                0x0000000000800118        0x6
 .bss.EXINT_CALLBACK
                0x0000000000800118        0x6 MCAL/MINT/MINT_PROGRAM.o

.bss.u16counter_of_ovf_timer0
                0x000000000080013b        0x2
 .bss.u16counter_of_ovf_timer0
                0x000000000080013b        0x2 MCAL/MTIMER/MTIMER_PROGRAM.o

.text.u8admin_control
                0x00000000000000e8      0x590
 .text.u8admin_control
                0x00000000000000e8      0x590 main.o
                0x00000000000000e8                u8admin_control

.text.lcd_write_data
                0x0000000000000678      0x246
 .text.lcd_write_data
                0x0000000000000678      0x246 HAL/HLCD/HLCD_PROGRAM.o
                0x0000000000000678                lcd_write_data

.text.lcd_init  0x00000000000008be      0x17a
 .text.lcd_init
                0x00000000000008be      0x17a HAL/HLCD/HLCD_PROGRAM.o
                0x00000000000008be                lcd_init

.text.keypadgetnumber
                0x0000000000000a38      0x136
 .text.keypadgetnumber
                0x0000000000000a38      0x136 HAL/HKEYPAD/HKEYPAD_PROGRAM.o
                0x0000000000000a38                keypadgetnumber

.text.pin_direction
                0x0000000000000b6e      0x114
 .text.pin_direction
                0x0000000000000b6e      0x114 MCAL/MDIO/MDIO_PROGRAM.o
                0x0000000000000b6e                pin_direction

.text.pin_value
                0x0000000000000c82      0x114
 .text.pin_value
                0x0000000000000c82      0x114 MCAL/MDIO/MDIO_PROGRAM.o
                0x0000000000000c82                pin_value

.text.keypad_init
                0x0000000000000d96       0xd2
 .text.keypad_init
                0x0000000000000d96       0xd2 HAL/HKEYPAD/HKEYPAD_PROGRAM.o
                0x0000000000000d96                keypad_init

.text.pin_get_value
                0x0000000000000e68       0xaa
 .text.pin_get_value
                0x0000000000000e68       0xaa MCAL/MDIO/MDIO_PROGRAM.o
                0x0000000000000e68                pin_get_value

.text.u8check_admin_pass
                0x0000000000000f12       0x9a
 .text.u8check_admin_pass
                0x0000000000000f12       0x9a main.o
                0x0000000000000f12                u8check_admin_pass

.text.spi_master_init
                0x0000000000000fac       0x74
 .text.spi_master_init
                0x0000000000000fac       0x74 MCAL/MSPI/MSPI_PROGRAM.o
                0x0000000000000fac                spi_master_init

.text.u8set_admin_pass
                0x0000000000001020       0x6c
 .text.u8set_admin_pass
                0x0000000000001020       0x6c main.o
                0x0000000000001020                u8set_admin_pass

.text.u8enter_admin_pass
                0x000000000000108c       0x6c
 .text.u8enter_admin_pass
                0x000000000000108c       0x6c main.o
                0x000000000000108c                u8enter_admin_pass

.text.__vector_7
                0x00000000000010f8       0x5e
 .text.__vector_7
                0x00000000000010f8       0x5e MCAL/MTIMER/MTIMER_PROGRAM.o
                0x00000000000010f8                __vector_7

.text.LCDstring
                0x0000000000001156       0x52
 .text.LCDstring
                0x0000000000001156       0x52 HAL/HLCD/HLCD_PROGRAM.o
                0x0000000000001156                LCDstring

.text.__vector_1
                0x00000000000011a8       0x4e
 .text.__vector_1
                0x00000000000011a8       0x4e MCAL/MINT/MINT_PROGRAM.o
                0x00000000000011a8                __vector_1

.text.__vector_2
                0x00000000000011f6       0x4e
 .text.__vector_2
                0x00000000000011f6       0x4e MCAL/MINT/MINT_PROGRAM.o
                0x00000000000011f6                __vector_2

.text.__vector_3
                0x0000000000001244       0x4e
 .text.__vector_3
                0x0000000000001244       0x4e MCAL/MINT/MINT_PROGRAM.o
                0x0000000000001244                __vector_3

.text.main      0x0000000000001292       0x46
 .text.main     0x0000000000001292       0x46 main.o
                0x0000000000001292                main

.text.u8check_if_admin_set_pass
                0x00000000000012d8       0x40
 .text.u8check_if_admin_set_pass
                0x00000000000012d8       0x40 main.o
                0x00000000000012d8                u8check_if_admin_set_pass

.text.spi_master_receive_byte
                0x0000000000001318       0x3a
 .text.spi_master_receive_byte
                0x0000000000001318       0x3a MCAL/MSPI/MSPI_PROGRAM.o
                0x0000000000001318                spi_master_receive_byte

.text.EEPROM_READ_BYTE_MEEPROM
                0x0000000000001352       0x2e
 .text.EEPROM_READ_BYTE_MEEPROM
                0x0000000000001352       0x2e MCAL/MEEPROM/MEEPROM_PROGRAM.o
                0x0000000000001352                EEPROM_READ_BYTE_MEEPROM

.text.__vector_11
                0x0000000000001380       0x2e
 .text.__vector_11
                0x0000000000001380       0x2e MCAL/MTIMER/MTIMER_PROGRAM.o
                0x0000000000001380                __vector_11

.text.spi_master_transmit_byte
                0x00000000000013ae       0x2a
 .text.spi_master_transmit_byte
                0x00000000000013ae       0x2a MCAL/MSPI/MSPI_PROGRAM.o
                0x00000000000013ae                spi_master_transmit_byte

.text.EEPROM_WRITE_BYTE
                0x00000000000013d8       0x26
 .text.EEPROM_WRITE_BYTE
                0x00000000000013d8       0x26 MCAL/MEEPROM/MEEPROM_PROGRAM.o
                0x00000000000013d8                EEPROM_WRITE_BYTE

.text.exit      0x00000000000013fe       0x16
 .text.exit     0x00000000000013fe       0x16 c:/program files/microchip/xc8/v2.36/avr/bin/../lib/gcc/avr/5.4.0/../../../../avr/lib/avr5/memx-const\libc.a(exit.o)
                0x00000000000013fe                exit

.text.lcdclear  0x0000000000001414        0xe
 .text.lcdclear
                0x0000000000001414        0xe HAL/HLCD/HLCD_PROGRAM.o
                0x0000000000001414                lcdclear

.text.libgcc    0x0000000000001422        0xc
 .text.libgcc   0x0000000000001422        0xc c:/program files/microchip/xc8/v2.36/avr/bin/../lib/gcc/avr/5.4.0/avr5/memx-const\libgcc.a(_tablejump2.o)
                0x0000000000001422                __tablejump2__

.text           0x000000000000142e        0x4
 .text          0x000000000000142e        0x4 C:/Program Files (x86)/Atmel/Studio/7.0/Packs/atmel/ATmega_DFP/1.7.374/xc8/avr/lib/avr5/memx-const/crtatmega32.o
                0x000000000000142e                __vector_12
                0x000000000000142e                __bad_interrupt
                0x000000000000142e                __vector_6
                0x000000000000142e                __vector_13
                0x000000000000142e                __vector_17
                0x000000000000142e                __vector_19
                0x000000000000142e                __vector_5
                0x000000000000142e                __vector_4
                0x000000000000142e                __vector_9
                0x000000000000142e                __vector_15
                0x000000000000142e                __vector_8
                0x000000000000142e                __vector_14
                0x000000000000142e                __vector_10
                0x000000000000142e                __vector_16
                0x000000000000142e                __vector_18
                0x000000000000142e                __vector_20

.text._Exit     0x0000000000001432        0x4
 .text._Exit    0x0000000000001432        0x4 c:/program files/microchip/xc8/v2.36/avr/bin/../lib/gcc/avr/5.4.0/../../../../avr/lib/avr5/memx-const\libc.a(_Exit.o)
                0x0000000000001432                _Exit

.text.__dummy_fini
                0x0000000000001436        0x2
 .text.__dummy_fini
                0x0000000000001436        0x2 c:/program files/microchip/xc8/v2.36/avr/bin/../lib/gcc/avr/5.4.0/../../../../avr/lib/avr5/memx-const\libc.a(exit.o)
                0x0000000000001436                _fini

.text.__dummy_funcs_on_exit
                0x0000000000001438        0x2
 .text.__dummy_funcs_on_exit
                0x0000000000001438        0x2 c:/program files/microchip/xc8/v2.36/avr/bin/../lib/gcc/avr/5.4.0/../../../../avr/lib/avr5/memx-const\libc.a(exit.o)
                0x0000000000001438                __funcs_on_exit

.text.__dummy_simulator_exit
                0x000000000000143a        0x2
 .text.__dummy_simulator_exit
                0x000000000000143a        0x2 c:/program files/microchip/xc8/v2.36/avr/bin/../lib/gcc/avr/5.4.0/../../../../avr/lib/avr5/memx-const\libc.a(exit.o)
                0x000000000000143a                __simulator_exit

.data.HLCD_arrayoflcds
                0x000000000080006a       0x2d load address 0x000000000000143c
 .data.HLCD_arrayoflcds
                0x000000000080006a       0x2d HAL/HLCD/HLCD_CONFIG.o
                0x000000000080006a                HLCD_arrayoflcds

.data.HKEYPAD_arrayofkeypads
                0x0000000000800097       0x20 load address 0x0000000000001469
 .data.HKEYPAD_arrayofkeypads
                0x0000000000800097       0x20 HAL/HKEYPAD/HKEYPAD_CONFIG.o
                0x0000000000800097                HKEYPAD_arrayofkeypads

.data.keypad    0x00000000008000b7       0x10 load address 0x0000000000001489
 .data.keypad   0x00000000008000b7       0x10 HAL/HKEYPAD/HKEYPAD_PROGRAM.o
                0x00000000008000b7                keypad

.data.set_admin_pass
                0x00000000008000c7       0x10 load address 0x0000000000001499
 .data.set_admin_pass
                0x00000000008000c7       0x10 main.o
                0x00000000008000c7                set_admin_pass

.data.error_message
                0x00000000008000d7        0xf load address 0x00000000000014a9
 .data.error_message
                0x00000000008000d7        0xf main.o
                0x00000000008000d7                error_message

.data.choose    0x00000000008000e6        0xd load address 0x00000000000014b8
 .data.choose   0x00000000008000e6        0xd main.o
                0x00000000008000e6                choose

.data.choose_op_level
                0x00000000008000f3        0xb load address 0x00000000000014c5
 .data.choose_op_level
                0x00000000008000f3        0xb main.o
                0x00000000008000f3                choose_op_level

.data.enter_password_message
                0x00000000008000fe        0xa load address 0x00000000000014d0
 .data.enter_password_message
                0x00000000008000fe        0xa main.o
                0x00000000008000fe                enter_password_message

.data.status    0x0000000000800108        0x8 load address 0x00000000000014da
 .data.status   0x0000000000800108        0x8 main.o
                0x0000000000800108                status

.data.right_pass
                0x0000000000800110        0x8 load address 0x00000000000014e2
 .data.right_pass
                0x0000000000800110        0x8 main.o
                0x0000000000800110                right_pass

.data.off       0x000000000080011e        0x4 load address 0x00000000000014ea
 .data.off      0x000000000080011e        0x4 main.o
                0x000000000080011e                off

.data.SCK_PIN   0x0000000000800126        0x4 load address 0x00000000000014ee
 .data.SCK_PIN  0x0000000000800126        0x4 MCAL/MSPI/MSPI_PROGRAM.o
                0x0000000000800126                SCK_PIN

.data.MISO_PIN  0x000000000080012a        0x4 load address 0x00000000000014f2
 .data.MISO_PIN
                0x000000000080012a        0x4 MCAL/MSPI/MSPI_PROGRAM.o
                0x000000000080012a                MISO_PIN

.data.MOSI_PIN  0x000000000080012e        0x4 load address 0x00000000000014f6
 .data.MOSI_PIN
                0x000000000080012e        0x4 MCAL/MSPI/MSPI_PROGRAM.o
                0x000000000080012e                MOSI_PIN

.data.SS_PIN    0x0000000000800132        0x4 load address 0x00000000000014fa
 .data.SS_PIN   0x0000000000800132        0x4 MCAL/MSPI/MSPI_PROGRAM.o
                0x0000000000800132                SS_PIN

.data.on        0x0000000000800136        0x3 load address 0x00000000000014fe
 .data.on       0x0000000000800136        0x3 main.o
                0x0000000000800136                on

.data.value_in_keypad
                0x0000000000800144        0x1 load address 0x0000000000001501
 .data.value_in_keypad
                0x0000000000800144        0x1 main.o
                0x0000000000800144                value_in_keypad
